2026-08-24 09:48:59 [TestNG-test-Release 1.0 Testing for AE-2] INFO  [qa] [Test_AE9_TC13_Verify_Subscription_Home_Page_chrome_21] framework.listeners.TestListener - --- STARTING TEST : AddToCartTests#Test_AE9_TC13_Verify_Subscription_Home_Page on chrome [thread-21] ---
2026-08-24 09:48:59 [TestNG-test-Release 1.0 Testing for AE-2] INFO  [qa] [Test_AE9_TC13_Verify_Subscription_Home_Page_chrome_21] test.ae.AddToCartTests - Running:Step-1
2026-08-24 09:49:04 [TestNG-test-Release 1.0 Testing for AE-2] INFO  [qa] [Test_AE9_TC13_Verify_Subscription_Home_Page_chrome_21] framework.listeners.TestListener - TEST FAILED: Test_AE9_TC13_Verify_Subscription_Home_Page
2026-08-24 09:49:04 [TestNG-test-Release 1.0 Testing for AE-2] ERROR [qa] [Test_AE9_TC13_Verify_Subscription_Home_Page_chrome_21] framework.listeners.TestListener - Failure Reason: org.opentest4j.AssertionFailedError: Page title expected to match regex
Expected: Automation Exercise
Received: One moment, please...

Call log:
  - Assert "hasTitle" with timeout 5000ms
    9 × unexpected value "One moment, please..."
2026-08-24 09:49:04 [TestNG-test-Release 1.0 Testing for AE-2] ERROR [qa] [Test_AE9_TC13_Verify_Subscription_Home_Page_chrome_21] io.qameta.allure.AllureLifecycle - Could not add attachment: no test is running
2026-08-24 09:49:04 [TestNG-test-Release 1.0 Testing for AE-2] ERROR [qa] [Test_AE9_TC13_Verify_Subscription_Home_Page_chrome_21] io.qameta.allure.AllureLifecycle - Could not start step: no test case running
2026-08-24 09:49:04 [TestNG-test-Release 1.0 Testing for AE-2] ERROR [qa] [Test_AE9_TC13_Verify_Subscription_Home_Page_chrome_21] io.qameta.allure.AllureLifecycle - Could not stop step: step with uuid 8034aed2-62a2-4315-955c-2a6ac6369524 not found
2026-08-24 09:49:04 [TestNG-test-Release 1.0 Testing for AE-2] INFO  [qa] [Test_AE9_TC13_Verify_Subscription_Home_Page_chrome_21] framework.listeners.TestListener - Screenshot attached: FAILURE Screenshot:
2026-08-24 09:49:04 [TestNG-test-Release 1.0 Testing for AE-2] INFO  [qa] [Test_AE9_TC13_Verify_Subscription_Home_Page_chrome_21] test.ae.AddToCartTests - Trace stopped for: Test_AE9_TC13_Verify_Subscription_Home_Page
2026-08-24 09:49:05 [TestNG-test-Release 1.0 Testing for AE-2] INFO  [qa] [Test_AE9_TC13_Verify_Subscription_Home_Page_chrome_21] framework.drivers.DriverManager - Browser closed successfully.
2026-08-24 09:49:05 [TestNG-test-Release 1.0 Testing for AE-2] INFO  [qa] [Test_AE9_TC13_Verify_Subscription_Home_Page_chrome_21] test.ae.AddToCartTests - Driver shutdown successful.
2026-08-24 09:49:05 [TestNG-test-Release 1.0 Testing for AE-2] INFO  [qa] [Test_AE9_TC13_Verify_Subscription_Home_Page_chrome_21] reporting.ReportManager - ✅ Attachment added to Allure: 🎭 Playwright Trace — Test_AE9_TC13_Verify_Subscription_Home_Page
2026-08-24 09:49:05 [TestNG-test-Release 1.0 Testing for AE-2] INFO  [qa] [Test_AE9_TC13_Verify_Subscription_Home_Page_chrome_21] test.ae.AddToCartTests - Trace attached for: Test_AE9_TC13_Verify_Subscription_Home_Page
2026-08-24 09:49:05 [TestNG-test-Release 1.0 Testing for AE-2] INFO  [qa] [Test_AE9_TC13_Verify_Subscription_Home_Page_chrome_21] test.ae.AddToCartTests - trace temp file deleted from disk.
2026-08-24 09:49:05 [TestNG-test-Release 1.0 Testing for AE-2] INFO  [qa] [Test_AE9_TC13_Verify_Subscription_Home_Page_chrome_21] reporting.ReportManager - ✅ Attachment added to Allure: 🎬 Test Video — Test_AE9_TC13_Verify_Subscription_Home_Page
2026-08-24 09:49:05 [TestNG-test-Release 1.0 Testing for AE-2] INFO  [qa] [Test_AE9_TC13_Verify_Subscription_Home_Page_chrome_21] test.ae.AddToCartTests - Video attached for: Test_AE9_TC13_Verify_Subscription_Home_Page
2026-08-24 09:49:05 [TestNG-test-Release 1.0 Testing for AE-2] INFO  [qa] [Test_AE9_TC13_Verify_Subscription_Home_Page_chrome_21] test.ae.AddToCartTests - video temp file deleted from disk.
