2026-08-24 09:57:38 [TestNG-test-Release 1.0 Testing for AE-1] INFO  [qa] [Test_AE10_TC16_Verify_Place_Order_LoggedIn_Before_Checkout_chrome_29] framework.listeners.TestListener - --- STARTING TEST : PlaceOrderTests#Test_AE10_TC16_Verify_Place_Order_LoggedIn_Before_Checkout on chrome [thread-29] ---
2026-08-24 09:57:38 [TestNG-test-Release 1.0 Testing for AE-1] INFO  [qa] [Test_AE10_TC16_Verify_Place_Order_LoggedIn_Before_Checkout_chrome_29] test.ae.PlaceOrderTests - Running:Step-1
2026-08-24 09:57:39 [TestNG-test-Release 1.0 Testing for AE-1] INFO  [qa] [Test_AE10_TC16_Verify_Place_Order_LoggedIn_Before_Checkout_chrome_29] test.ae.PlaceOrderTests - Running:Step-1.1 >>>> Pre-Data set up for account login
2026-08-24 09:57:50 [TestNG-test-Release 1.0 Testing for AE-1] INFO  [qa] [Test_AE10_TC16_Verify_Place_Order_LoggedIn_Before_Checkout_chrome_29] pages.ae.SignupDetailPage - Checkbox: 'Newsletter' is set to: true
2026-08-24 09:57:51 [TestNG-test-Release 1.0 Testing for AE-1] INFO  [qa] [Test_AE10_TC16_Verify_Place_Order_LoggedIn_Before_Checkout_chrome_29] pages.ae.SignupDetailPage - Checkbox: 'Special Offers' is set to: true
2026-08-24 09:57:51 [TestNG-test-Release 1.0 Testing for AE-1] ERROR [qa] [Test_AE10_TC16_Verify_Place_Order_LoggedIn_Before_Checkout_chrome_29] io.qameta.allure.util.NamingUtils - Could not process empty pattern
2026-08-24 09:57:51 [TestNG-test-Release 1.0 Testing for AE-1] ERROR [qa] [Test_AE10_TC16_Verify_Place_Order_LoggedIn_Before_Checkout_chrome_29] io.qameta.allure.util.NamingUtils - Could not process empty pattern
2026-08-24 09:57:59 [TestNG-test-Release 1.0 Testing for AE-1] ERROR [qa] [Test_AE10_TC16_Verify_Place_Order_LoggedIn_Before_Checkout_chrome_29] io.qameta.allure.util.NamingUtils - Could not find parameter zipcpde
2026-08-24 09:58:06 [TestNG-test-Release 1.0 Testing for AE-1] INFO  [qa] [Test_AE10_TC16_Verify_Place_Order_LoggedIn_Before_Checkout_chrome_29] test.ae.PlaceOrderTests - Running:Step-2
2026-08-24 09:58:11 [TestNG-test-Release 1.0 Testing for AE-1] INFO  [qa] [Test_AE10_TC16_Verify_Place_Order_LoggedIn_Before_Checkout_chrome_29] test.ae.PlaceOrderTests - Running:Step-3
2026-08-24 09:58:12 [TestNG-test-Release 1.0 Testing for AE-1] INFO  [qa] [Test_AE10_TC16_Verify_Place_Order_LoggedIn_Before_Checkout_chrome_29] pages.ae.HomePage - Navigating to Products
2026-08-24 09:58:12 [TestNG-test-Release 1.0 Testing for AE-1] WARN  [qa] [Test_AE10_TC16_Verify_Place_Order_LoggedIn_Before_Checkout_chrome_29] pages.ae.ProductsPage - Multiple matching products found for - Sleeveless, hence choosing the first match found.
2026-08-24 09:58:15 [TestNG-test-Release 1.0 Testing for AE-1] INFO  [qa] [Test_AE10_TC16_Verify_Place_Order_LoggedIn_Before_Checkout_chrome_29] pages.ae.ProductsPage - 
---------------------------------------------------
Product 1 Added To Cart
Name  : Sleeveless Dress
Price : 1000
------------------------xxxx-----------------------

2026-08-24 09:58:15 [TestNG-test-Release 1.0 Testing for AE-1] WARN  [qa] [Test_AE10_TC16_Verify_Place_Order_LoggedIn_Before_Checkout_chrome_29] pages.ae.ProductsPage - Multiple matching products found for - Unicorn, hence choosing the first match found.
2026-08-24 09:58:18 [TestNG-test-Release 1.0 Testing for AE-1] INFO  [qa] [Test_AE10_TC16_Verify_Place_Order_LoggedIn_Before_Checkout_chrome_29] pages.ae.ProductsPage - 
---------------------------------------------------
Product 2 Added To Cart
Name  : Sleeveless Unicorn Patch Gown - Pink
Price : 1050
------------------------xxxx-----------------------

2026-08-24 09:58:22 [TestNG-test-Release 1.0 Testing for AE-1] INFO  [qa] [Test_AE10_TC16_Verify_Place_Order_LoggedIn_Before_Checkout_chrome_29] pages.ae.ProductsPage - 
---------------------------------------------------
Product 3 Added To Cart
Name  : Winter Top
Price : 600
------------------------xxxx-----------------------

2026-08-24 09:58:25 [TestNG-test-Release 1.0 Testing for AE-1] INFO  [qa] [Test_AE10_TC16_Verify_Place_Order_LoggedIn_Before_Checkout_chrome_29] pages.ae.ProductsPage - 
---------------------------------------------------
Product 4 Added To Cart
Name  : Little Girls Mr. Panda Shirt
Price : 1200
------------------------xxxx-----------------------

2026-08-24 09:58:25 [TestNG-test-Release 1.0 Testing for AE-1] INFO  [qa] [Test_AE10_TC16_Verify_Place_Order_LoggedIn_Before_Checkout_chrome_29] test.ae.PlaceOrderTests - Running:Step-4
2026-08-24 09:58:26 [TestNG-test-Release 1.0 Testing for AE-1] INFO  [qa] [Test_AE10_TC16_Verify_Place_Order_LoggedIn_Before_Checkout_chrome_29] pages.ae.HomePage - Navigating to Cart
2026-08-24 09:58:28 [TestNG-test-Release 1.0 Testing for AE-1] INFO  [qa] [Test_AE10_TC16_Verify_Place_Order_LoggedIn_Before_Checkout_chrome_29] test.ae.PlaceOrderTests - Running:Step-5.1
2026-08-24 09:58:28 [TestNG-test-Release 1.0 Testing for AE-1] INFO  [qa] [Test_AE10_TC16_Verify_Place_Order_LoggedIn_Before_Checkout_chrome_29] pages.ae.CheckOutPage - 
-------------------------------------------------------------------------
               DELIVERY ADDRESS ON CHECKOUT
-------------------------------------------------------------------------
Title Fullname  : Mrs. Craig Mosciski
Company Name    : O'Kon Group
Address Line1   : 243 Joey Island
Address Line2   : Suite 633
Address Line3   : North Caroll West Virginia 312701
Country         : Israel
Phone           : 3745263851
-------------------------------------------------------------------------

2026-08-24 09:58:28 [TestNG-test-Release 1.0 Testing for AE-1] INFO  [qa] [Test_AE10_TC16_Verify_Place_Order_LoggedIn_Before_Checkout_chrome_29] pages.ae.CheckOutPage - 
-------------------------------------------------------------------------
               INVOICE ADDRESS ON CHECKOUT
-------------------------------------------------------------------------
Title Fullname  : Mrs. Craig Mosciski
Company Name    : O'Kon Group
Address Line1   : 243 Joey Island
Address Line2   : Suite 633
Address Line3   : North Caroll West Virginia 312701
Country         : Israel
Phone           : 3745263851
--------------------------------------------------------------------------

2026-08-24 09:58:28 [TestNG-test-Release 1.0 Testing for AE-1] INFO  [qa] [Test_AE10_TC16_Verify_Place_Order_LoggedIn_Before_Checkout_chrome_29] test.ae.PlaceOrderTests - Running:Step-5.2
2026-08-24 09:58:28 [TestNG-test-Release 1.0 Testing for AE-1] INFO  [qa] [Test_AE10_TC16_Verify_Place_Order_LoggedIn_Before_Checkout_chrome_29] pages.ae.CheckOutPage - 
				PRODUCT-1 DETAILS FROM CART
---------------------------------------------------
Name        : Sleeveless Dress
Category    : Women
SubCategory : Dress
Price       : 1000
Quantity    : 1
Total       : 1000
----------------------------------------------------


2026-08-24 09:58:28 [TestNG-test-Release 1.0 Testing for AE-1] INFO  [qa] [Test_AE10_TC16_Verify_Place_Order_LoggedIn_Before_Checkout_chrome_29] pages.ae.CheckOutPage - 
				PRODUCT-2 DETAILS FROM CART
---------------------------------------------------
Name        : Sleeveless Unicorn Patch Gown - Pink
Category    : Kids
SubCategory : Dress
Price       : 1050
Quantity    : 1
Total       : 1050
----------------------------------------------------


2026-08-24 09:58:28 [TestNG-test-Release 1.0 Testing for AE-1] INFO  [qa] [Test_AE10_TC16_Verify_Place_Order_LoggedIn_Before_Checkout_chrome_29] pages.ae.CheckOutPage - 
				PRODUCT-3 DETAILS FROM CART
---------------------------------------------------
Name        : Winter Top
Category    : Women
SubCategory : Tops
Price       : 600
Quantity    : 1
Total       : 600
----------------------------------------------------


2026-08-24 09:58:28 [TestNG-test-Release 1.0 Testing for AE-1] INFO  [qa] [Test_AE10_TC16_Verify_Place_Order_LoggedIn_Before_Checkout_chrome_29] pages.ae.CheckOutPage - 
				PRODUCT-4 DETAILS FROM CART
---------------------------------------------------
Name        : Little Girls Mr. Panda Shirt
Category    : Kids
SubCategory : Tops & Shirts
Price       : 1200
Quantity    : 1
Total       : 1200
----------------------------------------------------


2026-08-24 09:58:28 [TestNG-test-Release 1.0 Testing for AE-1] INFO  [qa] [Test_AE10_TC16_Verify_Place_Order_LoggedIn_Before_Checkout_chrome_29] pages.ae.CheckOutPage - 
				CART SUMMARY
---------------------------------------------------
Total of <4> Product/s are Added To Cart
Cart Total Price is '3850'
----------------------------------------------------


2026-08-24 09:58:28 [TestNG-test-Release 1.0 Testing for AE-1] INFO  [qa] [Test_AE10_TC16_Verify_Place_Order_LoggedIn_Before_Checkout_chrome_29] test.ae.PlaceOrderTests - The expected cart total: 3850
2026-08-24 09:58:28 [TestNG-test-Release 1.0 Testing for AE-1] INFO  [qa] [Test_AE10_TC16_Verify_Place_Order_LoggedIn_Before_Checkout_chrome_29] test.ae.PlaceOrderTests - Running:Step-7
2026-08-24 09:58:31 [TestNG-test-Release 1.0 Testing for AE-1] INFO  [qa] [Test_AE10_TC16_Verify_Place_Order_LoggedIn_Before_Checkout_chrome_29] test.ae.PlaceOrderTests - Running:Step-8
2026-08-24 09:58:36 [TestNG-test-Release 1.0 Testing for AE-1] INFO  [qa] [Test_AE10_TC16_Verify_Place_Order_LoggedIn_Before_Checkout_chrome_29] test.ae.PlaceOrderTests - Running:Step-9
2026-08-24 09:58:38 [TestNG-test-Release 1.0 Testing for AE-1] INFO  [qa] [Test_AE10_TC16_Verify_Place_Order_LoggedIn_Before_Checkout_chrome_29] test.ae.PlaceOrderTests - Running:Step-10
2026-08-24 09:58:38 [TestNG-test-Release 1.0 Testing for AE-1] INFO  [qa] [Test_AE10_TC16_Verify_Place_Order_LoggedIn_Before_Checkout_chrome_29] test.ae.PlaceOrderTests - Running:Step-11 >>>> Cleanup
2026-08-24 09:58:41 [TestNG-test-Release 1.0 Testing for AE-1] INFO  [qa] [Test_AE10_TC16_Verify_Place_Order_LoggedIn_Before_Checkout_chrome_29] framework.listeners.TestListener - TEST PASSED: Test_AE10_TC16_Verify_Place_Order_LoggedIn_Before_Checkout
2026-08-24 09:58:42 [TestNG-test-Release 1.0 Testing for AE-1] ERROR [qa] [Test_AE10_TC16_Verify_Place_Order_LoggedIn_Before_Checkout_chrome_29] io.qameta.allure.AllureLifecycle - Could not add attachment: no test is running
2026-08-24 09:58:42 [TestNG-test-Release 1.0 Testing for AE-1] INFO  [qa] [Test_AE10_TC16_Verify_Place_Order_LoggedIn_Before_Checkout_chrome_29] framework.listeners.TestListener - Screenshot attached: PASSED Screenshot:
2026-08-24 09:58:43 [TestNG-test-Release 1.0 Testing for AE-1] INFO  [qa] [Test_AE10_TC16_Verify_Place_Order_LoggedIn_Before_Checkout_chrome_29] test.ae.PlaceOrderTests - Trace stopped for: Test_AE10_TC16_Verify_Place_Order_LoggedIn_Before_Checkout
2026-08-24 09:58:44 [TestNG-test-Release 1.0 Testing for AE-1] INFO  [qa] [Test_AE10_TC16_Verify_Place_Order_LoggedIn_Before_Checkout_chrome_29] framework.drivers.DriverManager - Browser closed successfully.
2026-08-24 09:58:44 [TestNG-test-Release 1.0 Testing for AE-1] INFO  [qa] [Test_AE10_TC16_Verify_Place_Order_LoggedIn_Before_Checkout_chrome_29] test.ae.PlaceOrderTests - Driver shutdown successful.
2026-08-24 09:58:44 [TestNG-test-Release 1.0 Testing for AE-1] INFO  [qa] [Test_AE10_TC16_Verify_Place_Order_LoggedIn_Before_Checkout_chrome_29] reporting.ReportManager - ✅ Attachment added to Allure: 🎭 Playwright Trace — Test_AE10_TC16_Verify_Place_Order_LoggedIn_Before_Checkout
2026-08-24 09:58:44 [TestNG-test-Release 1.0 Testing for AE-1] INFO  [qa] [Test_AE10_TC16_Verify_Place_Order_LoggedIn_Before_Checkout_chrome_29] test.ae.PlaceOrderTests - Trace attached for: Test_AE10_TC16_Verify_Place_Order_LoggedIn_Before_Checkout
2026-08-24 09:58:44 [TestNG-test-Release 1.0 Testing for AE-1] INFO  [qa] [Test_AE10_TC16_Verify_Place_Order_LoggedIn_Before_Checkout_chrome_29] test.ae.PlaceOrderTests - trace temp file deleted from disk.
2026-08-24 09:58:44 [TestNG-test-Release 1.0 Testing for AE-1] INFO  [qa] [Test_AE10_TC16_Verify_Place_Order_LoggedIn_Before_Checkout_chrome_29] reporting.ReportManager - ✅ Attachment added to Allure: 🎬 Test Video — Test_AE10_TC16_Verify_Place_Order_LoggedIn_Before_Checkout
2026-08-24 09:58:44 [TestNG-test-Release 1.0 Testing for AE-1] INFO  [qa] [Test_AE10_TC16_Verify_Place_Order_LoggedIn_Before_Checkout_chrome_29] test.ae.PlaceOrderTests - Video attached for: Test_AE10_TC16_Verify_Place_Order_LoggedIn_Before_Checkout
2026-08-24 09:58:44 [TestNG-test-Release 1.0 Testing for AE-1] INFO  [qa] [Test_AE10_TC16_Verify_Place_Order_LoggedIn_Before_Checkout_chrome_29] test.ae.PlaceOrderTests - video temp file deleted from disk.
