2026-09-21 15:44:51 [TestNG-test-Release 1.0 Testing for AE-4] INFO  [qa] [Test_AE9_TC20_Verify_Cart_On_Login_chrome_23] framework.listeners.TestListener - --- STARTING TEST : AddToCartTests#Test_AE9_TC20_Verify_Cart_On_Login on chrome [thread-23] ---
2026-09-21 15:44:51 [TestNG-test-Release 1.0 Testing for AE-4] INFO  [qa] [Test_AE9_TC20_Verify_Cart_On_Login_chrome_23] test.ae.AddToCartTests - Running:Step-1
2026-09-21 15:44:52 [TestNG-test-Release 1.0 Testing for AE-4] INFO  [qa] [Test_AE9_TC20_Verify_Cart_On_Login_chrome_23] test.ae.AddToCartTests - Running:Step-2
2026-09-21 15:44:53 [TestNG-test-Release 1.0 Testing for AE-4] INFO  [qa] [Test_AE9_TC20_Verify_Cart_On_Login_chrome_23] pages.ae.HomePage - Navigating to Products
2026-09-21 15:44:55 [TestNG-test-Release 1.0 Testing for AE-4] INFO  [qa] [Test_AE9_TC20_Verify_Cart_On_Login_chrome_23] pages.ae.ProductsPage - The searched product - Sleeveless has found 3 matching products.
2026-09-21 15:44:55 [TestNG-test-Release 1.0 Testing for AE-4] INFO  [qa] [Test_AE9_TC20_Verify_Cart_On_Login_chrome_23] pages.ae.ProductsPage - 
   Search List of Products
------------------------------
Sleeveless Dress, Sleeveless Unicorn Patch Gown - Pink, Sleeveless Unicorn Print Fit & Flare Net Dress - Multi
------------------------------

2026-09-21 15:44:55 [TestNG-test-Release 1.0 Testing for AE-4] INFO  [qa] [Test_AE9_TC20_Verify_Cart_On_Login_chrome_23] test.ae.AddToCartTests - Running:Step-3
2026-09-21 15:44:55 [TestNG-test-Release 1.0 Testing for AE-4] INFO  [qa] [Test_AE9_TC20_Verify_Cart_On_Login_chrome_23] pages.ae.ProductsPage - Total Products displayed on screen - 3
2026-09-21 15:44:57 [TestNG-test-Release 1.0 Testing for AE-4] INFO  [qa] [Test_AE9_TC20_Verify_Cart_On_Login_chrome_23] pages.ae.ProductsPage - 
---------------------------------------------------
Product 0: Sleeveless Dress Added To Cart with Price 1000
----------------------------------------------------


2026-09-21 15:45:01 [TestNG-test-Release 1.0 Testing for AE-4] INFO  [qa] [Test_AE9_TC20_Verify_Cart_On_Login_chrome_23] pages.ae.ProductsPage - 
---------------------------------------------------
Product 1: Sleeveless Unicorn Patch Gown - Pink Added To Cart with Price 1050
----------------------------------------------------


2026-09-21 15:45:04 [TestNG-test-Release 1.0 Testing for AE-4] INFO  [qa] [Test_AE9_TC20_Verify_Cart_On_Login_chrome_23] pages.ae.ProductsPage - 
---------------------------------------------------
Product 2: Sleeveless Unicorn Print Fit & Flare Net Dress - Multi Added To Cart with Price 1100
----------------------------------------------------


2026-09-21 15:45:05 [TestNG-test-Release 1.0 Testing for AE-4] INFO  [qa] [Test_AE9_TC20_Verify_Cart_On_Login_chrome_23] pages.ae.ProductsPage - Total Products added to cart - 3
2026-09-21 15:45:05 [TestNG-test-Release 1.0 Testing for AE-4] INFO  [qa] [Test_AE9_TC20_Verify_Cart_On_Login_chrome_23] pages.ae.CartPage - 
---------------------------------------------------
Product Sleeveless Dress is Visible on Cart
----------------------------------------------------


2026-09-21 15:45:05 [TestNG-test-Release 1.0 Testing for AE-4] INFO  [qa] [Test_AE9_TC20_Verify_Cart_On_Login_chrome_23] pages.ae.CartPage - 
---------------------------------------------------
Product Sleeveless Unicorn Patch Gown - Pink is Visible on Cart
----------------------------------------------------


2026-09-21 15:45:05 [TestNG-test-Release 1.0 Testing for AE-4] INFO  [qa] [Test_AE9_TC20_Verify_Cart_On_Login_chrome_23] pages.ae.CartPage - 
---------------------------------------------------
Product Sleeveless Unicorn Print Fit & Flare Net Dress - Multi is Visible on Cart
----------------------------------------------------


2026-09-21 15:45:05 [TestNG-test-Release 1.0 Testing for AE-4] INFO  [qa] [Test_AE9_TC20_Verify_Cart_On_Login_chrome_23] test.ae.AddToCartTests - Running:Step-4
2026-09-21 15:45:11 [TestNG-test-Release 1.0 Testing for AE-4] INFO  [qa] [Test_AE9_TC20_Verify_Cart_On_Login_chrome_23] pages.ae.HomePage - Navigating to Cart
2026-09-21 15:45:11 [TestNG-test-Release 1.0 Testing for AE-4] INFO  [qa] [Test_AE9_TC20_Verify_Cart_On_Login_chrome_23] pages.ae.CartPage - 
---------------------------------------------------
Product Sleeveless Dress is Visible on Cart
----------------------------------------------------


2026-09-21 15:45:11 [TestNG-test-Release 1.0 Testing for AE-4] INFO  [qa] [Test_AE9_TC20_Verify_Cart_On_Login_chrome_23] pages.ae.CartPage - 
---------------------------------------------------
Product Sleeveless Unicorn Patch Gown - Pink is Visible on Cart
----------------------------------------------------


2026-09-21 15:45:11 [TestNG-test-Release 1.0 Testing for AE-4] INFO  [qa] [Test_AE9_TC20_Verify_Cart_On_Login_chrome_23] pages.ae.CartPage - 
---------------------------------------------------
Product Sleeveless Unicorn Print Fit & Flare Net Dress - Multi is Visible on Cart
----------------------------------------------------


2026-09-21 15:45:11 [TestNG-test-Release 1.0 Testing for AE-4] INFO  [qa] [Test_AE9_TC20_Verify_Cart_On_Login_chrome_23] framework.listeners.TestListener - TEST PASSED: Test_AE9_TC20_Verify_Cart_On_Login
2026-09-21 15:45:12 [TestNG-test-Release 1.0 Testing for AE-4] ERROR [qa] [Test_AE9_TC20_Verify_Cart_On_Login_chrome_23] io.qameta.allure.AllureLifecycle - Could not add attachment: no test is running
2026-09-21 15:45:12 [TestNG-test-Release 1.0 Testing for AE-4] INFO  [qa] [Test_AE9_TC20_Verify_Cart_On_Login_chrome_23] framework.listeners.TestListener - Screenshot attached: PASSED Screenshot:
2026-09-21 15:45:12 [TestNG-test-Release 1.0 Testing for AE-4] INFO  [qa] [Test_AE9_TC20_Verify_Cart_On_Login_chrome_23] test.ae.AddToCartTests - Trace stopped for: Test_AE9_TC20_Verify_Cart_On_Login
2026-09-21 15:45:13 [TestNG-test-Release 1.0 Testing for AE-4] INFO  [qa] [Test_AE9_TC20_Verify_Cart_On_Login_chrome_23] framework.drivers.DriverManager - Browser closed successfully.
2026-09-21 15:45:13 [TestNG-test-Release 1.0 Testing for AE-4] INFO  [qa] [Test_AE9_TC20_Verify_Cart_On_Login_chrome_23] test.ae.AddToCartTests - Driver shutdown successful.
2026-09-21 15:45:13 [TestNG-test-Release 1.0 Testing for AE-4] INFO  [qa] [Test_AE9_TC20_Verify_Cart_On_Login_chrome_23] reporting.ReportManager - ✅ Attachment added to Allure: 🎭 Playwright Trace — Test_AE9_TC20_Verify_Cart_On_Login
2026-09-21 15:45:13 [TestNG-test-Release 1.0 Testing for AE-4] INFO  [qa] [Test_AE9_TC20_Verify_Cart_On_Login_chrome_23] test.ae.AddToCartTests - Trace attached for: Test_AE9_TC20_Verify_Cart_On_Login
2026-09-21 15:45:13 [TestNG-test-Release 1.0 Testing for AE-4] INFO  [qa] [Test_AE9_TC20_Verify_Cart_On_Login_chrome_23] test.ae.AddToCartTests - trace temp file deleted from disk.
2026-09-21 15:45:13 [TestNG-test-Release 1.0 Testing for AE-4] INFO  [qa] [Test_AE9_TC20_Verify_Cart_On_Login_chrome_23] reporting.ReportManager - ✅ Attachment added to Allure: 🎬 Test Video — Test_AE9_TC20_Verify_Cart_On_Login
2026-09-21 15:45:13 [TestNG-test-Release 1.0 Testing for AE-4] INFO  [qa] [Test_AE9_TC20_Verify_Cart_On_Login_chrome_23] test.ae.AddToCartTests - Video attached for: Test_AE9_TC20_Verify_Cart_On_Login
2026-09-21 15:45:13 [TestNG-test-Release 1.0 Testing for AE-4] INFO  [qa] [Test_AE9_TC20_Verify_Cart_On_Login_chrome_23] test.ae.AddToCartTests - video temp file deleted from disk.
