2026-08-31 16:59:22 [TestNG-test-Release 1.0 Testing for AE-2] INFO  [qa] [Test_AE10_TC15_Verify_Place_Order_For_Customer_Registered_Before_Checkout_chrome_30] framework.listeners.TestListener - --- STARTING TEST : PlaceOrderTests#Test_AE10_TC15_Verify_Place_Order_For_Customer_Registered_Before_Checkout on chrome [thread-30] ---
2026-08-31 16:59:22 [TestNG-test-Release 1.0 Testing for AE-2] INFO  [qa] [Test_AE10_TC15_Verify_Place_Order_For_Customer_Registered_Before_Checkout_chrome_30] test.ae.PlaceOrderTests - Running:Step-1
2026-08-31 16:59:23 [TestNG-test-Release 1.0 Testing for AE-2] INFO  [qa] [Test_AE10_TC15_Verify_Place_Order_For_Customer_Registered_Before_Checkout_chrome_30] test.ae.PlaceOrderTests - Running:Step-2
2026-08-31 16:59:33 [TestNG-test-Release 1.0 Testing for AE-2] INFO  [qa] [Test_AE10_TC15_Verify_Place_Order_For_Customer_Registered_Before_Checkout_chrome_30] pages.ae.SignupDetailPage - Checkbox: 'Newsletter' is set to: false
2026-08-31 16:59:33 [TestNG-test-Release 1.0 Testing for AE-2] INFO  [qa] [Test_AE10_TC15_Verify_Place_Order_For_Customer_Registered_Before_Checkout_chrome_30] pages.ae.SignupDetailPage - Checkbox: 'Special Offers' is set to: false
2026-08-31 16:59:33 [TestNG-test-Release 1.0 Testing for AE-2] ERROR [qa] [Test_AE10_TC15_Verify_Place_Order_For_Customer_Registered_Before_Checkout_chrome_30] io.qameta.allure.util.NamingUtils - Could not process empty pattern
2026-08-31 16:59:33 [TestNG-test-Release 1.0 Testing for AE-2] ERROR [qa] [Test_AE10_TC15_Verify_Place_Order_For_Customer_Registered_Before_Checkout_chrome_30] io.qameta.allure.util.NamingUtils - Could not process empty pattern
2026-08-31 16:59:42 [TestNG-test-Release 1.0 Testing for AE-2] ERROR [qa] [Test_AE10_TC15_Verify_Place_Order_For_Customer_Registered_Before_Checkout_chrome_30] io.qameta.allure.util.NamingUtils - Could not find parameter zipcpde
2026-08-31 16:59:47 [TestNG-test-Release 1.0 Testing for AE-2] INFO  [qa] [Test_AE10_TC15_Verify_Place_Order_For_Customer_Registered_Before_Checkout_chrome_30] test.ae.PlaceOrderTests - Running:Step-3
2026-08-31 16:59:48 [TestNG-test-Release 1.0 Testing for AE-2] INFO  [qa] [Test_AE10_TC15_Verify_Place_Order_For_Customer_Registered_Before_Checkout_chrome_30] pages.ae.HomePage - Navigating to Products
2026-08-31 16:59:48 [TestNG-test-Release 1.0 Testing for AE-2] WARN  [qa] [Test_AE10_TC15_Verify_Place_Order_For_Customer_Registered_Before_Checkout_chrome_30] pages.ae.ProductsPage - Multiple matching products found for - Sleeveless, hence choosing the first match found.
2026-08-31 16:59:52 [TestNG-test-Release 1.0 Testing for AE-2] INFO  [qa] [Test_AE10_TC15_Verify_Place_Order_For_Customer_Registered_Before_Checkout_chrome_30] pages.ae.ProductsPage - 
---------------------------------------------------
Product 1 Added To Cart
Name  : Sleeveless Dress
Price : 1000
------------------------xxxx-----------------------

2026-08-31 16:59:52 [TestNG-test-Release 1.0 Testing for AE-2] WARN  [qa] [Test_AE10_TC15_Verify_Place_Order_For_Customer_Registered_Before_Checkout_chrome_30] pages.ae.ProductsPage - Multiple matching products found for - Unicorn, hence choosing the first match found.
2026-08-31 16:59:55 [TestNG-test-Release 1.0 Testing for AE-2] INFO  [qa] [Test_AE10_TC15_Verify_Place_Order_For_Customer_Registered_Before_Checkout_chrome_30] pages.ae.ProductsPage - 
---------------------------------------------------
Product 2 Added To Cart
Name  : Sleeveless Unicorn Patch Gown - Pink
Price : 1050
------------------------xxxx-----------------------

2026-08-31 16:59:58 [TestNG-test-Release 1.0 Testing for AE-2] INFO  [qa] [Test_AE10_TC15_Verify_Place_Order_For_Customer_Registered_Before_Checkout_chrome_30] pages.ae.ProductsPage - 
---------------------------------------------------
Product 3 Added To Cart
Name  : Winter Top
Price : 600
------------------------xxxx-----------------------

2026-08-31 17:00:02 [TestNG-test-Release 1.0 Testing for AE-2] INFO  [qa] [Test_AE10_TC15_Verify_Place_Order_For_Customer_Registered_Before_Checkout_chrome_30] pages.ae.ProductsPage - 
---------------------------------------------------
Product 4 Added To Cart
Name  : Little Girls Mr. Panda Shirt
Price : 1200
------------------------xxxx-----------------------

2026-08-31 17:00:02 [TestNG-test-Release 1.0 Testing for AE-2] INFO  [qa] [Test_AE10_TC15_Verify_Place_Order_For_Customer_Registered_Before_Checkout_chrome_30] test.ae.PlaceOrderTests - Running:Step-4
2026-08-31 17:00:03 [TestNG-test-Release 1.0 Testing for AE-2] INFO  [qa] [Test_AE10_TC15_Verify_Place_Order_For_Customer_Registered_Before_Checkout_chrome_30] pages.ae.HomePage - Navigating to Cart
2026-08-31 17:00:05 [TestNG-test-Release 1.0 Testing for AE-2] INFO  [qa] [Test_AE10_TC15_Verify_Place_Order_For_Customer_Registered_Before_Checkout_chrome_30] test.ae.PlaceOrderTests - Running:Step-5.1
2026-08-31 17:00:05 [TestNG-test-Release 1.0 Testing for AE-2] INFO  [qa] [Test_AE10_TC15_Verify_Place_Order_For_Customer_Registered_Before_Checkout_chrome_30] pages.ae.CheckOutPage - 
-------------------------------------------------------------------------
               DELIVERY ADDRESS ON CHECKOUT
-------------------------------------------------------------------------
Title Fullname  : Mr. Kevin Kunde
Company Name    : Blick-Farrell
Address Line1   : 09268 Kautzer Parks
Address Line2   : Apt. 114
Address Line3   : East Renae Maine 003260
Country         : Canada
Phone           : 9571617453
-------------------------------------------------------------------------

2026-08-31 17:00:05 [TestNG-test-Release 1.0 Testing for AE-2] INFO  [qa] [Test_AE10_TC15_Verify_Place_Order_For_Customer_Registered_Before_Checkout_chrome_30] pages.ae.CheckOutPage - 
-------------------------------------------------------------------------
               INVOICE ADDRESS ON CHECKOUT
-------------------------------------------------------------------------
Title Fullname  : Mr. Kevin Kunde
Company Name    : Blick-Farrell
Address Line1   : 09268 Kautzer Parks
Address Line2   : Apt. 114
Address Line3   : East Renae Maine 003260
Country         : Canada
Phone           : 9571617453
--------------------------------------------------------------------------

2026-08-31 17:00:05 [TestNG-test-Release 1.0 Testing for AE-2] INFO  [qa] [Test_AE10_TC15_Verify_Place_Order_For_Customer_Registered_Before_Checkout_chrome_30] test.ae.PlaceOrderTests - Running:Step-5.2
2026-08-31 17:00:05 [TestNG-test-Release 1.0 Testing for AE-2] INFO  [qa] [Test_AE10_TC15_Verify_Place_Order_For_Customer_Registered_Before_Checkout_chrome_30] pages.ae.CheckOutPage - 
				PRODUCT-1 DETAILS FROM CART
---------------------------------------------------
Name        : Sleeveless Dress
Category    : Women
SubCategory : Dress
Price       : 1000
Quantity    : 1
Total       : 1000
----------------------------------------------------


2026-08-31 17:00:05 [TestNG-test-Release 1.0 Testing for AE-2] INFO  [qa] [Test_AE10_TC15_Verify_Place_Order_For_Customer_Registered_Before_Checkout_chrome_30] pages.ae.CheckOutPage - 
				PRODUCT-2 DETAILS FROM CART
---------------------------------------------------
Name        : Sleeveless Unicorn Patch Gown - Pink
Category    : Kids
SubCategory : Dress
Price       : 1050
Quantity    : 1
Total       : 1050
----------------------------------------------------


2026-08-31 17:00:05 [TestNG-test-Release 1.0 Testing for AE-2] INFO  [qa] [Test_AE10_TC15_Verify_Place_Order_For_Customer_Registered_Before_Checkout_chrome_30] pages.ae.CheckOutPage - 
				PRODUCT-3 DETAILS FROM CART
---------------------------------------------------
Name        : Winter Top
Category    : Women
SubCategory : Tops
Price       : 600
Quantity    : 1
Total       : 600
----------------------------------------------------


2026-08-31 17:00:05 [TestNG-test-Release 1.0 Testing for AE-2] INFO  [qa] [Test_AE10_TC15_Verify_Place_Order_For_Customer_Registered_Before_Checkout_chrome_30] pages.ae.CheckOutPage - 
				PRODUCT-4 DETAILS FROM CART
---------------------------------------------------
Name        : Little Girls Mr. Panda Shirt
Category    : Kids
SubCategory : Tops & Shirts
Price       : 1200
Quantity    : 1
Total       : 1200
----------------------------------------------------


2026-08-31 17:00:05 [TestNG-test-Release 1.0 Testing for AE-2] INFO  [qa] [Test_AE10_TC15_Verify_Place_Order_For_Customer_Registered_Before_Checkout_chrome_30] pages.ae.CheckOutPage - 
				CART SUMMARY
---------------------------------------------------
Total of <4> Product/s are Added To Cart
Cart Total Price is '3850'
----------------------------------------------------


2026-08-31 17:00:05 [TestNG-test-Release 1.0 Testing for AE-2] INFO  [qa] [Test_AE10_TC15_Verify_Place_Order_For_Customer_Registered_Before_Checkout_chrome_30] test.ae.PlaceOrderTests - The expected cart total: 3850
2026-08-31 17:00:05 [TestNG-test-Release 1.0 Testing for AE-2] INFO  [qa] [Test_AE10_TC15_Verify_Place_Order_For_Customer_Registered_Before_Checkout_chrome_30] test.ae.PlaceOrderTests - Running:Step-7
2026-08-31 17:00:08 [TestNG-test-Release 1.0 Testing for AE-2] INFO  [qa] [Test_AE10_TC15_Verify_Place_Order_For_Customer_Registered_Before_Checkout_chrome_30] test.ae.PlaceOrderTests - Running:Step-8
2026-08-31 17:00:13 [TestNG-test-Release 1.0 Testing for AE-2] INFO  [qa] [Test_AE10_TC15_Verify_Place_Order_For_Customer_Registered_Before_Checkout_chrome_30] test.ae.PlaceOrderTests - Running:Step-9
2026-08-31 17:00:16 [TestNG-test-Release 1.0 Testing for AE-2] INFO  [qa] [Test_AE10_TC15_Verify_Place_Order_For_Customer_Registered_Before_Checkout_chrome_30] test.ae.PlaceOrderTests - Running:Step-10
2026-08-31 17:00:16 [TestNG-test-Release 1.0 Testing for AE-2] INFO  [qa] [Test_AE10_TC15_Verify_Place_Order_For_Customer_Registered_Before_Checkout_chrome_30] test.ae.PlaceOrderTests - Running:Step-11 >>>> Cleanup
2026-08-31 17:00:18 [TestNG-test-Release 1.0 Testing for AE-2] INFO  [qa] [Test_AE10_TC15_Verify_Place_Order_For_Customer_Registered_Before_Checkout_chrome_30] framework.listeners.TestListener - TEST PASSED: Test_AE10_TC15_Verify_Place_Order_For_Customer_Registered_Before_Checkout
2026-08-31 17:00:19 [TestNG-test-Release 1.0 Testing for AE-2] ERROR [qa] [Test_AE10_TC15_Verify_Place_Order_For_Customer_Registered_Before_Checkout_chrome_30] io.qameta.allure.AllureLifecycle - Could not add attachment: no test is running
2026-08-31 17:00:19 [TestNG-test-Release 1.0 Testing for AE-2] INFO  [qa] [Test_AE10_TC15_Verify_Place_Order_For_Customer_Registered_Before_Checkout_chrome_30] framework.listeners.TestListener - Screenshot attached: PASSED Screenshot:
2026-08-31 17:00:20 [TestNG-test-Release 1.0 Testing for AE-2] INFO  [qa] [Test_AE10_TC15_Verify_Place_Order_For_Customer_Registered_Before_Checkout_chrome_30] test.ae.PlaceOrderTests - Trace stopped for: Test_AE10_TC15_Verify_Place_Order_For_Customer_Registered_Before_Checkout
2026-08-31 17:00:21 [TestNG-test-Release 1.0 Testing for AE-2] INFO  [qa] [Test_AE10_TC15_Verify_Place_Order_For_Customer_Registered_Before_Checkout_chrome_30] framework.drivers.DriverManager - Browser closed successfully.
2026-08-31 17:00:21 [TestNG-test-Release 1.0 Testing for AE-2] INFO  [qa] [Test_AE10_TC15_Verify_Place_Order_For_Customer_Registered_Before_Checkout_chrome_30] test.ae.PlaceOrderTests - Driver shutdown successful.
2026-08-31 17:00:21 [TestNG-test-Release 1.0 Testing for AE-2] INFO  [qa] [Test_AE10_TC15_Verify_Place_Order_For_Customer_Registered_Before_Checkout_chrome_30] reporting.ReportManager - ✅ Attachment added to Allure: 🎭 Playwright Trace — Test_AE10_TC15_Verify_Place_Order_For_Customer_Registered_Before_Checkout
2026-08-31 17:00:21 [TestNG-test-Release 1.0 Testing for AE-2] INFO  [qa] [Test_AE10_TC15_Verify_Place_Order_For_Customer_Registered_Before_Checkout_chrome_30] test.ae.PlaceOrderTests - Trace attached for: Test_AE10_TC15_Verify_Place_Order_For_Customer_Registered_Before_Checkout
2026-08-31 17:00:21 [TestNG-test-Release 1.0 Testing for AE-2] INFO  [qa] [Test_AE10_TC15_Verify_Place_Order_For_Customer_Registered_Before_Checkout_chrome_30] test.ae.PlaceOrderTests - trace temp file deleted from disk.
2026-08-31 17:00:21 [TestNG-test-Release 1.0 Testing for AE-2] INFO  [qa] [Test_AE10_TC15_Verify_Place_Order_For_Customer_Registered_Before_Checkout_chrome_30] reporting.ReportManager - ✅ Attachment added to Allure: 🎬 Test Video — Test_AE10_TC15_Verify_Place_Order_For_Customer_Registered_Before_Checkout
2026-08-31 17:00:21 [TestNG-test-Release 1.0 Testing for AE-2] INFO  [qa] [Test_AE10_TC15_Verify_Place_Order_For_Customer_Registered_Before_Checkout_chrome_30] test.ae.PlaceOrderTests - Video attached for: Test_AE10_TC15_Verify_Place_Order_For_Customer_Registered_Before_Checkout
2026-08-31 17:00:21 [TestNG-test-Release 1.0 Testing for AE-2] INFO  [qa] [Test_AE10_TC15_Verify_Place_Order_For_Customer_Registered_Before_Checkout_chrome_30] test.ae.PlaceOrderTests - video temp file deleted from disk.
