2026-08-24 09:49:08 [TestNG-test-Release 1.0 Testing for AE-4] INFO  [qa] [Test_AE5_TC19_Verify_Product_Brand_Filtering_chrome_23] framework.listeners.TestListener - --- STARTING TEST : ProductsTests#Test_AE5_TC19_Verify_Product_Brand_Filtering on chrome [thread-23] ---
2026-08-24 09:49:08 [TestNG-test-Release 1.0 Testing for AE-4] INFO  [qa] [Test_AE5_TC19_Verify_Product_Brand_Filtering_chrome_23] test.ae.ProductsTests - Running:Step-1
2026-08-24 09:49:08 [TestNG-test-Release 1.0 Testing for AE-4] INFO  [qa] [Test_AE5_TC19_Verify_Product_Brand_Filtering_chrome_23] test.ae.ProductsTests - Running:Step-2
2026-08-24 09:49:39 [TestNG-test-Release 1.0 Testing for AE-4] ERROR [qa] [Test_AE5_TC19_Verify_Product_Brand_Filtering_chrome_23] framework.listeners.TestListener - ========================================
2026-08-24 09:49:39 [TestNG-test-Release 1.0 Testing for AE-4] ERROR [qa] [Test_AE5_TC19_Verify_Product_Brand_Filtering_chrome_23] framework.listeners.TestListener -          ACTUAL TEST FAILURE            
2026-08-24 09:49:39 [TestNG-test-Release 1.0 Testing for AE-4] ERROR [qa] [Test_AE5_TC19_Verify_Product_Brand_Filtering_chrome_23] framework.listeners.TestListener - ========================================
2026-08-24 09:49:39 [TestNG-test-Release 1.0 Testing for AE-4] ERROR [qa] [Test_AE5_TC19_Verify_Product_Brand_Filtering_chrome_23] framework.listeners.TestListener - Test    : Test_AE5_TC19_Verify_Product_Brand_Filtering
2026-08-24 09:49:39 [TestNG-test-Release 1.0 Testing for AE-4] ERROR [qa] [Test_AE5_TC19_Verify_Product_Brand_Filtering_chrome_23] framework.listeners.TestListener - Cause   : TimeoutError
2026-08-24 09:49:39 [TestNG-test-Release 1.0 Testing for AE-4] ERROR [qa] [Test_AE5_TC19_Verify_Product_Brand_Filtering_chrome_23] framework.listeners.TestListener - Details : 
com.microsoft.playwright.TimeoutError: Error {
  message='Timeout 30000ms exceeded.
  name='TimeoutError
  stack='TimeoutError: Timeout 30000ms exceeded.
    at ProgressController.run (/tmp/playwright-java-7272526717970840119/package/lib/server/progress.js:86:28)
    at FrameDispatcher._runCommand (/tmp/playwright-java-7272526717970840119/package/lib/server/dispatchers/dispatcher.js:91:31)
    at DispatcherConnection.dispatch (/tmp/playwright-java-7272526717970840119/package/lib/server/dispatchers/dispatcher.js:325:39)
}
Call log:
-   - waiting for locator("ul[class*='navbar'] a").filter(new Locator.FilterOptions().setHasText("Products"))
-     - waiting for" https://automationexercise.com/" navigation to finish...
-     - navigated to "https://automationexercise.com/"

	at com.microsoft.playwright.impl.WaitableResult.get(WaitableResult.java:52)
	at com.microsoft.playwright.impl.ChannelOwner.runUntil(ChannelOwner.java:138)
	at com.microsoft.playwright.impl.Connection.sendMessage(Connection.java:131)
	at com.microsoft.playwright.impl.ChannelOwner.sendMessage(ChannelOwner.java:124)
	at com.microsoft.playwright.impl.FrameImpl.clickImpl(FrameImpl.java:244)
	at com.microsoft.playwright.impl.LocatorImpl.click(LocatorImpl.java:164)
	at com.microsoft.playwright.Locator.click(Locator.java:2543)
	at pages.ae.HomePage.clickMenu(HomePage.java:69)
	at test.ae.ProductsTests.Test_AE5_TC19_Verify_Product_Brand_Filtering(ProductsTests.java:113)
	at java.base/jdk.internal.reflect.NativeMethodAccessorImpl.invoke0(Native Method)
	at java.base/jdk.internal.reflect.NativeMethodAccessorImpl.invoke(NativeMethodAccessorImpl.java:77)
	at java.base/jdk.internal.reflect.DelegatingMethodAccessorImpl.invoke(DelegatingMethodAccessorImpl.java:43)
	at java.base/java.lang.reflect.Method.invoke(Method.java:569)
	at org.testng.internal.invokers.MethodInvocationHelper.invokeMethod(MethodInvocationHelper.java:141)
	at org.testng.internal.invokers.TestInvoker.invokeMethod(TestInvoker.java:697)
	at org.testng.internal.invokers.TestInvoker.invokeTestMethod(TestInvoker.java:230)
	at org.testng.internal.invokers.MethodRunner.runInSequence(MethodRunner.java:63)
	at org.testng.internal.invokers.TestInvoker$MethodInvocationAgent.invoke(TestInvoker.java:1005)
	at org.testng.internal.invokers.TestInvoker.invokeTestMethods(TestInvoker.java:203)
	at org.testng.internal.invokers.TestMethodWorker.invokeTestMethods(TestMethodWorker.java:154)
	at org.testng.internal.invokers.TestMethodWorker.run(TestMethodWorker.java:134)
	at java.base/java.util.concurrent.Executors$RunnableAdapter.call(Executors.java:539)
	at java.base/java.util.concurrent.FutureTask.run(FutureTask.java:264)
	at org.testng.internal.thread.graph.TestNGFutureTask.run(TestNGFutureTask.java:22)
	at java.base/java.util.concurrent.ThreadPoolExecutor.runWorker(ThreadPoolExecutor.java:1136)
	at java.base/java.util.concurrent.ThreadPoolExecutor$Worker.run(ThreadPoolExecutor.java:635)
	at java.base/java.lang.Thread.run(Thread.java:840)
Caused by: com.microsoft.playwright.TimeoutError: Error {
  message='Timeout 30000ms exceeded.
  name='TimeoutError
  stack='TimeoutError: Timeout 30000ms exceeded.
    at ProgressController.run (/tmp/playwright-java-7272526717970840119/package/lib/server/progress.js:86:28)
    at FrameDispatcher._runCommand (/tmp/playwright-java-7272526717970840119/package/lib/server/dispatchers/dispatcher.js:91:31)
    at DispatcherConnection.dispatch (/tmp/playwright-java-7272526717970840119/package/lib/server/dispatchers/dispatcher.js:325:39)
}
Call log:
-   - waiting for locator("ul[class*='navbar'] a").filter(new Locator.FilterOptions().setHasText("Products"))
-     - waiting for" https://automationexercise.com/" navigation to finish...
-     - navigated to "https://automationexercise.com/"

	at com.microsoft.playwright.impl.Connection.dispatch(Connection.java:257)
	at com.microsoft.playwright.impl.Connection.processOneMessage(Connection.java:214)
	at com.microsoft.playwright.impl.ChannelOwner.runUntil(ChannelOwner.java:136)
	... 25 common frames omitted
2026-08-24 09:49:39 [TestNG-test-Release 1.0 Testing for AE-4] ERROR [qa] [Test_AE5_TC19_Verify_Product_Brand_Filtering_chrome_23] framework.listeners.TestListener - ==================XXXXX=================
2026-08-24 09:49:39 [TestNG-test-Release 1.0 Testing for AE-4] INFO  [qa] [Test_AE5_TC19_Verify_Product_Brand_Filtering_chrome_23] framework.listeners.TestListener - TEST FAILED: Test_AE5_TC19_Verify_Product_Brand_Filtering
2026-08-24 09:49:39 [TestNG-test-Release 1.0 Testing for AE-4] ERROR [qa] [Test_AE5_TC19_Verify_Product_Brand_Filtering_chrome_23] framework.listeners.TestListener - Failure Reason: com.microsoft.playwright.TimeoutError: Error {
  message='Timeout 30000ms exceeded.
  name='TimeoutError
  stack='TimeoutError: Timeout 30000ms exceeded.
    at ProgressController.run (/tmp/playwright-java-7272526717970840119/package/lib/server/progress.js:86:28)
    at FrameDispatcher._runCommand (/tmp/playwright-java-7272526717970840119/package/lib/server/dispatchers/dispatcher.js:91:31)
    at DispatcherConnection.dispatch (/tmp/playwright-java-7272526717970840119/package/lib/server/dispatchers/dispatcher.js:325:39)
}
Call log:
-   - waiting for locator("ul[class*='navbar'] a").filter(new Locator.FilterOptions().setHasText("Products"))
-     - waiting for" https://automationexercise.com/" navigation to finish...
-     - navigated to "https://automationexercise.com/"

2026-08-24 09:49:39 [TestNG-test-Release 1.0 Testing for AE-4] ERROR [qa] [Test_AE5_TC19_Verify_Product_Brand_Filtering_chrome_23] io.qameta.allure.AllureLifecycle - Could not add attachment: no test is running
2026-08-24 09:49:39 [TestNG-test-Release 1.0 Testing for AE-4] ERROR [qa] [Test_AE5_TC19_Verify_Product_Brand_Filtering_chrome_23] io.qameta.allure.AllureLifecycle - Could not start step: no test case running
2026-08-24 09:49:39 [TestNG-test-Release 1.0 Testing for AE-4] ERROR [qa] [Test_AE5_TC19_Verify_Product_Brand_Filtering_chrome_23] io.qameta.allure.AllureLifecycle - Could not stop step: step with uuid e82d1b5f-1c9c-4d77-a77d-81e1e45cd132 not found
2026-08-24 09:49:39 [TestNG-test-Release 1.0 Testing for AE-4] INFO  [qa] [Test_AE5_TC19_Verify_Product_Brand_Filtering_chrome_23] framework.listeners.TestListener - Screenshot attached: FAILURE Screenshot:
2026-08-24 09:49:39 [TestNG-test-Release 1.0 Testing for AE-4] INFO  [qa] [Test_AE5_TC19_Verify_Product_Brand_Filtering_chrome_23] test.ae.ProductsTests - Trace stopped for: Test_AE5_TC19_Verify_Product_Brand_Filtering
2026-08-24 09:49:40 [TestNG-test-Release 1.0 Testing for AE-4] INFO  [qa] [Test_AE5_TC19_Verify_Product_Brand_Filtering_chrome_23] framework.drivers.DriverManager - Browser closed successfully.
2026-08-24 09:49:40 [TestNG-test-Release 1.0 Testing for AE-4] INFO  [qa] [Test_AE5_TC19_Verify_Product_Brand_Filtering_chrome_23] test.ae.ProductsTests - Driver shutdown successful.
2026-08-24 09:49:40 [TestNG-test-Release 1.0 Testing for AE-4] INFO  [qa] [Test_AE5_TC19_Verify_Product_Brand_Filtering_chrome_23] reporting.ReportManager - ✅ Attachment added to Allure: 🎭 Playwright Trace — Test_AE5_TC19_Verify_Product_Brand_Filtering
2026-08-24 09:49:40 [TestNG-test-Release 1.0 Testing for AE-4] INFO  [qa] [Test_AE5_TC19_Verify_Product_Brand_Filtering_chrome_23] test.ae.ProductsTests - Trace attached for: Test_AE5_TC19_Verify_Product_Brand_Filtering
2026-08-24 09:49:40 [TestNG-test-Release 1.0 Testing for AE-4] INFO  [qa] [Test_AE5_TC19_Verify_Product_Brand_Filtering_chrome_23] test.ae.ProductsTests - trace temp file deleted from disk.
2026-08-24 09:49:40 [TestNG-test-Release 1.0 Testing for AE-4] INFO  [qa] [Test_AE5_TC19_Verify_Product_Brand_Filtering_chrome_23] reporting.ReportManager - ✅ Attachment added to Allure: 🎬 Test Video — Test_AE5_TC19_Verify_Product_Brand_Filtering
2026-08-24 09:49:40 [TestNG-test-Release 1.0 Testing for AE-4] INFO  [qa] [Test_AE5_TC19_Verify_Product_Brand_Filtering_chrome_23] test.ae.ProductsTests - Video attached for: Test_AE5_TC19_Verify_Product_Brand_Filtering
2026-08-24 09:49:40 [TestNG-test-Release 1.0 Testing for AE-4] INFO  [qa] [Test_AE5_TC19_Verify_Product_Brand_Filtering_chrome_23] test.ae.ProductsTests - video temp file deleted from disk.
