2026-07-13 12:16:43 [TestNG-test-Release 1.0 Testing for AE-4] INFO  [qa] [Test_AE10_TC24_Verify_Purchase_Order_Invoice_Download_chrome_32] framework.listeners.TestListener - --- STARTING TEST : PlaceOrderTests#Test_AE10_TC24_Verify_Purchase_Order_Invoice_Download on chrome [thread-32] ---
2026-07-13 12:16:43 [TestNG-test-Release 1.0 Testing for AE-4] INFO  [qa] [Test_AE10_TC24_Verify_Purchase_Order_Invoice_Download_chrome_32] test.ae.PlaceOrderTests - Running:Step-1
2026-07-13 12:16:44 [TestNG-test-Release 1.0 Testing for AE-4] INFO  [qa] [Test_AE10_TC24_Verify_Purchase_Order_Invoice_Download_chrome_32] test.ae.PlaceOrderTests - Running:Step-2
2026-07-13 12:16:45 [TestNG-test-Release 1.0 Testing for AE-4] INFO  [qa] [Test_AE10_TC24_Verify_Purchase_Order_Invoice_Download_chrome_32] pages.ae.HomePage - Navigating to Products
2026-07-13 12:16:49 [TestNG-test-Release 1.0 Testing for AE-4] INFO  [qa] [Test_AE10_TC24_Verify_Purchase_Order_Invoice_Download_chrome_32] pages.ae.ProductsPage - 
---------------------------------------------------
Product 1 Added To Cart
Name  : Blue Top
Price : 500
------------------------xxxx-----------------------

2026-07-13 12:16:52 [TestNG-test-Release 1.0 Testing for AE-4] INFO  [qa] [Test_AE10_TC24_Verify_Purchase_Order_Invoice_Download_chrome_32] pages.ae.ProductsPage - 
---------------------------------------------------
Product 2 Added To Cart
Name  : Men Tshirt
Price : 400
------------------------xxxx-----------------------

2026-07-13 12:16:52 [TestNG-test-Release 1.0 Testing for AE-4] INFO  [qa] [Test_AE10_TC24_Verify_Purchase_Order_Invoice_Download_chrome_32] test.ae.PlaceOrderTests - Running:Step-3
2026-07-13 12:16:53 [TestNG-test-Release 1.0 Testing for AE-4] INFO  [qa] [Test_AE10_TC24_Verify_Purchase_Order_Invoice_Download_chrome_32] pages.ae.HomePage - Navigating to Cart
2026-07-13 12:16:54 [TestNG-test-Release 1.0 Testing for AE-4] INFO  [qa] [Test_AE10_TC24_Verify_Purchase_Order_Invoice_Download_chrome_32] test.ae.PlaceOrderTests - Running:Step-4
2026-07-13 12:17:05 [TestNG-test-Release 1.0 Testing for AE-4] INFO  [qa] [Test_AE10_TC24_Verify_Purchase_Order_Invoice_Download_chrome_32] pages.ae.SignupDetailPage - Checkbox: 'Newsletter' is set to: true
2026-07-13 12:17:06 [TestNG-test-Release 1.0 Testing for AE-4] INFO  [qa] [Test_AE10_TC24_Verify_Purchase_Order_Invoice_Download_chrome_32] pages.ae.SignupDetailPage - Checkbox: 'Special Offers' is set to: true
2026-07-13 12:17:06 [TestNG-test-Release 1.0 Testing for AE-4] ERROR [qa] [Test_AE10_TC24_Verify_Purchase_Order_Invoice_Download_chrome_32] io.qameta.allure.util.NamingUtils - Could not process empty pattern
2026-07-13 12:17:06 [TestNG-test-Release 1.0 Testing for AE-4] ERROR [qa] [Test_AE10_TC24_Verify_Purchase_Order_Invoice_Download_chrome_32] io.qameta.allure.util.NamingUtils - Could not process empty pattern
2026-07-13 12:17:14 [TestNG-test-Release 1.0 Testing for AE-4] ERROR [qa] [Test_AE10_TC24_Verify_Purchase_Order_Invoice_Download_chrome_32] io.qameta.allure.util.NamingUtils - Could not find parameter zipcpde
2026-07-13 12:17:19 [TestNG-test-Release 1.0 Testing for AE-4] INFO  [qa] [Test_AE10_TC24_Verify_Purchase_Order_Invoice_Download_chrome_32] test.ae.PlaceOrderTests - Running:Step-5
2026-07-13 12:17:20 [TestNG-test-Release 1.0 Testing for AE-4] INFO  [qa] [Test_AE10_TC24_Verify_Purchase_Order_Invoice_Download_chrome_32] pages.ae.HomePage - Navigating to Cart
2026-07-13 12:17:22 [TestNG-test-Release 1.0 Testing for AE-4] INFO  [qa] [Test_AE10_TC24_Verify_Purchase_Order_Invoice_Download_chrome_32] test.ae.PlaceOrderTests - Running:Step-6.1
2026-07-13 12:17:22 [TestNG-test-Release 1.0 Testing for AE-4] INFO  [qa] [Test_AE10_TC24_Verify_Purchase_Order_Invoice_Download_chrome_32] pages.ae.CheckOutPage - 
-------------------------------------------------------------------------
               DELIVERY ADDRESS ON CHECKOUT
-------------------------------------------------------------------------
Title Fullname  : Mr. Sherril Heidenreich
Company Name    : Willms, Friesen and Glover
Address Line1   : 3745 Reilly Forge
Address Line2   : Apt. 705
Address Line3   : North Donstad Wyoming 797966
Country         : India
Phone           : 3728172757
-------------------------------------------------------------------------

2026-07-13 12:17:22 [TestNG-test-Release 1.0 Testing for AE-4] INFO  [qa] [Test_AE10_TC24_Verify_Purchase_Order_Invoice_Download_chrome_32] pages.ae.CheckOutPage - 
-------------------------------------------------------------------------
               INVOICE ADDRESS ON CHECKOUT
-------------------------------------------------------------------------
Title Fullname  : Mr. Sherril Heidenreich
Company Name    : Willms, Friesen and Glover
Address Line1   : 3745 Reilly Forge
Address Line2   : Apt. 705
Address Line3   : North Donstad Wyoming 797966
Country         : India
Phone           : 3728172757
--------------------------------------------------------------------------

2026-07-13 12:17:22 [TestNG-test-Release 1.0 Testing for AE-4] INFO  [qa] [Test_AE10_TC24_Verify_Purchase_Order_Invoice_Download_chrome_32] test.ae.PlaceOrderTests - Running:Step-6.2
2026-07-13 12:17:22 [TestNG-test-Release 1.0 Testing for AE-4] INFO  [qa] [Test_AE10_TC24_Verify_Purchase_Order_Invoice_Download_chrome_32] pages.ae.CheckOutPage - 
				PRODUCT-1 DETAILS FROM CART
---------------------------------------------------
Name        : Blue Top
Category    : Women
SubCategory : Tops
Price       : 500
Quantity    : 1
Total       : 500
----------------------------------------------------


2026-07-13 12:17:22 [TestNG-test-Release 1.0 Testing for AE-4] INFO  [qa] [Test_AE10_TC24_Verify_Purchase_Order_Invoice_Download_chrome_32] pages.ae.CheckOutPage - 
				PRODUCT-2 DETAILS FROM CART
---------------------------------------------------
Name        : Men Tshirt
Category    : Men
SubCategory : Tshirts
Price       : 400
Quantity    : 1
Total       : 400
----------------------------------------------------


2026-07-13 12:17:22 [TestNG-test-Release 1.0 Testing for AE-4] INFO  [qa] [Test_AE10_TC24_Verify_Purchase_Order_Invoice_Download_chrome_32] pages.ae.CheckOutPage - 
				CART SUMMARY
---------------------------------------------------
Total of <2> Product/s are Added To Cart
Cart Total Price is '900'
----------------------------------------------------


2026-07-13 12:17:22 [TestNG-test-Release 1.0 Testing for AE-4] INFO  [qa] [Test_AE10_TC24_Verify_Purchase_Order_Invoice_Download_chrome_32] test.ae.PlaceOrderTests - The expected cart total: 900
2026-07-13 12:17:22 [TestNG-test-Release 1.0 Testing for AE-4] INFO  [qa] [Test_AE10_TC24_Verify_Purchase_Order_Invoice_Download_chrome_32] test.ae.PlaceOrderTests - Running:Step-7
2026-07-13 12:17:24 [TestNG-test-Release 1.0 Testing for AE-4] INFO  [qa] [Test_AE10_TC24_Verify_Purchase_Order_Invoice_Download_chrome_32] test.ae.PlaceOrderTests - Running:Step-8
2026-07-13 12:17:30 [TestNG-test-Release 1.0 Testing for AE-4] INFO  [qa] [Test_AE10_TC24_Verify_Purchase_Order_Invoice_Download_chrome_32] test.ae.PlaceOrderTests - Running:Step-9
2026-07-13 12:17:32 [TestNG-test-Release 1.0 Testing for AE-4] INFO  [qa] [Test_AE10_TC24_Verify_Purchase_Order_Invoice_Download_chrome_32] test.ae.PlaceOrderTests - Running:Step-10
2026-07-13 12:17:32 [TestNG-test-Release 1.0 Testing for AE-4] INFO  [qa] [Test_AE10_TC24_Verify_Purchase_Order_Invoice_Download_chrome_32] test.ae.PlaceOrderTests - Running:Step-11
2026-07-13 12:17:33 [TestNG-test-Release 1.0 Testing for AE-4] INFO  [qa] [Test_AE10_TC24_Verify_Purchase_Order_Invoice_Download_chrome_32] pages.ae.CheckOutPage - ✅ Invoice downloaded!
2026-07-13 12:17:33 [TestNG-test-Release 1.0 Testing for AE-4] INFO  [qa] [Test_AE10_TC24_Verify_Purchase_Order_Invoice_Download_chrome_32] pages.ae.CheckOutPage -    Name : invoice.txt
2026-07-13 12:17:33 [TestNG-test-Release 1.0 Testing for AE-4] INFO  [qa] [Test_AE10_TC24_Verify_Purchase_Order_Invoice_Download_chrome_32] pages.ae.CheckOutPage -    Size : 68 bytes
2026-07-13 12:17:33 [TestNG-test-Release 1.0 Testing for AE-4] INFO  [qa] [Test_AE10_TC24_Verify_Purchase_Order_Invoice_Download_chrome_32] pages.ae.CheckOutPage -    Path : /home/runner/work/Playwright-Demo-Framework/Playwright-Demo-Framework/Playwright_Demo_Framework/downloads/invoice.txt
2026-07-13 12:17:33 [TestNG-test-Release 1.0 Testing for AE-4] INFO  [qa] [Test_AE10_TC24_Verify_Purchase_Order_Invoice_Download_chrome_32] reporting.ReportManager - ✅ Attachment added to Allure: invoice.txt
2026-07-13 12:17:33 [TestNG-test-Release 1.0 Testing for AE-4] INFO  [qa] [Test_AE10_TC24_Verify_Purchase_Order_Invoice_Download_chrome_32] pages.ae.CheckOutPage - Invoice Content: Hi Sherril Heidenreich, Your total purchase amount is 900. Thank you
2026-07-13 12:17:33 [TestNG-test-Release 1.0 Testing for AE-4] INFO  [qa] [Test_AE10_TC24_Verify_Purchase_Order_Invoice_Download_chrome_32] pages.ae.CheckOutPage - Expected Message: Hi Sherril Heidenreich, Your total purchase amount is 900. Thank you
2026-07-13 12:17:33 [TestNG-test-Release 1.0 Testing for AE-4] INFO  [qa] [Test_AE10_TC24_Verify_Purchase_Order_Invoice_Download_chrome_32] pages.ae.CheckOutPage - ✅ Invoice content verified!
2026-07-13 12:17:33 [TestNG-test-Release 1.0 Testing for AE-4] INFO  [qa] [Test_AE10_TC24_Verify_Purchase_Order_Invoice_Download_chrome_32] framework.listeners.TestListener - TEST PASSED: Test_AE10_TC24_Verify_Purchase_Order_Invoice_Download
2026-07-13 12:17:33 [TestNG-test-Release 1.0 Testing for AE-4] ERROR [qa] [Test_AE10_TC24_Verify_Purchase_Order_Invoice_Download_chrome_32] io.qameta.allure.AllureLifecycle - Could not add attachment: no test is running
2026-07-13 12:17:33 [TestNG-test-Release 1.0 Testing for AE-4] INFO  [qa] [Test_AE10_TC24_Verify_Purchase_Order_Invoice_Download_chrome_32] framework.listeners.TestListener - Screenshot attached: PASSED Screenshot:
2026-07-13 12:17:34 [TestNG-test-Release 1.0 Testing for AE-4] INFO  [qa] [Test_AE10_TC24_Verify_Purchase_Order_Invoice_Download_chrome_32] test.ae.PlaceOrderTests - Trace stopped for: Test_AE10_TC24_Verify_Purchase_Order_Invoice_Download
2026-07-13 12:17:34 [TestNG-test-Release 1.0 Testing for AE-4] INFO  [qa] [Test_AE10_TC24_Verify_Purchase_Order_Invoice_Download_chrome_32] framework.drivers.DriverManager - Browser closed successfully.
2026-07-13 12:17:34 [TestNG-test-Release 1.0 Testing for AE-4] INFO  [qa] [Test_AE10_TC24_Verify_Purchase_Order_Invoice_Download_chrome_32] test.ae.PlaceOrderTests - Driver shutdown successful.
2026-07-13 12:17:34 [TestNG-test-Release 1.0 Testing for AE-4] INFO  [qa] [Test_AE10_TC24_Verify_Purchase_Order_Invoice_Download_chrome_32] reporting.ReportManager - ✅ Attachment added to Allure: 🎭 Playwright Trace — Test_AE10_TC24_Verify_Purchase_Order_Invoice_Download
2026-07-13 12:17:34 [TestNG-test-Release 1.0 Testing for AE-4] INFO  [qa] [Test_AE10_TC24_Verify_Purchase_Order_Invoice_Download_chrome_32] test.ae.PlaceOrderTests - Trace attached for: Test_AE10_TC24_Verify_Purchase_Order_Invoice_Download
2026-07-13 12:17:34 [TestNG-test-Release 1.0 Testing for AE-4] INFO  [qa] [Test_AE10_TC24_Verify_Purchase_Order_Invoice_Download_chrome_32] test.ae.PlaceOrderTests - trace temp file deleted from disk.
2026-07-13 12:17:34 [TestNG-test-Release 1.0 Testing for AE-4] INFO  [qa] [Test_AE10_TC24_Verify_Purchase_Order_Invoice_Download_chrome_32] reporting.ReportManager - ✅ Attachment added to Allure: 🎬 Test Video — Test_AE10_TC24_Verify_Purchase_Order_Invoice_Download
2026-07-13 12:17:34 [TestNG-test-Release 1.0 Testing for AE-4] INFO  [qa] [Test_AE10_TC24_Verify_Purchase_Order_Invoice_Download_chrome_32] test.ae.PlaceOrderTests - Video attached for: Test_AE10_TC24_Verify_Purchase_Order_Invoice_Download
2026-07-13 12:17:34 [TestNG-test-Release 1.0 Testing for AE-4] INFO  [qa] [Test_AE10_TC24_Verify_Purchase_Order_Invoice_Download_chrome_32] test.ae.PlaceOrderTests - video temp file deleted from disk.
