2026-09-21 15:47:40 [TestNG-test-Release 1.0 Testing for AE-1] INFO  [qa] [Test_AE10_TC24_Verify_Purchase_Order_Invoice_Download_chrome_20] framework.listeners.TestListener - --- STARTING TEST : PlaceOrderTests#Test_AE10_TC24_Verify_Purchase_Order_Invoice_Download on chrome [thread-20] ---
2026-09-21 15:47:40 [TestNG-test-Release 1.0 Testing for AE-1] INFO  [qa] [Test_AE10_TC24_Verify_Purchase_Order_Invoice_Download_chrome_20] test.ae.PlaceOrderTests - Running:Step-1
2026-09-21 15:47:41 [TestNG-test-Release 1.0 Testing for AE-1] INFO  [qa] [Test_AE10_TC24_Verify_Purchase_Order_Invoice_Download_chrome_20] test.ae.PlaceOrderTests - Running:Step-2
2026-09-21 15:47:42 [TestNG-test-Release 1.0 Testing for AE-1] INFO  [qa] [Test_AE10_TC24_Verify_Purchase_Order_Invoice_Download_chrome_20] pages.ae.HomePage - Navigating to Products
2026-09-21 15:47:45 [TestNG-test-Release 1.0 Testing for AE-1] INFO  [qa] [Test_AE10_TC24_Verify_Purchase_Order_Invoice_Download_chrome_20] pages.ae.ProductsPage - 
---------------------------------------------------
Product 1 Added To Cart
Name  : Blue Top
Price : 500
------------------------xxxx-----------------------

2026-09-21 15:47:48 [TestNG-test-Release 1.0 Testing for AE-1] INFO  [qa] [Test_AE10_TC24_Verify_Purchase_Order_Invoice_Download_chrome_20] pages.ae.ProductsPage - 
---------------------------------------------------
Product 2 Added To Cart
Name  : Men Tshirt
Price : 400
------------------------xxxx-----------------------

2026-09-21 15:47:48 [TestNG-test-Release 1.0 Testing for AE-1] INFO  [qa] [Test_AE10_TC24_Verify_Purchase_Order_Invoice_Download_chrome_20] test.ae.PlaceOrderTests - Running:Step-3
2026-09-21 15:47:50 [TestNG-test-Release 1.0 Testing for AE-1] INFO  [qa] [Test_AE10_TC24_Verify_Purchase_Order_Invoice_Download_chrome_20] pages.ae.HomePage - Navigating to Cart
2026-09-21 15:47:51 [TestNG-test-Release 1.0 Testing for AE-1] INFO  [qa] [Test_AE10_TC24_Verify_Purchase_Order_Invoice_Download_chrome_20] test.ae.PlaceOrderTests - Running:Step-4
2026-09-21 15:48:02 [TestNG-test-Release 1.0 Testing for AE-1] INFO  [qa] [Test_AE10_TC24_Verify_Purchase_Order_Invoice_Download_chrome_20] pages.ae.SignupDetailPage - Checkbox: 'Newsletter' is set to: true
2026-09-21 15:48:02 [TestNG-test-Release 1.0 Testing for AE-1] INFO  [qa] [Test_AE10_TC24_Verify_Purchase_Order_Invoice_Download_chrome_20] pages.ae.SignupDetailPage - Checkbox: 'Special Offers' is set to: false
2026-09-21 15:48:02 [TestNG-test-Release 1.0 Testing for AE-1] ERROR [qa] [Test_AE10_TC24_Verify_Purchase_Order_Invoice_Download_chrome_20] io.qameta.allure.util.NamingUtils - Could not process empty pattern
2026-09-21 15:48:02 [TestNG-test-Release 1.0 Testing for AE-1] ERROR [qa] [Test_AE10_TC24_Verify_Purchase_Order_Invoice_Download_chrome_20] io.qameta.allure.util.NamingUtils - Could not process empty pattern
2026-09-21 15:48:10 [TestNG-test-Release 1.0 Testing for AE-1] ERROR [qa] [Test_AE10_TC24_Verify_Purchase_Order_Invoice_Download_chrome_20] io.qameta.allure.util.NamingUtils - Could not find parameter zipcpde
2026-09-21 15:48:15 [TestNG-test-Release 1.0 Testing for AE-1] INFO  [qa] [Test_AE10_TC24_Verify_Purchase_Order_Invoice_Download_chrome_20] test.ae.PlaceOrderTests - Running:Step-5
2026-09-21 15:48:16 [TestNG-test-Release 1.0 Testing for AE-1] INFO  [qa] [Test_AE10_TC24_Verify_Purchase_Order_Invoice_Download_chrome_20] pages.ae.HomePage - Navigating to Cart
2026-09-21 15:48:18 [TestNG-test-Release 1.0 Testing for AE-1] INFO  [qa] [Test_AE10_TC24_Verify_Purchase_Order_Invoice_Download_chrome_20] test.ae.PlaceOrderTests - Running:Step-6.1
2026-09-21 15:48:18 [TestNG-test-Release 1.0 Testing for AE-1] INFO  [qa] [Test_AE10_TC24_Verify_Purchase_Order_Invoice_Download_chrome_20] pages.ae.CheckOutPage - 
-------------------------------------------------------------------------
               DELIVERY ADDRESS ON CHECKOUT
-------------------------------------------------------------------------
Title Fullname  : Mr. Assunta Hagenes
Company Name    : Hane and Sons
Address Line1   : 93715 Shawn Ridges
Address Line2   : Apt. 203
Address Line3   : Port Donniefurt Idaho 067511
Country         : Israel
Phone           : 1375249117
-------------------------------------------------------------------------

2026-09-21 15:48:18 [TestNG-test-Release 1.0 Testing for AE-1] INFO  [qa] [Test_AE10_TC24_Verify_Purchase_Order_Invoice_Download_chrome_20] pages.ae.CheckOutPage - 
-------------------------------------------------------------------------
               INVOICE ADDRESS ON CHECKOUT
-------------------------------------------------------------------------
Title Fullname  : Mr. Assunta Hagenes
Company Name    : Hane and Sons
Address Line1   : 93715 Shawn Ridges
Address Line2   : Apt. 203
Address Line3   : Port Donniefurt Idaho 067511
Country         : Israel
Phone           : 1375249117
--------------------------------------------------------------------------

2026-09-21 15:48:18 [TestNG-test-Release 1.0 Testing for AE-1] INFO  [qa] [Test_AE10_TC24_Verify_Purchase_Order_Invoice_Download_chrome_20] test.ae.PlaceOrderTests - Running:Step-6.2
2026-09-21 15:48:18 [TestNG-test-Release 1.0 Testing for AE-1] INFO  [qa] [Test_AE10_TC24_Verify_Purchase_Order_Invoice_Download_chrome_20] pages.ae.CheckOutPage - 
				PRODUCT-1 DETAILS FROM CART
---------------------------------------------------
Name        : Blue Top
Category    : Women
SubCategory : Tops
Price       : 500
Quantity    : 1
Total       : 500
----------------------------------------------------


2026-09-21 15:48:18 [TestNG-test-Release 1.0 Testing for AE-1] INFO  [qa] [Test_AE10_TC24_Verify_Purchase_Order_Invoice_Download_chrome_20] pages.ae.CheckOutPage - 
				PRODUCT-2 DETAILS FROM CART
---------------------------------------------------
Name        : Men Tshirt
Category    : Men
SubCategory : Tshirts
Price       : 400
Quantity    : 1
Total       : 400
----------------------------------------------------


2026-09-21 15:48:18 [TestNG-test-Release 1.0 Testing for AE-1] INFO  [qa] [Test_AE10_TC24_Verify_Purchase_Order_Invoice_Download_chrome_20] pages.ae.CheckOutPage - 
				CART SUMMARY
---------------------------------------------------
Total of <2> Product/s are Added To Cart
Cart Total Price is '900'
----------------------------------------------------


2026-09-21 15:48:18 [TestNG-test-Release 1.0 Testing for AE-1] INFO  [qa] [Test_AE10_TC24_Verify_Purchase_Order_Invoice_Download_chrome_20] test.ae.PlaceOrderTests - The expected cart total: 900
2026-09-21 15:48:18 [TestNG-test-Release 1.0 Testing for AE-1] INFO  [qa] [Test_AE10_TC24_Verify_Purchase_Order_Invoice_Download_chrome_20] test.ae.PlaceOrderTests - Running:Step-7
2026-09-21 15:48:20 [TestNG-test-Release 1.0 Testing for AE-1] INFO  [qa] [Test_AE10_TC24_Verify_Purchase_Order_Invoice_Download_chrome_20] test.ae.PlaceOrderTests - Running:Step-8
2026-09-21 15:48:25 [TestNG-test-Release 1.0 Testing for AE-1] INFO  [qa] [Test_AE10_TC24_Verify_Purchase_Order_Invoice_Download_chrome_20] test.ae.PlaceOrderTests - Running:Step-9
2026-09-21 15:48:28 [TestNG-test-Release 1.0 Testing for AE-1] INFO  [qa] [Test_AE10_TC24_Verify_Purchase_Order_Invoice_Download_chrome_20] test.ae.PlaceOrderTests - Running:Step-10
2026-09-21 15:48:28 [TestNG-test-Release 1.0 Testing for AE-1] INFO  [qa] [Test_AE10_TC24_Verify_Purchase_Order_Invoice_Download_chrome_20] test.ae.PlaceOrderTests - Running:Step-11
2026-09-21 15:48:29 [TestNG-test-Release 1.0 Testing for AE-1] INFO  [qa] [Test_AE10_TC24_Verify_Purchase_Order_Invoice_Download_chrome_20] pages.ae.CheckOutPage - ✅ Invoice downloaded!
2026-09-21 15:48:29 [TestNG-test-Release 1.0 Testing for AE-1] INFO  [qa] [Test_AE10_TC24_Verify_Purchase_Order_Invoice_Download_chrome_20] pages.ae.CheckOutPage -    Name : invoice.txt
2026-09-21 15:48:29 [TestNG-test-Release 1.0 Testing for AE-1] INFO  [qa] [Test_AE10_TC24_Verify_Purchase_Order_Invoice_Download_chrome_20] pages.ae.CheckOutPage -    Size : 64 bytes
2026-09-21 15:48:29 [TestNG-test-Release 1.0 Testing for AE-1] INFO  [qa] [Test_AE10_TC24_Verify_Purchase_Order_Invoice_Download_chrome_20] pages.ae.CheckOutPage -    Path : /home/runner/work/Playwright-Demo-Framework/Playwright-Demo-Framework/Playwright_Demo_Framework/downloads/invoice.txt
2026-09-21 15:48:29 [TestNG-test-Release 1.0 Testing for AE-1] INFO  [qa] [Test_AE10_TC24_Verify_Purchase_Order_Invoice_Download_chrome_20] reporting.ReportManager - ✅ Attachment added to Allure: invoice.txt
2026-09-21 15:48:29 [TestNG-test-Release 1.0 Testing for AE-1] INFO  [qa] [Test_AE10_TC24_Verify_Purchase_Order_Invoice_Download_chrome_20] pages.ae.CheckOutPage - Invoice Content: Hi Assunta Hagenes, Your total purchase amount is 900. Thank you
2026-09-21 15:48:29 [TestNG-test-Release 1.0 Testing for AE-1] INFO  [qa] [Test_AE10_TC24_Verify_Purchase_Order_Invoice_Download_chrome_20] pages.ae.CheckOutPage - Expected Message: Hi Assunta Hagenes, Your total purchase amount is 900. Thank you
2026-09-21 15:48:29 [TestNG-test-Release 1.0 Testing for AE-1] INFO  [qa] [Test_AE10_TC24_Verify_Purchase_Order_Invoice_Download_chrome_20] pages.ae.CheckOutPage - ✅ Invoice content verified!
2026-09-21 15:48:29 [TestNG-test-Release 1.0 Testing for AE-1] INFO  [qa] [Test_AE10_TC24_Verify_Purchase_Order_Invoice_Download_chrome_20] framework.listeners.TestListener - TEST PASSED: Test_AE10_TC24_Verify_Purchase_Order_Invoice_Download
2026-09-21 15:48:29 [TestNG-test-Release 1.0 Testing for AE-1] ERROR [qa] [Test_AE10_TC24_Verify_Purchase_Order_Invoice_Download_chrome_20] io.qameta.allure.AllureLifecycle - Could not add attachment: no test is running
2026-09-21 15:48:29 [TestNG-test-Release 1.0 Testing for AE-1] INFO  [qa] [Test_AE10_TC24_Verify_Purchase_Order_Invoice_Download_chrome_20] framework.listeners.TestListener - Screenshot attached: PASSED Screenshot:
2026-09-21 15:48:30 [TestNG-test-Release 1.0 Testing for AE-1] INFO  [qa] [Test_AE10_TC24_Verify_Purchase_Order_Invoice_Download_chrome_20] test.ae.PlaceOrderTests - Trace stopped for: Test_AE10_TC24_Verify_Purchase_Order_Invoice_Download
2026-09-21 15:48:30 [TestNG-test-Release 1.0 Testing for AE-1] INFO  [qa] [Test_AE10_TC24_Verify_Purchase_Order_Invoice_Download_chrome_20] framework.drivers.DriverManager - Browser closed successfully.
2026-09-21 15:48:30 [TestNG-test-Release 1.0 Testing for AE-1] INFO  [qa] [Test_AE10_TC24_Verify_Purchase_Order_Invoice_Download_chrome_20] test.ae.PlaceOrderTests - Driver shutdown successful.
2026-09-21 15:48:30 [TestNG-test-Release 1.0 Testing for AE-1] INFO  [qa] [Test_AE10_TC24_Verify_Purchase_Order_Invoice_Download_chrome_20] reporting.ReportManager - ✅ Attachment added to Allure: 🎭 Playwright Trace — Test_AE10_TC24_Verify_Purchase_Order_Invoice_Download
2026-09-21 15:48:30 [TestNG-test-Release 1.0 Testing for AE-1] INFO  [qa] [Test_AE10_TC24_Verify_Purchase_Order_Invoice_Download_chrome_20] test.ae.PlaceOrderTests - Trace attached for: Test_AE10_TC24_Verify_Purchase_Order_Invoice_Download
2026-09-21 15:48:30 [TestNG-test-Release 1.0 Testing for AE-1] INFO  [qa] [Test_AE10_TC24_Verify_Purchase_Order_Invoice_Download_chrome_20] test.ae.PlaceOrderTests - trace temp file deleted from disk.
2026-09-21 15:48:30 [TestNG-test-Release 1.0 Testing for AE-1] INFO  [qa] [Test_AE10_TC24_Verify_Purchase_Order_Invoice_Download_chrome_20] reporting.ReportManager - ✅ Attachment added to Allure: 🎬 Test Video — Test_AE10_TC24_Verify_Purchase_Order_Invoice_Download
2026-09-21 15:48:30 [TestNG-test-Release 1.0 Testing for AE-1] INFO  [qa] [Test_AE10_TC24_Verify_Purchase_Order_Invoice_Download_chrome_20] test.ae.PlaceOrderTests - Video attached for: Test_AE10_TC24_Verify_Purchase_Order_Invoice_Download
2026-09-21 15:48:30 [TestNG-test-Release 1.0 Testing for AE-1] INFO  [qa] [Test_AE10_TC24_Verify_Purchase_Order_Invoice_Download_chrome_20] test.ae.PlaceOrderTests - video temp file deleted from disk.
