2026-09-28 17:31:49 [TestNG-test-Release 1.0 Testing for AE-3] INFO  [qa] [Test_AE7_TC10_Verify_Subscription_Home_Page_chrome_31] framework.listeners.TestListener - --- STARTING TEST : SubscriptionTests#Test_AE7_TC10_Verify_Subscription_Home_Page on chrome [thread-31] ---
2026-09-28 17:31:49 [TestNG-test-Release 1.0 Testing for AE-3] INFO  [qa] [Test_AE7_TC10_Verify_Subscription_Home_Page_chrome_31] test.ae.SubscriptionTests - Running:Step-1
2026-09-28 17:31:54 [TestNG-test-Release 1.0 Testing for AE-3] INFO  [qa] [Test_AE7_TC10_Verify_Subscription_Home_Page_chrome_31] framework.listeners.TestListener - TEST FAILED: Test_AE7_TC10_Verify_Subscription_Home_Page
2026-09-28 17:31:54 [TestNG-test-Release 1.0 Testing for AE-3] ERROR [qa] [Test_AE7_TC10_Verify_Subscription_Home_Page_chrome_31] framework.listeners.TestListener - Failure Reason: org.opentest4j.AssertionFailedError: Page title expected to match regex
Expected: Automation Exercise
Received: One moment, please...

Call log:
  - Assert "hasTitle" with timeout 5000ms
    7 × unexpected value "One moment, please..."
    - waiting for navigation to finish...
    - navigated to "https://automationexercise.com/"
    - unexpected value "One moment, please..."
2026-09-28 17:31:54 [TestNG-test-Release 1.0 Testing for AE-3] ERROR [qa] [Test_AE7_TC10_Verify_Subscription_Home_Page_chrome_31] io.qameta.allure.AllureLifecycle - Could not add attachment: no test is running
2026-09-28 17:31:54 [TestNG-test-Release 1.0 Testing for AE-3] ERROR [qa] [Test_AE7_TC10_Verify_Subscription_Home_Page_chrome_31] io.qameta.allure.AllureLifecycle - Could not start step: no test case running
2026-09-28 17:31:54 [TestNG-test-Release 1.0 Testing for AE-3] ERROR [qa] [Test_AE7_TC10_Verify_Subscription_Home_Page_chrome_31] io.qameta.allure.AllureLifecycle - Could not stop step: step with uuid ef4d4426-1fc2-43d5-9ab7-bf426733f075 not found
2026-09-28 17:31:54 [TestNG-test-Release 1.0 Testing for AE-3] INFO  [qa] [Test_AE7_TC10_Verify_Subscription_Home_Page_chrome_31] framework.listeners.TestListener - Screenshot attached: FAILURE Screenshot:
2026-09-28 17:31:54 [TestNG-test-Release 1.0 Testing for AE-3] INFO  [qa] [Test_AE7_TC10_Verify_Subscription_Home_Page_chrome_31] test.ae.SubscriptionTests - Trace stopped for: Test_AE7_TC10_Verify_Subscription_Home_Page
2026-09-28 17:31:55 [TestNG-test-Release 1.0 Testing for AE-3] INFO  [qa] [Test_AE7_TC10_Verify_Subscription_Home_Page_chrome_31] framework.drivers.DriverManager - Browser closed successfully.
2026-09-28 17:31:55 [TestNG-test-Release 1.0 Testing for AE-3] INFO  [qa] [Test_AE7_TC10_Verify_Subscription_Home_Page_chrome_31] test.ae.SubscriptionTests - Driver shutdown successful.
2026-09-28 17:31:55 [TestNG-test-Release 1.0 Testing for AE-3] INFO  [qa] [Test_AE7_TC10_Verify_Subscription_Home_Page_chrome_31] reporting.ReportManager - ✅ Attachment added to Allure: 🎭 Playwright Trace — Test_AE7_TC10_Verify_Subscription_Home_Page
2026-09-28 17:31:55 [TestNG-test-Release 1.0 Testing for AE-3] INFO  [qa] [Test_AE7_TC10_Verify_Subscription_Home_Page_chrome_31] test.ae.SubscriptionTests - Trace attached for: Test_AE7_TC10_Verify_Subscription_Home_Page
2026-09-28 17:31:55 [TestNG-test-Release 1.0 Testing for AE-3] INFO  [qa] [Test_AE7_TC10_Verify_Subscription_Home_Page_chrome_31] test.ae.SubscriptionTests - trace temp file deleted from disk.
2026-09-28 17:31:55 [TestNG-test-Release 1.0 Testing for AE-3] INFO  [qa] [Test_AE7_TC10_Verify_Subscription_Home_Page_chrome_31] reporting.ReportManager - ✅ Attachment added to Allure: 🎬 Test Video — Test_AE7_TC10_Verify_Subscription_Home_Page
2026-09-28 17:31:55 [TestNG-test-Release 1.0 Testing for AE-3] INFO  [qa] [Test_AE7_TC10_Verify_Subscription_Home_Page_chrome_31] test.ae.SubscriptionTests - Video attached for: Test_AE7_TC10_Verify_Subscription_Home_Page
2026-09-28 17:31:55 [TestNG-test-Release 1.0 Testing for AE-3] INFO  [qa] [Test_AE7_TC10_Verify_Subscription_Home_Page_chrome_31] test.ae.SubscriptionTests - video temp file deleted from disk.
