2026-08-24 09:48:33 [TestNG-test-Release 1.0 Testing for AE-2] INFO  [qa] [Test_AE2_TC03_Verify_InValid_User_Login_chrome_21] framework.listeners.TestListener - --- STARTING TEST : LoginTests#Test_AE2_TC03_Verify_InValid_User_Login on chrome [thread-21] ---
2026-08-24 09:48:33 [TestNG-test-Release 1.0 Testing for AE-2] INFO  [qa] [Test_AE2_TC03_Verify_InValid_User_Login_chrome_21] test.ae.LoginTests - Running:Step-1
2026-08-24 09:48:38 [TestNG-test-Release 1.0 Testing for AE-2] INFO  [qa] [Test_AE2_TC03_Verify_InValid_User_Login_chrome_21] framework.listeners.TestListener - TEST FAILED: Test_AE2_TC03_Verify_InValid_User_Login
2026-08-24 09:48:38 [TestNG-test-Release 1.0 Testing for AE-2] ERROR [qa] [Test_AE2_TC03_Verify_InValid_User_Login_chrome_21] framework.listeners.TestListener - Failure Reason: org.opentest4j.AssertionFailedError: Page title expected to match regex
Expected: Automation Exercise
Received: One moment, please...

Call log:
  - Assert "hasTitle" with timeout 5000ms
    7 × unexpected value "One moment, please..."
    - waiting for" https://automationexercise.com/" navigation to finish...
    - navigated to "https://automationexercise.com/"
    2 × unexpected value "One moment, please..."
2026-08-24 09:48:38 [TestNG-test-Release 1.0 Testing for AE-2] ERROR [qa] [Test_AE2_TC03_Verify_InValid_User_Login_chrome_21] io.qameta.allure.AllureLifecycle - Could not add attachment: no test is running
2026-08-24 09:48:38 [TestNG-test-Release 1.0 Testing for AE-2] ERROR [qa] [Test_AE2_TC03_Verify_InValid_User_Login_chrome_21] io.qameta.allure.AllureLifecycle - Could not start step: no test case running
2026-08-24 09:48:38 [TestNG-test-Release 1.0 Testing for AE-2] ERROR [qa] [Test_AE2_TC03_Verify_InValid_User_Login_chrome_21] io.qameta.allure.AllureLifecycle - Could not stop step: step with uuid 2f7fb376-4752-4515-8f68-fe01f8967dc8 not found
2026-08-24 09:48:38 [TestNG-test-Release 1.0 Testing for AE-2] INFO  [qa] [Test_AE2_TC03_Verify_InValid_User_Login_chrome_21] framework.listeners.TestListener - Screenshot attached: FAILURE Screenshot:
2026-08-24 09:48:38 [TestNG-test-Release 1.0 Testing for AE-2] INFO  [qa] [Test_AE2_TC03_Verify_InValid_User_Login_chrome_21] test.ae.LoginTests - Trace stopped for: Test_AE2_TC03_Verify_InValid_User_Login
2026-08-24 09:48:39 [TestNG-test-Release 1.0 Testing for AE-2] INFO  [qa] [Test_AE2_TC03_Verify_InValid_User_Login_chrome_21] framework.drivers.DriverManager - Browser closed successfully.
2026-08-24 09:48:39 [TestNG-test-Release 1.0 Testing for AE-2] INFO  [qa] [Test_AE2_TC03_Verify_InValid_User_Login_chrome_21] test.ae.LoginTests - Driver shutdown successful.
2026-08-24 09:48:39 [TestNG-test-Release 1.0 Testing for AE-2] INFO  [qa] [Test_AE2_TC03_Verify_InValid_User_Login_chrome_21] reporting.ReportManager - ✅ Attachment added to Allure: 🎭 Playwright Trace — Test_AE2_TC03_Verify_InValid_User_Login
2026-08-24 09:48:39 [TestNG-test-Release 1.0 Testing for AE-2] INFO  [qa] [Test_AE2_TC03_Verify_InValid_User_Login_chrome_21] test.ae.LoginTests - Trace attached for: Test_AE2_TC03_Verify_InValid_User_Login
2026-08-24 09:48:39 [TestNG-test-Release 1.0 Testing for AE-2] INFO  [qa] [Test_AE2_TC03_Verify_InValid_User_Login_chrome_21] test.ae.LoginTests - trace temp file deleted from disk.
2026-08-24 09:48:39 [TestNG-test-Release 1.0 Testing for AE-2] INFO  [qa] [Test_AE2_TC03_Verify_InValid_User_Login_chrome_21] reporting.ReportManager - ✅ Attachment added to Allure: 🎬 Test Video — Test_AE2_TC03_Verify_InValid_User_Login
2026-08-24 09:48:39 [TestNG-test-Release 1.0 Testing for AE-2] INFO  [qa] [Test_AE2_TC03_Verify_InValid_User_Login_chrome_21] test.ae.LoginTests - Video attached for: Test_AE2_TC03_Verify_InValid_User_Login
2026-08-24 09:48:39 [TestNG-test-Release 1.0 Testing for AE-2] INFO  [qa] [Test_AE2_TC03_Verify_InValid_User_Login_chrome_21] test.ae.LoginTests - video temp file deleted from disk.
