2026-06-08 13:13:13 [TestNG-test-Release 1.0 Testing for AE-1] INFO  [qa] [Test_AE9_TC13_Verify_Subscription_Home_Page_chrome_29] framework.listeners.TestListener - --- STARTING TEST : AddToCartTests#Test_AE9_TC13_Verify_Subscription_Home_Page on chrome [thread-29] ---
2026-06-08 13:13:13 [TestNG-test-Release 1.0 Testing for AE-1] INFO  [qa] [Test_AE9_TC13_Verify_Subscription_Home_Page_chrome_29] test.ae.AddToCartTests - Running:Step-1
2026-06-08 13:13:15 [TestNG-test-Release 1.0 Testing for AE-1] INFO  [qa] [Test_AE9_TC13_Verify_Subscription_Home_Page_chrome_29] test.ae.AddToCartTests - Running:Step-2
2026-06-08 13:13:15 [TestNG-test-Release 1.0 Testing for AE-1] WARN  [qa] [Test_AE9_TC13_Verify_Subscription_Home_Page_chrome_29] pages.ae.ProductsPage - Multiple matching products found for - Stylish, hence choosing the first match found.
2026-06-08 13:13:18 [TestNG-test-Release 1.0 Testing for AE-1] WARN  [qa] [Test_AE9_TC13_Verify_Subscription_Home_Page_chrome_29] pages.ae.ProductsPage - Multiple matching products found for - Summer White Top, hence choosing the first match found.
2026-06-08 13:13:22 [TestNG-test-Release 1.0 Testing for AE-1] WARN  [qa] [Test_AE9_TC13_Verify_Subscription_Home_Page_chrome_29] pages.ae.ProductsPage - Multiple matching products found for - Blue Top, hence choosing the first match found.
2026-06-08 13:13:25 [TestNG-test-Release 1.0 Testing for AE-1] INFO  [qa] [Test_AE9_TC13_Verify_Subscription_Home_Page_chrome_29] test.ae.AddToCartTests - Running:Step-3
2026-06-08 13:13:25 [TestNG-test-Release 1.0 Testing for AE-1] WARN  [qa] [Test_AE9_TC13_Verify_Subscription_Home_Page_chrome_29] pages.ae.ProductsPage - Multiple matching products found for - Sleeveless, hence choosing the first match found.
2026-06-08 13:13:29 [TestNG-test-Release 1.0 Testing for AE-1] INFO  [qa] [Test_AE9_TC13_Verify_Subscription_Home_Page_chrome_29] test.ae.AddToCartTests - Running:Step-4
2026-06-08 13:13:31 [TestNG-test-Release 1.0 Testing for AE-1] INFO  [qa] [Test_AE9_TC13_Verify_Subscription_Home_Page_chrome_29] framework.listeners.TestListener - TEST PASSED: Test_AE9_TC13_Verify_Subscription_Home_Page
2026-06-08 13:13:31 [TestNG-test-Release 1.0 Testing for AE-1] ERROR [qa] [Test_AE9_TC13_Verify_Subscription_Home_Page_chrome_29] io.qameta.allure.AllureLifecycle - Could not add attachment: no test is running
2026-06-08 13:13:31 [TestNG-test-Release 1.0 Testing for AE-1] INFO  [qa] [Test_AE9_TC13_Verify_Subscription_Home_Page_chrome_29] framework.listeners.TestListener - Screenshot attached: PASSED Screenshot:
2026-06-08 13:13:31 [TestNG-test-Release 1.0 Testing for AE-1] INFO  [qa] [Test_AE9_TC13_Verify_Subscription_Home_Page_chrome_29] test.ae.AddToCartTests - Trace stopped for: Test_AE9_TC13_Verify_Subscription_Home_Page
2026-06-08 13:13:32 [TestNG-test-Release 1.0 Testing for AE-1] INFO  [qa] [Test_AE9_TC13_Verify_Subscription_Home_Page_chrome_29] framework.drivers.DriverManager - Browser closed successfully.
2026-06-08 13:13:32 [TestNG-test-Release 1.0 Testing for AE-1] INFO  [qa] [Test_AE9_TC13_Verify_Subscription_Home_Page_chrome_29] test.ae.AddToCartTests - Driver shutdown successful.
2026-06-08 13:13:32 [TestNG-test-Release 1.0 Testing for AE-1] INFO  [qa] [Test_AE9_TC13_Verify_Subscription_Home_Page_chrome_29] reporting.ReportManager - ✅ Attachment added to Allure: 🎭 Playwright Trace — Test_AE9_TC13_Verify_Subscription_Home_Page
2026-06-08 13:13:32 [TestNG-test-Release 1.0 Testing for AE-1] INFO  [qa] [Test_AE9_TC13_Verify_Subscription_Home_Page_chrome_29] test.ae.AddToCartTests - Trace attached for: Test_AE9_TC13_Verify_Subscription_Home_Page
2026-06-08 13:13:32 [TestNG-test-Release 1.0 Testing for AE-1] INFO  [qa] [Test_AE9_TC13_Verify_Subscription_Home_Page_chrome_29] test.ae.AddToCartTests - trace temp file deleted from disk.
2026-06-08 13:13:32 [TestNG-test-Release 1.0 Testing for AE-1] INFO  [qa] [Test_AE9_TC13_Verify_Subscription_Home_Page_chrome_29] reporting.ReportManager - ✅ Attachment added to Allure: 🎬 Test Video — Test_AE9_TC13_Verify_Subscription_Home_Page
2026-06-08 13:13:32 [TestNG-test-Release 1.0 Testing for AE-1] INFO  [qa] [Test_AE9_TC13_Verify_Subscription_Home_Page_chrome_29] test.ae.AddToCartTests - Video attached for: Test_AE9_TC13_Verify_Subscription_Home_Page
2026-06-08 13:13:32 [TestNG-test-Release 1.0 Testing for AE-1] INFO  [qa] [Test_AE9_TC13_Verify_Subscription_Home_Page_chrome_29] test.ae.AddToCartTests - video temp file deleted from disk.
