2026-08-24 09:48:23 [TestNG-test-Release 1.0 Testing for AE-2] INFO  [qa] [Test_AE2_TC02_Verify_Valid_User_Login_chrome_21] framework.listeners.TestListener - --- STARTING TEST : LoginTests#Test_AE2_TC02_Verify_Valid_User_Login on chrome [thread-21] ---
2026-08-24 09:48:23 [TestNG-test-Release 1.0 Testing for AE-2] INFO  [qa] [Test_AE2_TC02_Verify_Valid_User_Login_chrome_21] test.ae.LoginTests - Running:Step-1
2026-08-24 09:48:28 [TestNG-test-Release 1.0 Testing for AE-2] INFO  [qa] [Test_AE2_TC02_Verify_Valid_User_Login_chrome_21] framework.listeners.TestListener - TEST FAILED: Test_AE2_TC02_Verify_Valid_User_Login
2026-08-24 09:48:28 [TestNG-test-Release 1.0 Testing for AE-2] ERROR [qa] [Test_AE2_TC02_Verify_Valid_User_Login_chrome_21] framework.listeners.TestListener - Failure Reason: org.opentest4j.AssertionFailedError: Page title expected to match regex
Expected: Automation Exercise
Received: One moment, please...

Call log:
  - Assert "hasTitle" with timeout 5000ms
    9 × unexpected value "One moment, please..."
2026-08-24 09:48:28 [TestNG-test-Release 1.0 Testing for AE-2] ERROR [qa] [Test_AE2_TC02_Verify_Valid_User_Login_chrome_21] io.qameta.allure.AllureLifecycle - Could not add attachment: no test is running
2026-08-24 09:48:28 [TestNG-test-Release 1.0 Testing for AE-2] ERROR [qa] [Test_AE2_TC02_Verify_Valid_User_Login_chrome_21] io.qameta.allure.AllureLifecycle - Could not start step: no test case running
2026-08-24 09:48:28 [TestNG-test-Release 1.0 Testing for AE-2] ERROR [qa] [Test_AE2_TC02_Verify_Valid_User_Login_chrome_21] io.qameta.allure.AllureLifecycle - Could not stop step: step with uuid fc0de80d-ee8d-4422-a4a7-4d67cbdfbcb4 not found
2026-08-24 09:48:28 [TestNG-test-Release 1.0 Testing for AE-2] INFO  [qa] [Test_AE2_TC02_Verify_Valid_User_Login_chrome_21] framework.listeners.TestListener - Screenshot attached: FAILURE Screenshot:
2026-08-24 09:48:28 [TestNG-test-Release 1.0 Testing for AE-2] INFO  [qa] [Test_AE2_TC02_Verify_Valid_User_Login_chrome_21] test.ae.LoginTests - Trace stopped for: Test_AE2_TC02_Verify_Valid_User_Login
2026-08-24 09:48:29 [TestNG-test-Release 1.0 Testing for AE-2] INFO  [qa] [Test_AE2_TC02_Verify_Valid_User_Login_chrome_21] framework.drivers.DriverManager - Browser closed successfully.
2026-08-24 09:48:29 [TestNG-test-Release 1.0 Testing for AE-2] INFO  [qa] [Test_AE2_TC02_Verify_Valid_User_Login_chrome_21] test.ae.LoginTests - Driver shutdown successful.
2026-08-24 09:48:29 [TestNG-test-Release 1.0 Testing for AE-2] INFO  [qa] [Test_AE2_TC02_Verify_Valid_User_Login_chrome_21] reporting.ReportManager - ✅ Attachment added to Allure: 🎭 Playwright Trace — Test_AE2_TC02_Verify_Valid_User_Login
2026-08-24 09:48:29 [TestNG-test-Release 1.0 Testing for AE-2] INFO  [qa] [Test_AE2_TC02_Verify_Valid_User_Login_chrome_21] test.ae.LoginTests - Trace attached for: Test_AE2_TC02_Verify_Valid_User_Login
2026-08-24 09:48:29 [TestNG-test-Release 1.0 Testing for AE-2] INFO  [qa] [Test_AE2_TC02_Verify_Valid_User_Login_chrome_21] test.ae.LoginTests - trace temp file deleted from disk.
2026-08-24 09:48:30 [TestNG-test-Release 1.0 Testing for AE-2] INFO  [qa] [Test_AE2_TC02_Verify_Valid_User_Login_chrome_21] reporting.ReportManager - ✅ Attachment added to Allure: 🎬 Test Video — Test_AE2_TC02_Verify_Valid_User_Login
2026-08-24 09:48:30 [TestNG-test-Release 1.0 Testing for AE-2] INFO  [qa] [Test_AE2_TC02_Verify_Valid_User_Login_chrome_21] test.ae.LoginTests - Video attached for: Test_AE2_TC02_Verify_Valid_User_Login
2026-08-24 09:48:30 [TestNG-test-Release 1.0 Testing for AE-2] INFO  [qa] [Test_AE2_TC02_Verify_Valid_User_Login_chrome_21] test.ae.LoginTests - video temp file deleted from disk.
