2026-06-01 15:29:35 [TestNG-test-Release 1.0 Testing for AE-1] INFO  [qa] [Test_AE10_TC14_Verify_Place_Order_For_Customer_Registered_On_Checkout_chrome_29] framework.listeners.TestListener - --- STARTING TEST : PlaceOrderTests#Test_AE10_TC14_Verify_Place_Order_For_Customer_Registered_On_Checkout on chrome [thread-29] ---
2026-06-01 15:29:35 [TestNG-test-Release 1.0 Testing for AE-1] INFO  [qa] [Test_AE10_TC14_Verify_Place_Order_For_Customer_Registered_On_Checkout_chrome_29] test.ae.PlaceOrderTests - Running:Step-1
2026-06-01 15:29:36 [TestNG-test-Release 1.0 Testing for AE-1] INFO  [qa] [Test_AE10_TC14_Verify_Place_Order_For_Customer_Registered_On_Checkout_chrome_29] test.ae.PlaceOrderTests - Running:Step-2
2026-06-01 15:29:38 [TestNG-test-Release 1.0 Testing for AE-1] INFO  [qa] [Test_AE10_TC14_Verify_Place_Order_For_Customer_Registered_On_Checkout_chrome_29] pages.ae.HomePage - Navigating to Products
2026-06-01 15:29:41 [TestNG-test-Release 1.0 Testing for AE-1] INFO  [qa] [Test_AE10_TC14_Verify_Place_Order_For_Customer_Registered_On_Checkout_chrome_29] pages.ae.ProductsPage - 
---------------------------------------------------
Product 1 Added To Cart
Name  : Blue Top
Price : 500
------------------------xxxx-----------------------

2026-06-01 15:29:45 [TestNG-test-Release 1.0 Testing for AE-1] INFO  [qa] [Test_AE10_TC14_Verify_Place_Order_For_Customer_Registered_On_Checkout_chrome_29] pages.ae.ProductsPage - 
---------------------------------------------------
Product 2 Added To Cart
Name  : Men Tshirt
Price : 400
------------------------xxxx-----------------------

2026-06-01 15:29:45 [TestNG-test-Release 1.0 Testing for AE-1] INFO  [qa] [Test_AE10_TC14_Verify_Place_Order_For_Customer_Registered_On_Checkout_chrome_29] test.ae.PlaceOrderTests - Running:Step-3
2026-06-01 15:29:47 [TestNG-test-Release 1.0 Testing for AE-1] INFO  [qa] [Test_AE10_TC14_Verify_Place_Order_For_Customer_Registered_On_Checkout_chrome_29] pages.ae.HomePage - Navigating to Cart
2026-06-01 15:29:48 [TestNG-test-Release 1.0 Testing for AE-1] INFO  [qa] [Test_AE10_TC14_Verify_Place_Order_For_Customer_Registered_On_Checkout_chrome_29] test.ae.PlaceOrderTests - Running:Step-4
2026-06-01 15:30:01 [TestNG-test-Release 1.0 Testing for AE-1] INFO  [qa] [Test_AE10_TC14_Verify_Place_Order_For_Customer_Registered_On_Checkout_chrome_29] pages.ae.SignupDetailPage - Checkbox: 'Newsletter' is set to: true
2026-06-01 15:30:01 [TestNG-test-Release 1.0 Testing for AE-1] INFO  [qa] [Test_AE10_TC14_Verify_Place_Order_For_Customer_Registered_On_Checkout_chrome_29] pages.ae.SignupDetailPage - Checkbox: 'Special Offers' is set to: false
2026-06-01 15:30:01 [TestNG-test-Release 1.0 Testing for AE-1] ERROR [qa] [Test_AE10_TC14_Verify_Place_Order_For_Customer_Registered_On_Checkout_chrome_29] io.qameta.allure.util.NamingUtils - Could not process empty pattern
2026-06-01 15:30:01 [TestNG-test-Release 1.0 Testing for AE-1] ERROR [qa] [Test_AE10_TC14_Verify_Place_Order_For_Customer_Registered_On_Checkout_chrome_29] io.qameta.allure.util.NamingUtils - Could not process empty pattern
2026-06-01 15:30:09 [TestNG-test-Release 1.0 Testing for AE-1] ERROR [qa] [Test_AE10_TC14_Verify_Place_Order_For_Customer_Registered_On_Checkout_chrome_29] io.qameta.allure.util.NamingUtils - Could not find parameter zipcpde
2026-06-01 15:30:18 [TestNG-test-Release 1.0 Testing for AE-1] INFO  [qa] [Test_AE10_TC14_Verify_Place_Order_For_Customer_Registered_On_Checkout_chrome_29] test.ae.PlaceOrderTests - Running:Step-5
2026-06-01 15:30:19 [TestNG-test-Release 1.0 Testing for AE-1] INFO  [qa] [Test_AE10_TC14_Verify_Place_Order_For_Customer_Registered_On_Checkout_chrome_29] pages.ae.HomePage - Navigating to Cart
2026-06-01 15:30:26 [TestNG-test-Release 1.0 Testing for AE-1] INFO  [qa] [Test_AE10_TC14_Verify_Place_Order_For_Customer_Registered_On_Checkout_chrome_29] test.ae.PlaceOrderTests - Running:Step-6.1
2026-06-01 15:30:26 [TestNG-test-Release 1.0 Testing for AE-1] INFO  [qa] [Test_AE10_TC14_Verify_Place_Order_For_Customer_Registered_On_Checkout_chrome_29] pages.ae.CheckOutPage - 
-------------------------------------------------------------------------
               DELIVERY ADDRESS ON CHECKOUT
-------------------------------------------------------------------------
Title Fullname  : Mrs. Synthia Smith
Company Name    : Spinka Group
Address Line1   : 495 Hahn Avenue
Address Line2   : Apt. 729
Address Line3   : South Sixtabury Arkansas 792867
Country         : Australia
Phone           : 8784581171
-------------------------------------------------------------------------

2026-06-01 15:30:27 [TestNG-test-Release 1.0 Testing for AE-1] INFO  [qa] [Test_AE10_TC14_Verify_Place_Order_For_Customer_Registered_On_Checkout_chrome_29] pages.ae.CheckOutPage - 
-------------------------------------------------------------------------
               INVOICE ADDRESS ON CHECKOUT
-------------------------------------------------------------------------
Title Fullname  : Mrs. Synthia Smith
Company Name    : Spinka Group
Address Line1   : 495 Hahn Avenue
Address Line2   : Apt. 729
Address Line3   : South Sixtabury Arkansas 792867
Country         : Australia
Phone           : 8784581171
--------------------------------------------------------------------------

2026-06-01 15:30:27 [TestNG-test-Release 1.0 Testing for AE-1] INFO  [qa] [Test_AE10_TC14_Verify_Place_Order_For_Customer_Registered_On_Checkout_chrome_29] test.ae.PlaceOrderTests - Running:Step-6.2
2026-06-01 15:30:27 [TestNG-test-Release 1.0 Testing for AE-1] INFO  [qa] [Test_AE10_TC14_Verify_Place_Order_For_Customer_Registered_On_Checkout_chrome_29] pages.ae.CheckOutPage - 
				PRODUCT-1 DETAILS FROM CART
---------------------------------------------------
Name        : Blue Top
Category    : Women
SubCategory : Tops
Price       : 500
Quantity    : 1
Total       : 500
----------------------------------------------------


2026-06-01 15:30:28 [TestNG-test-Release 1.0 Testing for AE-1] INFO  [qa] [Test_AE10_TC14_Verify_Place_Order_For_Customer_Registered_On_Checkout_chrome_29] pages.ae.CheckOutPage - 
				PRODUCT-2 DETAILS FROM CART
---------------------------------------------------
Name        : Men Tshirt
Category    : Men
SubCategory : Tshirts
Price       : 400
Quantity    : 1
Total       : 400
----------------------------------------------------


2026-06-01 15:30:28 [TestNG-test-Release 1.0 Testing for AE-1] INFO  [qa] [Test_AE10_TC14_Verify_Place_Order_For_Customer_Registered_On_Checkout_chrome_29] pages.ae.CheckOutPage - 
				CART SUMMARY
---------------------------------------------------
Total of <2> Product/s are Added To Cart
Cart Total Price is '900'
----------------------------------------------------


2026-06-01 15:30:28 [TestNG-test-Release 1.0 Testing for AE-1] INFO  [qa] [Test_AE10_TC14_Verify_Place_Order_For_Customer_Registered_On_Checkout_chrome_29] test.ae.PlaceOrderTests - The expected cart total: 900
2026-06-01 15:30:28 [TestNG-test-Release 1.0 Testing for AE-1] INFO  [qa] [Test_AE10_TC14_Verify_Place_Order_For_Customer_Registered_On_Checkout_chrome_29] test.ae.PlaceOrderTests - Running:Step-7
2026-06-01 15:30:31 [TestNG-test-Release 1.0 Testing for AE-1] INFO  [qa] [Test_AE10_TC14_Verify_Place_Order_For_Customer_Registered_On_Checkout_chrome_29] test.ae.PlaceOrderTests - Running:Step-8
2026-06-01 15:30:36 [TestNG-test-Release 1.0 Testing for AE-1] INFO  [qa] [Test_AE10_TC14_Verify_Place_Order_For_Customer_Registered_On_Checkout_chrome_29] test.ae.PlaceOrderTests - Running:Step-9
2026-06-01 15:30:39 [TestNG-test-Release 1.0 Testing for AE-1] INFO  [qa] [Test_AE10_TC14_Verify_Place_Order_For_Customer_Registered_On_Checkout_chrome_29] test.ae.PlaceOrderTests - Running:Step-10
2026-06-01 15:30:39 [TestNG-test-Release 1.0 Testing for AE-1] INFO  [qa] [Test_AE10_TC14_Verify_Place_Order_For_Customer_Registered_On_Checkout_chrome_29] test.ae.PlaceOrderTests - Running:Step-11 >>>> Cleanup
2026-06-01 15:30:43 [TestNG-test-Release 1.0 Testing for AE-1] INFO  [qa] [Test_AE10_TC14_Verify_Place_Order_For_Customer_Registered_On_Checkout_chrome_29] framework.listeners.TestListener - TEST PASSED: Test_AE10_TC14_Verify_Place_Order_For_Customer_Registered_On_Checkout
2026-06-01 15:30:46 [TestNG-test-Release 1.0 Testing for AE-1] ERROR [qa] [Test_AE10_TC14_Verify_Place_Order_For_Customer_Registered_On_Checkout_chrome_29] io.qameta.allure.AllureLifecycle - Could not add attachment: no test is running
2026-06-01 15:30:46 [TestNG-test-Release 1.0 Testing for AE-1] INFO  [qa] [Test_AE10_TC14_Verify_Place_Order_For_Customer_Registered_On_Checkout_chrome_29] framework.listeners.TestListener - Screenshot attached: PASSED Screenshot:
2026-06-01 15:30:49 [TestNG-test-Release 1.0 Testing for AE-1] INFO  [qa] [Test_AE10_TC14_Verify_Place_Order_For_Customer_Registered_On_Checkout_chrome_29] test.ae.PlaceOrderTests - Trace stopped for: Test_AE10_TC14_Verify_Place_Order_For_Customer_Registered_On_Checkout
2026-06-01 15:30:52 [TestNG-test-Release 1.0 Testing for AE-1] INFO  [qa] [Test_AE10_TC14_Verify_Place_Order_For_Customer_Registered_On_Checkout_chrome_29] framework.drivers.DriverManager - Browser closed successfully.
2026-06-01 15:30:52 [TestNG-test-Release 1.0 Testing for AE-1] INFO  [qa] [Test_AE10_TC14_Verify_Place_Order_For_Customer_Registered_On_Checkout_chrome_29] test.ae.PlaceOrderTests - Driver shutdown successful.
2026-06-01 15:30:52 [TestNG-test-Release 1.0 Testing for AE-1] INFO  [qa] [Test_AE10_TC14_Verify_Place_Order_For_Customer_Registered_On_Checkout_chrome_29] reporting.ReportManager - ✅ Attachment added to Allure: 🎭 Playwright Trace — Test_AE10_TC14_Verify_Place_Order_For_Customer_Registered_On_Checkout
2026-06-01 15:30:52 [TestNG-test-Release 1.0 Testing for AE-1] INFO  [qa] [Test_AE10_TC14_Verify_Place_Order_For_Customer_Registered_On_Checkout_chrome_29] test.ae.PlaceOrderTests - Trace attached for: Test_AE10_TC14_Verify_Place_Order_For_Customer_Registered_On_Checkout
2026-06-01 15:30:52 [TestNG-test-Release 1.0 Testing for AE-1] INFO  [qa] [Test_AE10_TC14_Verify_Place_Order_For_Customer_Registered_On_Checkout_chrome_29] test.ae.PlaceOrderTests - trace temp file deleted from disk.
2026-06-01 15:30:52 [TestNG-test-Release 1.0 Testing for AE-1] INFO  [qa] [Test_AE10_TC14_Verify_Place_Order_For_Customer_Registered_On_Checkout_chrome_29] reporting.ReportManager - ✅ Attachment added to Allure: 🎬 Test Video — Test_AE10_TC14_Verify_Place_Order_For_Customer_Registered_On_Checkout
2026-06-01 15:30:52 [TestNG-test-Release 1.0 Testing for AE-1] INFO  [qa] [Test_AE10_TC14_Verify_Place_Order_For_Customer_Registered_On_Checkout_chrome_29] test.ae.PlaceOrderTests - Video attached for: Test_AE10_TC14_Verify_Place_Order_For_Customer_Registered_On_Checkout
2026-06-01 15:30:52 [TestNG-test-Release 1.0 Testing for AE-1] INFO  [qa] [Test_AE10_TC14_Verify_Place_Order_For_Customer_Registered_On_Checkout_chrome_29] test.ae.PlaceOrderTests - video temp file deleted from disk.
