2026-08-24 09:48:43 [TestNG-test-Release 1.0 Testing for AE-4] INFO  [qa] [Test_AE5_TC08_Verify_Product_Search_Detail_Page_chrome_23] framework.listeners.TestListener - --- STARTING TEST : ProductsTests#Test_AE5_TC08_Verify_Product_Search_Detail_Page on chrome [thread-23] ---
2026-08-24 09:48:43 [TestNG-test-Release 1.0 Testing for AE-4] INFO  [qa] [Test_AE5_TC08_Verify_Product_Search_Detail_Page_chrome_23] test.ae.ProductsTests - Running:Step-1
2026-08-24 09:48:48 [TestNG-test-Release 1.0 Testing for AE-4] INFO  [qa] [Test_AE5_TC08_Verify_Product_Search_Detail_Page_chrome_23] framework.listeners.TestListener - TEST FAILED: Test_AE5_TC08_Verify_Product_Search_Detail_Page
2026-08-24 09:48:48 [TestNG-test-Release 1.0 Testing for AE-4] ERROR [qa] [Test_AE5_TC08_Verify_Product_Search_Detail_Page_chrome_23] framework.listeners.TestListener - Failure Reason: org.opentest4j.AssertionFailedError: Page title expected to match regex
Expected: Automation Exercise
Received: One moment, please...

Call log:
  - Assert "hasTitle" with timeout 5000ms
    7 × unexpected value "One moment, please..."
    - waiting for" https://automationexercise.com/" navigation to finish...
    - navigated to "https://automationexercise.com/"
    - unexpected value "One moment, please..."
2026-08-24 09:48:48 [TestNG-test-Release 1.0 Testing for AE-4] ERROR [qa] [Test_AE5_TC08_Verify_Product_Search_Detail_Page_chrome_23] io.qameta.allure.AllureLifecycle - Could not add attachment: no test is running
2026-08-24 09:48:48 [TestNG-test-Release 1.0 Testing for AE-4] ERROR [qa] [Test_AE5_TC08_Verify_Product_Search_Detail_Page_chrome_23] io.qameta.allure.AllureLifecycle - Could not start step: no test case running
2026-08-24 09:48:48 [TestNG-test-Release 1.0 Testing for AE-4] ERROR [qa] [Test_AE5_TC08_Verify_Product_Search_Detail_Page_chrome_23] io.qameta.allure.AllureLifecycle - Could not stop step: step with uuid fed8cbcc-b51f-4c81-beaa-18539406524e not found
2026-08-24 09:48:48 [TestNG-test-Release 1.0 Testing for AE-4] INFO  [qa] [Test_AE5_TC08_Verify_Product_Search_Detail_Page_chrome_23] framework.listeners.TestListener - Screenshot attached: FAILURE Screenshot:
2026-08-24 09:48:48 [TestNG-test-Release 1.0 Testing for AE-4] INFO  [qa] [Test_AE5_TC08_Verify_Product_Search_Detail_Page_chrome_23] test.ae.ProductsTests - Trace stopped for: Test_AE5_TC08_Verify_Product_Search_Detail_Page
2026-08-24 09:48:50 [TestNG-test-Release 1.0 Testing for AE-4] INFO  [qa] [Test_AE5_TC08_Verify_Product_Search_Detail_Page_chrome_23] framework.drivers.DriverManager - Browser closed successfully.
2026-08-24 09:48:50 [TestNG-test-Release 1.0 Testing for AE-4] INFO  [qa] [Test_AE5_TC08_Verify_Product_Search_Detail_Page_chrome_23] test.ae.ProductsTests - Driver shutdown successful.
2026-08-24 09:48:50 [TestNG-test-Release 1.0 Testing for AE-4] INFO  [qa] [Test_AE5_TC08_Verify_Product_Search_Detail_Page_chrome_23] reporting.ReportManager - ✅ Attachment added to Allure: 🎭 Playwright Trace — Test_AE5_TC08_Verify_Product_Search_Detail_Page
2026-08-24 09:48:50 [TestNG-test-Release 1.0 Testing for AE-4] INFO  [qa] [Test_AE5_TC08_Verify_Product_Search_Detail_Page_chrome_23] test.ae.ProductsTests - Trace attached for: Test_AE5_TC08_Verify_Product_Search_Detail_Page
2026-08-24 09:48:50 [TestNG-test-Release 1.0 Testing for AE-4] INFO  [qa] [Test_AE5_TC08_Verify_Product_Search_Detail_Page_chrome_23] test.ae.ProductsTests - trace temp file deleted from disk.
2026-08-24 09:48:50 [TestNG-test-Release 1.0 Testing for AE-4] INFO  [qa] [Test_AE5_TC08_Verify_Product_Search_Detail_Page_chrome_23] reporting.ReportManager - ✅ Attachment added to Allure: 🎬 Test Video — Test_AE5_TC08_Verify_Product_Search_Detail_Page
2026-08-24 09:48:50 [TestNG-test-Release 1.0 Testing for AE-4] INFO  [qa] [Test_AE5_TC08_Verify_Product_Search_Detail_Page_chrome_23] test.ae.ProductsTests - Video attached for: Test_AE5_TC08_Verify_Product_Search_Detail_Page
2026-08-24 09:48:50 [TestNG-test-Release 1.0 Testing for AE-4] INFO  [qa] [Test_AE5_TC08_Verify_Product_Search_Detail_Page_chrome_23] test.ae.ProductsTests - video temp file deleted from disk.
