2026-08-24 09:54:49 [TestNG-test-Release 1.0 Testing for AE-1] INFO  [qa] [Test_AE1_TC01_Verify_New_User_SignUp_chrome_29] framework.listeners.TestListener - --- STARTING TEST : SignupTests#Test_AE1_TC01_Verify_New_User_SignUp on chrome [thread-29] ---
2026-08-24 09:54:49 [TestNG-test-Release 1.0 Testing for AE-1] INFO  [qa] [Test_AE1_TC01_Verify_New_User_SignUp_chrome_29] test.ae.SignupTests - Running:Step-1
2026-08-24 09:54:51 [TestNG-test-Release 1.0 Testing for AE-1] INFO  [qa] [Test_AE1_TC01_Verify_New_User_SignUp_chrome_29] test.ae.SignupTests - Running:Step-2
2026-08-24 09:54:54 [TestNG-test-Release 1.0 Testing for AE-1] INFO  [qa] [Test_AE1_TC01_Verify_New_User_SignUp_chrome_29] test.ae.SignupTests - Running:Step-3
2026-08-24 09:54:58 [TestNG-test-Release 1.0 Testing for AE-1] INFO  [qa] [Test_AE1_TC01_Verify_New_User_SignUp_chrome_29] test.ae.SignupTests - Running:Step-4
2026-08-24 09:55:04 [TestNG-test-Release 1.0 Testing for AE-1] INFO  [qa] [Test_AE1_TC01_Verify_New_User_SignUp_chrome_29] pages.ae.SignupDetailPage - Checkbox: 'Newsletter' is set to: true
2026-08-24 09:55:05 [TestNG-test-Release 1.0 Testing for AE-1] INFO  [qa] [Test_AE1_TC01_Verify_New_User_SignUp_chrome_29] pages.ae.SignupDetailPage - Checkbox: 'Special Offers' is set to: false
2026-08-24 09:55:05 [TestNG-test-Release 1.0 Testing for AE-1] INFO  [qa] [Test_AE1_TC01_Verify_New_User_SignUp_chrome_29] test.ae.SignupTests - Running:Step-5
2026-08-24 09:55:05 [TestNG-test-Release 1.0 Testing for AE-1] ERROR [qa] [Test_AE1_TC01_Verify_New_User_SignUp_chrome_29] io.qameta.allure.util.NamingUtils - Could not process empty pattern
2026-08-24 09:55:05 [TestNG-test-Release 1.0 Testing for AE-1] ERROR [qa] [Test_AE1_TC01_Verify_New_User_SignUp_chrome_29] io.qameta.allure.util.NamingUtils - Could not process empty pattern
2026-08-24 09:55:13 [TestNG-test-Release 1.0 Testing for AE-1] ERROR [qa] [Test_AE1_TC01_Verify_New_User_SignUp_chrome_29] io.qameta.allure.util.NamingUtils - Could not find parameter zipcpde
2026-08-24 09:55:15 [TestNG-test-Release 1.0 Testing for AE-1] INFO  [qa] [Test_AE1_TC01_Verify_New_User_SignUp_chrome_29] pages.ae.SignupDetailPage - Checkbox: 'Special Offers' is set to: false
2026-08-24 09:55:15 [TestNG-test-Release 1.0 Testing for AE-1] INFO  [qa] [Test_AE1_TC01_Verify_New_User_SignUp_chrome_29] test.ae.SignupTests - Running:Step-6
2026-08-24 09:55:21 [TestNG-test-Release 1.0 Testing for AE-1] INFO  [qa] [Test_AE1_TC01_Verify_New_User_SignUp_chrome_29] framework.listeners.TestListener - TEST PASSED: Test_AE1_TC01_Verify_New_User_SignUp
2026-08-24 09:55:22 [TestNG-test-Release 1.0 Testing for AE-1] ERROR [qa] [Test_AE1_TC01_Verify_New_User_SignUp_chrome_29] io.qameta.allure.AllureLifecycle - Could not add attachment: no test is running
2026-08-24 09:55:22 [TestNG-test-Release 1.0 Testing for AE-1] INFO  [qa] [Test_AE1_TC01_Verify_New_User_SignUp_chrome_29] framework.listeners.TestListener - Screenshot attached: PASSED Screenshot:
2026-08-24 09:55:23 [TestNG-test-Release 1.0 Testing for AE-1] INFO  [qa] [Test_AE1_TC01_Verify_New_User_SignUp_chrome_29] test.ae.SignupTests - Trace stopped for: Test_AE1_TC01_Verify_New_User_SignUp
2026-08-24 09:55:25 [TestNG-test-Release 1.0 Testing for AE-1] INFO  [qa] [Test_AE1_TC01_Verify_New_User_SignUp_chrome_29] framework.drivers.DriverManager - Browser closed successfully.
2026-08-24 09:55:25 [TestNG-test-Release 1.0 Testing for AE-1] INFO  [qa] [Test_AE1_TC01_Verify_New_User_SignUp_chrome_29] test.ae.SignupTests - Driver shutdown successful.
2026-08-24 09:55:25 [TestNG-test-Release 1.0 Testing for AE-1] INFO  [qa] [Test_AE1_TC01_Verify_New_User_SignUp_chrome_29] reporting.ReportManager - ✅ Attachment added to Allure: 🎭 Playwright Trace — Test_AE1_TC01_Verify_New_User_SignUp
2026-08-24 09:55:25 [TestNG-test-Release 1.0 Testing for AE-1] INFO  [qa] [Test_AE1_TC01_Verify_New_User_SignUp_chrome_29] test.ae.SignupTests - Trace attached for: Test_AE1_TC01_Verify_New_User_SignUp
2026-08-24 09:55:25 [TestNG-test-Release 1.0 Testing for AE-1] INFO  [qa] [Test_AE1_TC01_Verify_New_User_SignUp_chrome_29] test.ae.SignupTests - trace temp file deleted from disk.
2026-08-24 09:55:25 [TestNG-test-Release 1.0 Testing for AE-1] INFO  [qa] [Test_AE1_TC01_Verify_New_User_SignUp_chrome_29] reporting.ReportManager - ✅ Attachment added to Allure: 🎬 Test Video — Test_AE1_TC01_Verify_New_User_SignUp
2026-08-24 09:55:25 [TestNG-test-Release 1.0 Testing for AE-1] INFO  [qa] [Test_AE1_TC01_Verify_New_User_SignUp_chrome_29] test.ae.SignupTests - Video attached for: Test_AE1_TC01_Verify_New_User_SignUp
2026-08-24 09:55:25 [TestNG-test-Release 1.0 Testing for AE-1] INFO  [qa] [Test_AE1_TC01_Verify_New_User_SignUp_chrome_29] test.ae.SignupTests - video temp file deleted from disk.
