2026-06-29 13:12:29 [TestNG-test-Release 1.0 Testing for AE-4] INFO  [qa] [Test_AE10_TC14_Verify_Place_Order_For_Customer_Registered_On_Checkout_chrome_32] framework.listeners.TestListener - --- STARTING TEST : PlaceOrderTests#Test_AE10_TC14_Verify_Place_Order_For_Customer_Registered_On_Checkout on chrome [thread-32] ---
2026-06-29 13:12:29 [TestNG-test-Release 1.0 Testing for AE-4] INFO  [qa] [Test_AE10_TC14_Verify_Place_Order_For_Customer_Registered_On_Checkout_chrome_32] test.ae.PlaceOrderTests - Running:Step-1
2026-06-29 13:12:32 [TestNG-test-Release 1.0 Testing for AE-4] INFO  [qa] [Test_AE10_TC14_Verify_Place_Order_For_Customer_Registered_On_Checkout_chrome_32] test.ae.PlaceOrderTests - Running:Step-2
2026-06-29 13:12:34 [TestNG-test-Release 1.0 Testing for AE-4] INFO  [qa] [Test_AE10_TC14_Verify_Place_Order_For_Customer_Registered_On_Checkout_chrome_32] pages.ae.HomePage - Navigating to Products
2026-06-29 13:12:37 [TestNG-test-Release 1.0 Testing for AE-4] INFO  [qa] [Test_AE10_TC14_Verify_Place_Order_For_Customer_Registered_On_Checkout_chrome_32] pages.ae.ProductsPage - 
---------------------------------------------------
Product 1 Added To Cart
Name  : Blue Top
Price : 500
------------------------xxxx-----------------------

2026-06-29 13:12:41 [TestNG-test-Release 1.0 Testing for AE-4] INFO  [qa] [Test_AE10_TC14_Verify_Place_Order_For_Customer_Registered_On_Checkout_chrome_32] pages.ae.ProductsPage - 
---------------------------------------------------
Product 2 Added To Cart
Name  : Men Tshirt
Price : 400
------------------------xxxx-----------------------

2026-06-29 13:12:41 [TestNG-test-Release 1.0 Testing for AE-4] INFO  [qa] [Test_AE10_TC14_Verify_Place_Order_For_Customer_Registered_On_Checkout_chrome_32] test.ae.PlaceOrderTests - Running:Step-3
2026-06-29 13:12:43 [TestNG-test-Release 1.0 Testing for AE-4] INFO  [qa] [Test_AE10_TC14_Verify_Place_Order_For_Customer_Registered_On_Checkout_chrome_32] pages.ae.HomePage - Navigating to Cart
2026-06-29 13:12:44 [TestNG-test-Release 1.0 Testing for AE-4] INFO  [qa] [Test_AE10_TC14_Verify_Place_Order_For_Customer_Registered_On_Checkout_chrome_32] test.ae.PlaceOrderTests - Running:Step-4
2026-06-29 13:12:55 [TestNG-test-Release 1.0 Testing for AE-4] INFO  [qa] [Test_AE10_TC14_Verify_Place_Order_For_Customer_Registered_On_Checkout_chrome_32] pages.ae.SignupDetailPage - Checkbox: 'Newsletter' is set to: false
2026-06-29 13:12:56 [TestNG-test-Release 1.0 Testing for AE-4] INFO  [qa] [Test_AE10_TC14_Verify_Place_Order_For_Customer_Registered_On_Checkout_chrome_32] pages.ae.SignupDetailPage - Checkbox: 'Special Offers' is set to: true
2026-06-29 13:12:56 [TestNG-test-Release 1.0 Testing for AE-4] ERROR [qa] [Test_AE10_TC14_Verify_Place_Order_For_Customer_Registered_On_Checkout_chrome_32] io.qameta.allure.util.NamingUtils - Could not process empty pattern
2026-06-29 13:12:56 [TestNG-test-Release 1.0 Testing for AE-4] ERROR [qa] [Test_AE10_TC14_Verify_Place_Order_For_Customer_Registered_On_Checkout_chrome_32] io.qameta.allure.util.NamingUtils - Could not process empty pattern
2026-06-29 13:13:05 [TestNG-test-Release 1.0 Testing for AE-4] ERROR [qa] [Test_AE10_TC14_Verify_Place_Order_For_Customer_Registered_On_Checkout_chrome_32] io.qameta.allure.util.NamingUtils - Could not find parameter zipcpde
2026-06-29 13:13:11 [TestNG-test-Release 1.0 Testing for AE-4] INFO  [qa] [Test_AE10_TC14_Verify_Place_Order_For_Customer_Registered_On_Checkout_chrome_32] test.ae.PlaceOrderTests - Running:Step-5
2026-06-29 13:13:13 [TestNG-test-Release 1.0 Testing for AE-4] INFO  [qa] [Test_AE10_TC14_Verify_Place_Order_For_Customer_Registered_On_Checkout_chrome_32] pages.ae.HomePage - Navigating to Cart
2026-06-29 13:13:14 [TestNG-test-Release 1.0 Testing for AE-4] INFO  [qa] [Test_AE10_TC14_Verify_Place_Order_For_Customer_Registered_On_Checkout_chrome_32] test.ae.PlaceOrderTests - Running:Step-6.1
2026-06-29 13:13:15 [TestNG-test-Release 1.0 Testing for AE-4] INFO  [qa] [Test_AE10_TC14_Verify_Place_Order_For_Customer_Registered_On_Checkout_chrome_32] pages.ae.CheckOutPage - 
-------------------------------------------------------------------------
               DELIVERY ADDRESS ON CHECKOUT
-------------------------------------------------------------------------
Title Fullname  : Mrs. Laverna Wunsch
Company Name    : Cruickshank, Bayer and Simonis
Address Line1   : 59771 Treva Road
Address Line2   : Apt. 399
Address Line3   : New Glendorastad South Dakota 248367
Country         : New Zealand
Phone           : 0451654082
-------------------------------------------------------------------------

2026-06-29 13:13:15 [TestNG-test-Release 1.0 Testing for AE-4] INFO  [qa] [Test_AE10_TC14_Verify_Place_Order_For_Customer_Registered_On_Checkout_chrome_32] pages.ae.CheckOutPage - 
-------------------------------------------------------------------------
               INVOICE ADDRESS ON CHECKOUT
-------------------------------------------------------------------------
Title Fullname  : Mrs. Laverna Wunsch
Company Name    : Cruickshank, Bayer and Simonis
Address Line1   : 59771 Treva Road
Address Line2   : Apt. 399
Address Line3   : New Glendorastad South Dakota 248367
Country         : New Zealand
Phone           : 0451654082
--------------------------------------------------------------------------

2026-06-29 13:13:15 [TestNG-test-Release 1.0 Testing for AE-4] INFO  [qa] [Test_AE10_TC14_Verify_Place_Order_For_Customer_Registered_On_Checkout_chrome_32] test.ae.PlaceOrderTests - Running:Step-6.2
2026-06-29 13:13:15 [TestNG-test-Release 1.0 Testing for AE-4] INFO  [qa] [Test_AE10_TC14_Verify_Place_Order_For_Customer_Registered_On_Checkout_chrome_32] pages.ae.CheckOutPage - 
				PRODUCT-1 DETAILS FROM CART
---------------------------------------------------
Name        : Blue Top
Category    : Women
SubCategory : Tops
Price       : 500
Quantity    : 1
Total       : 500
----------------------------------------------------


2026-06-29 13:13:15 [TestNG-test-Release 1.0 Testing for AE-4] INFO  [qa] [Test_AE10_TC14_Verify_Place_Order_For_Customer_Registered_On_Checkout_chrome_32] pages.ae.CheckOutPage - 
				PRODUCT-2 DETAILS FROM CART
---------------------------------------------------
Name        : Men Tshirt
Category    : Men
SubCategory : Tshirts
Price       : 400
Quantity    : 1
Total       : 400
----------------------------------------------------


2026-06-29 13:13:15 [TestNG-test-Release 1.0 Testing for AE-4] INFO  [qa] [Test_AE10_TC14_Verify_Place_Order_For_Customer_Registered_On_Checkout_chrome_32] pages.ae.CheckOutPage - 
				CART SUMMARY
---------------------------------------------------
Total of <2> Product/s are Added To Cart
Cart Total Price is '900'
----------------------------------------------------


2026-06-29 13:13:15 [TestNG-test-Release 1.0 Testing for AE-4] INFO  [qa] [Test_AE10_TC14_Verify_Place_Order_For_Customer_Registered_On_Checkout_chrome_32] test.ae.PlaceOrderTests - The expected cart total: 900
2026-06-29 13:13:15 [TestNG-test-Release 1.0 Testing for AE-4] INFO  [qa] [Test_AE10_TC14_Verify_Place_Order_For_Customer_Registered_On_Checkout_chrome_32] test.ae.PlaceOrderTests - Running:Step-7
2026-06-29 13:13:19 [TestNG-test-Release 1.0 Testing for AE-4] INFO  [qa] [Test_AE10_TC14_Verify_Place_Order_For_Customer_Registered_On_Checkout_chrome_32] test.ae.PlaceOrderTests - Running:Step-8
2026-06-29 13:13:24 [TestNG-test-Release 1.0 Testing for AE-4] INFO  [qa] [Test_AE10_TC14_Verify_Place_Order_For_Customer_Registered_On_Checkout_chrome_32] test.ae.PlaceOrderTests - Running:Step-9
2026-06-29 13:13:27 [TestNG-test-Release 1.0 Testing for AE-4] INFO  [qa] [Test_AE10_TC14_Verify_Place_Order_For_Customer_Registered_On_Checkout_chrome_32] test.ae.PlaceOrderTests - Running:Step-10
2026-06-29 13:13:27 [TestNG-test-Release 1.0 Testing for AE-4] INFO  [qa] [Test_AE10_TC14_Verify_Place_Order_For_Customer_Registered_On_Checkout_chrome_32] test.ae.PlaceOrderTests - Running:Step-11 >>>> Cleanup
2026-06-29 13:13:30 [TestNG-test-Release 1.0 Testing for AE-4] INFO  [qa] [Test_AE10_TC14_Verify_Place_Order_For_Customer_Registered_On_Checkout_chrome_32] framework.listeners.TestListener - TEST PASSED: Test_AE10_TC14_Verify_Place_Order_For_Customer_Registered_On_Checkout
2026-06-29 13:13:31 [TestNG-test-Release 1.0 Testing for AE-4] ERROR [qa] [Test_AE10_TC14_Verify_Place_Order_For_Customer_Registered_On_Checkout_chrome_32] io.qameta.allure.AllureLifecycle - Could not add attachment: no test is running
2026-06-29 13:13:31 [TestNG-test-Release 1.0 Testing for AE-4] INFO  [qa] [Test_AE10_TC14_Verify_Place_Order_For_Customer_Registered_On_Checkout_chrome_32] framework.listeners.TestListener - Screenshot attached: PASSED Screenshot:
2026-06-29 13:13:33 [TestNG-test-Release 1.0 Testing for AE-4] INFO  [qa] [Test_AE10_TC14_Verify_Place_Order_For_Customer_Registered_On_Checkout_chrome_32] test.ae.PlaceOrderTests - Trace stopped for: Test_AE10_TC14_Verify_Place_Order_For_Customer_Registered_On_Checkout
2026-06-29 13:13:34 [TestNG-test-Release 1.0 Testing for AE-4] INFO  [qa] [Test_AE10_TC14_Verify_Place_Order_For_Customer_Registered_On_Checkout_chrome_32] framework.drivers.DriverManager - Browser closed successfully.
2026-06-29 13:13:34 [TestNG-test-Release 1.0 Testing for AE-4] INFO  [qa] [Test_AE10_TC14_Verify_Place_Order_For_Customer_Registered_On_Checkout_chrome_32] test.ae.PlaceOrderTests - Driver shutdown successful.
2026-06-29 13:13:34 [TestNG-test-Release 1.0 Testing for AE-4] INFO  [qa] [Test_AE10_TC14_Verify_Place_Order_For_Customer_Registered_On_Checkout_chrome_32] reporting.ReportManager - ✅ Attachment added to Allure: 🎭 Playwright Trace — Test_AE10_TC14_Verify_Place_Order_For_Customer_Registered_On_Checkout
2026-06-29 13:13:34 [TestNG-test-Release 1.0 Testing for AE-4] INFO  [qa] [Test_AE10_TC14_Verify_Place_Order_For_Customer_Registered_On_Checkout_chrome_32] test.ae.PlaceOrderTests - Trace attached for: Test_AE10_TC14_Verify_Place_Order_For_Customer_Registered_On_Checkout
2026-06-29 13:13:34 [TestNG-test-Release 1.0 Testing for AE-4] INFO  [qa] [Test_AE10_TC14_Verify_Place_Order_For_Customer_Registered_On_Checkout_chrome_32] test.ae.PlaceOrderTests - trace temp file deleted from disk.
2026-06-29 13:13:34 [TestNG-test-Release 1.0 Testing for AE-4] INFO  [qa] [Test_AE10_TC14_Verify_Place_Order_For_Customer_Registered_On_Checkout_chrome_32] reporting.ReportManager - ✅ Attachment added to Allure: 🎬 Test Video — Test_AE10_TC14_Verify_Place_Order_For_Customer_Registered_On_Checkout
2026-06-29 13:13:34 [TestNG-test-Release 1.0 Testing for AE-4] INFO  [qa] [Test_AE10_TC14_Verify_Place_Order_For_Customer_Registered_On_Checkout_chrome_32] test.ae.PlaceOrderTests - Video attached for: Test_AE10_TC14_Verify_Place_Order_For_Customer_Registered_On_Checkout
2026-06-29 13:13:34 [TestNG-test-Release 1.0 Testing for AE-4] INFO  [qa] [Test_AE10_TC14_Verify_Place_Order_For_Customer_Registered_On_Checkout_chrome_32] test.ae.PlaceOrderTests - video temp file deleted from disk.
