2026-09-28 17:31:16 [TestNG-test-Release 1.0 Testing for AE-1] INFO  [qa] [Test_AE5_TC08_Verify_Product_Search_Detail_Page_chrome_29] framework.listeners.TestListener - --- STARTING TEST : ProductsTests#Test_AE5_TC08_Verify_Product_Search_Detail_Page on chrome [thread-29] ---
2026-09-28 17:31:16 [TestNG-test-Release 1.0 Testing for AE-1] INFO  [qa] [Test_AE5_TC08_Verify_Product_Search_Detail_Page_chrome_29] test.ae.ProductsTests - Running:Step-1
2026-09-28 17:31:21 [TestNG-test-Release 1.0 Testing for AE-1] INFO  [qa] [Test_AE5_TC08_Verify_Product_Search_Detail_Page_chrome_29] framework.listeners.TestListener - TEST FAILED: Test_AE5_TC08_Verify_Product_Search_Detail_Page
2026-09-28 17:31:21 [TestNG-test-Release 1.0 Testing for AE-1] ERROR [qa] [Test_AE5_TC08_Verify_Product_Search_Detail_Page_chrome_29] framework.listeners.TestListener - Failure Reason: org.opentest4j.AssertionFailedError: Page title expected to match regex
Expected: Automation Exercise
Received: One moment, please...

Call log:
  - Assert "hasTitle" with timeout 5000ms
    7 × unexpected value "One moment, please..."
    - waiting for navigation to finish...
    - navigated to "https://automationexercise.com/"
    - unexpected value "One moment, please..."
2026-09-28 17:31:21 [TestNG-test-Release 1.0 Testing for AE-1] ERROR [qa] [Test_AE5_TC08_Verify_Product_Search_Detail_Page_chrome_29] io.qameta.allure.AllureLifecycle - Could not add attachment: no test is running
2026-09-28 17:31:21 [TestNG-test-Release 1.0 Testing for AE-1] ERROR [qa] [Test_AE5_TC08_Verify_Product_Search_Detail_Page_chrome_29] io.qameta.allure.AllureLifecycle - Could not start step: no test case running
2026-09-28 17:31:21 [TestNG-test-Release 1.0 Testing for AE-1] ERROR [qa] [Test_AE5_TC08_Verify_Product_Search_Detail_Page_chrome_29] io.qameta.allure.AllureLifecycle - Could not stop step: step with uuid 1cb99b6e-a143-41d6-8357-80ba232ec84c not found
2026-09-28 17:31:21 [TestNG-test-Release 1.0 Testing for AE-1] INFO  [qa] [Test_AE5_TC08_Verify_Product_Search_Detail_Page_chrome_29] framework.listeners.TestListener - Screenshot attached: FAILURE Screenshot:
2026-09-28 17:31:21 [TestNG-test-Release 1.0 Testing for AE-1] INFO  [qa] [Test_AE5_TC08_Verify_Product_Search_Detail_Page_chrome_29] test.ae.ProductsTests - Trace stopped for: Test_AE5_TC08_Verify_Product_Search_Detail_Page
2026-09-28 17:31:21 [TestNG-test-Release 1.0 Testing for AE-1] INFO  [qa] [Test_AE5_TC08_Verify_Product_Search_Detail_Page_chrome_29] framework.drivers.DriverManager - Browser closed successfully.
2026-09-28 17:31:21 [TestNG-test-Release 1.0 Testing for AE-1] INFO  [qa] [Test_AE5_TC08_Verify_Product_Search_Detail_Page_chrome_29] test.ae.ProductsTests - Driver shutdown successful.
2026-09-28 17:31:21 [TestNG-test-Release 1.0 Testing for AE-1] INFO  [qa] [Test_AE5_TC08_Verify_Product_Search_Detail_Page_chrome_29] reporting.ReportManager - ✅ Attachment added to Allure: 🎭 Playwright Trace — Test_AE5_TC08_Verify_Product_Search_Detail_Page
2026-09-28 17:31:21 [TestNG-test-Release 1.0 Testing for AE-1] INFO  [qa] [Test_AE5_TC08_Verify_Product_Search_Detail_Page_chrome_29] test.ae.ProductsTests - Trace attached for: Test_AE5_TC08_Verify_Product_Search_Detail_Page
2026-09-28 17:31:21 [TestNG-test-Release 1.0 Testing for AE-1] INFO  [qa] [Test_AE5_TC08_Verify_Product_Search_Detail_Page_chrome_29] test.ae.ProductsTests - trace temp file deleted from disk.
2026-09-28 17:31:21 [TestNG-test-Release 1.0 Testing for AE-1] INFO  [qa] [Test_AE5_TC08_Verify_Product_Search_Detail_Page_chrome_29] reporting.ReportManager - ✅ Attachment added to Allure: 🎬 Test Video — Test_AE5_TC08_Verify_Product_Search_Detail_Page
2026-09-28 17:31:21 [TestNG-test-Release 1.0 Testing for AE-1] INFO  [qa] [Test_AE5_TC08_Verify_Product_Search_Detail_Page_chrome_29] test.ae.ProductsTests - Video attached for: Test_AE5_TC08_Verify_Product_Search_Detail_Page
2026-09-28 17:31:21 [TestNG-test-Release 1.0 Testing for AE-1] INFO  [qa] [Test_AE5_TC08_Verify_Product_Search_Detail_Page_chrome_29] test.ae.ProductsTests - video temp file deleted from disk.
