2026-08-24 09:49:23 [TestNG-test-Release 1.0 Testing for AE-2] INFO  [qa] [Test_AE9_TC22_Verify_Add_Recommended_To_Cart_chrome_21] framework.listeners.TestListener - --- STARTING TEST : AddToCartTests#Test_AE9_TC22_Verify_Add_Recommended_To_Cart on chrome [thread-21] ---
2026-08-24 09:49:23 [TestNG-test-Release 1.0 Testing for AE-2] INFO  [qa] [Test_AE9_TC22_Verify_Add_Recommended_To_Cart_chrome_21] test.ae.AddToCartTests - Running:Step-1
2026-08-24 09:49:28 [TestNG-test-Release 1.0 Testing for AE-2] INFO  [qa] [Test_AE9_TC22_Verify_Add_Recommended_To_Cart_chrome_21] framework.listeners.TestListener - TEST FAILED: Test_AE9_TC22_Verify_Add_Recommended_To_Cart
2026-08-24 09:49:28 [TestNG-test-Release 1.0 Testing for AE-2] ERROR [qa] [Test_AE9_TC22_Verify_Add_Recommended_To_Cart_chrome_21] framework.listeners.TestListener - Failure Reason: org.opentest4j.AssertionFailedError: Page title expected to match regex
Expected: Automation Exercise
Received: One moment, please...

Call log:
  - Assert "hasTitle" with timeout 5000ms
    9 × unexpected value "One moment, please..."
2026-08-24 09:49:28 [TestNG-test-Release 1.0 Testing for AE-2] ERROR [qa] [Test_AE9_TC22_Verify_Add_Recommended_To_Cart_chrome_21] io.qameta.allure.AllureLifecycle - Could not add attachment: no test is running
2026-08-24 09:49:28 [TestNG-test-Release 1.0 Testing for AE-2] ERROR [qa] [Test_AE9_TC22_Verify_Add_Recommended_To_Cart_chrome_21] io.qameta.allure.AllureLifecycle - Could not start step: no test case running
2026-08-24 09:49:28 [TestNG-test-Release 1.0 Testing for AE-2] ERROR [qa] [Test_AE9_TC22_Verify_Add_Recommended_To_Cart_chrome_21] io.qameta.allure.AllureLifecycle - Could not stop step: step with uuid 8ae7ec8b-58db-4753-8ca8-84c010431f90 not found
2026-08-24 09:49:28 [TestNG-test-Release 1.0 Testing for AE-2] INFO  [qa] [Test_AE9_TC22_Verify_Add_Recommended_To_Cart_chrome_21] framework.listeners.TestListener - Screenshot attached: FAILURE Screenshot:
2026-08-24 09:49:28 [TestNG-test-Release 1.0 Testing for AE-2] INFO  [qa] [Test_AE9_TC22_Verify_Add_Recommended_To_Cart_chrome_21] test.ae.AddToCartTests - Trace stopped for: Test_AE9_TC22_Verify_Add_Recommended_To_Cart
2026-08-24 09:49:29 [TestNG-test-Release 1.0 Testing for AE-2] INFO  [qa] [Test_AE9_TC22_Verify_Add_Recommended_To_Cart_chrome_21] framework.drivers.DriverManager - Browser closed successfully.
2026-08-24 09:49:29 [TestNG-test-Release 1.0 Testing for AE-2] INFO  [qa] [Test_AE9_TC22_Verify_Add_Recommended_To_Cart_chrome_21] test.ae.AddToCartTests - Driver shutdown successful.
2026-08-24 09:49:29 [TestNG-test-Release 1.0 Testing for AE-2] INFO  [qa] [Test_AE9_TC22_Verify_Add_Recommended_To_Cart_chrome_21] reporting.ReportManager - ✅ Attachment added to Allure: 🎭 Playwright Trace — Test_AE9_TC22_Verify_Add_Recommended_To_Cart
2026-08-24 09:49:29 [TestNG-test-Release 1.0 Testing for AE-2] INFO  [qa] [Test_AE9_TC22_Verify_Add_Recommended_To_Cart_chrome_21] test.ae.AddToCartTests - Trace attached for: Test_AE9_TC22_Verify_Add_Recommended_To_Cart
2026-08-24 09:49:29 [TestNG-test-Release 1.0 Testing for AE-2] INFO  [qa] [Test_AE9_TC22_Verify_Add_Recommended_To_Cart_chrome_21] test.ae.AddToCartTests - trace temp file deleted from disk.
2026-08-24 09:49:29 [TestNG-test-Release 1.0 Testing for AE-2] INFO  [qa] [Test_AE9_TC22_Verify_Add_Recommended_To_Cart_chrome_21] reporting.ReportManager - ✅ Attachment added to Allure: 🎬 Test Video — Test_AE9_TC22_Verify_Add_Recommended_To_Cart
2026-08-24 09:49:29 [TestNG-test-Release 1.0 Testing for AE-2] INFO  [qa] [Test_AE9_TC22_Verify_Add_Recommended_To_Cart_chrome_21] test.ae.AddToCartTests - Video attached for: Test_AE9_TC22_Verify_Add_Recommended_To_Cart
2026-08-24 09:49:29 [TestNG-test-Release 1.0 Testing for AE-2] INFO  [qa] [Test_AE9_TC22_Verify_Add_Recommended_To_Cart_chrome_21] test.ae.AddToCartTests - video temp file deleted from disk.
