2026-08-31 16:58:17 [TestNG-test-Release 1.0 Testing for AE-2] INFO  [qa] [Test_AE10_TC14_Verify_Place_Order_For_Customer_Registered_On_Checkout_chrome_30] framework.listeners.TestListener - --- STARTING TEST : PlaceOrderTests#Test_AE10_TC14_Verify_Place_Order_For_Customer_Registered_On_Checkout on chrome [thread-30] ---
2026-08-31 16:58:17 [TestNG-test-Release 1.0 Testing for AE-2] INFO  [qa] [Test_AE10_TC14_Verify_Place_Order_For_Customer_Registered_On_Checkout_chrome_30] test.ae.PlaceOrderTests - Running:Step-1
2026-08-31 16:58:19 [TestNG-test-Release 1.0 Testing for AE-2] INFO  [qa] [Test_AE10_TC14_Verify_Place_Order_For_Customer_Registered_On_Checkout_chrome_30] test.ae.PlaceOrderTests - Running:Step-2
2026-08-31 16:58:21 [TestNG-test-Release 1.0 Testing for AE-2] INFO  [qa] [Test_AE10_TC14_Verify_Place_Order_For_Customer_Registered_On_Checkout_chrome_30] pages.ae.HomePage - Navigating to Products
2026-08-31 16:58:25 [TestNG-test-Release 1.0 Testing for AE-2] INFO  [qa] [Test_AE10_TC14_Verify_Place_Order_For_Customer_Registered_On_Checkout_chrome_30] pages.ae.ProductsPage - 
---------------------------------------------------
Product 1 Added To Cart
Name  : Blue Top
Price : 500
------------------------xxxx-----------------------

2026-08-31 16:58:28 [TestNG-test-Release 1.0 Testing for AE-2] INFO  [qa] [Test_AE10_TC14_Verify_Place_Order_For_Customer_Registered_On_Checkout_chrome_30] pages.ae.ProductsPage - 
---------------------------------------------------
Product 2 Added To Cart
Name  : Men Tshirt
Price : 400
------------------------xxxx-----------------------

2026-08-31 16:58:28 [TestNG-test-Release 1.0 Testing for AE-2] INFO  [qa] [Test_AE10_TC14_Verify_Place_Order_For_Customer_Registered_On_Checkout_chrome_30] test.ae.PlaceOrderTests - Running:Step-3
2026-08-31 16:58:30 [TestNG-test-Release 1.0 Testing for AE-2] INFO  [qa] [Test_AE10_TC14_Verify_Place_Order_For_Customer_Registered_On_Checkout_chrome_30] pages.ae.HomePage - Navigating to Cart
2026-08-31 16:58:31 [TestNG-test-Release 1.0 Testing for AE-2] INFO  [qa] [Test_AE10_TC14_Verify_Place_Order_For_Customer_Registered_On_Checkout_chrome_30] test.ae.PlaceOrderTests - Running:Step-4
2026-08-31 16:58:43 [TestNG-test-Release 1.0 Testing for AE-2] INFO  [qa] [Test_AE10_TC14_Verify_Place_Order_For_Customer_Registered_On_Checkout_chrome_30] pages.ae.SignupDetailPage - Checkbox: 'Newsletter' is set to: true
2026-08-31 16:58:43 [TestNG-test-Release 1.0 Testing for AE-2] INFO  [qa] [Test_AE10_TC14_Verify_Place_Order_For_Customer_Registered_On_Checkout_chrome_30] pages.ae.SignupDetailPage - Checkbox: 'Special Offers' is set to: false
2026-08-31 16:58:43 [TestNG-test-Release 1.0 Testing for AE-2] ERROR [qa] [Test_AE10_TC14_Verify_Place_Order_For_Customer_Registered_On_Checkout_chrome_30] io.qameta.allure.util.NamingUtils - Could not process empty pattern
2026-08-31 16:58:43 [TestNG-test-Release 1.0 Testing for AE-2] ERROR [qa] [Test_AE10_TC14_Verify_Place_Order_For_Customer_Registered_On_Checkout_chrome_30] io.qameta.allure.util.NamingUtils - Could not process empty pattern
2026-08-31 16:58:51 [TestNG-test-Release 1.0 Testing for AE-2] ERROR [qa] [Test_AE10_TC14_Verify_Place_Order_For_Customer_Registered_On_Checkout_chrome_30] io.qameta.allure.util.NamingUtils - Could not find parameter zipcpde
2026-08-31 16:58:57 [TestNG-test-Release 1.0 Testing for AE-2] INFO  [qa] [Test_AE10_TC14_Verify_Place_Order_For_Customer_Registered_On_Checkout_chrome_30] test.ae.PlaceOrderTests - Running:Step-5
2026-08-31 16:58:58 [TestNG-test-Release 1.0 Testing for AE-2] INFO  [qa] [Test_AE10_TC14_Verify_Place_Order_For_Customer_Registered_On_Checkout_chrome_30] pages.ae.HomePage - Navigating to Cart
2026-08-31 16:58:59 [TestNG-test-Release 1.0 Testing for AE-2] INFO  [qa] [Test_AE10_TC14_Verify_Place_Order_For_Customer_Registered_On_Checkout_chrome_30] test.ae.PlaceOrderTests - Running:Step-6.1
2026-08-31 16:58:59 [TestNG-test-Release 1.0 Testing for AE-2] INFO  [qa] [Test_AE10_TC14_Verify_Place_Order_For_Customer_Registered_On_Checkout_chrome_30] pages.ae.CheckOutPage - 
-------------------------------------------------------------------------
               DELIVERY ADDRESS ON CHECKOUT
-------------------------------------------------------------------------
Title Fullname  : Mrs. Aline Mayert
Company Name    : Herman, Legros and Kovacek
Address Line1   : 48511 Clemente Vista
Address Line2   : Suite 459
Address Line3   : Willyfort Massachusetts 276202
Country         : New Zealand
Phone           : 9431065766
-------------------------------------------------------------------------

2026-08-31 16:58:59 [TestNG-test-Release 1.0 Testing for AE-2] INFO  [qa] [Test_AE10_TC14_Verify_Place_Order_For_Customer_Registered_On_Checkout_chrome_30] pages.ae.CheckOutPage - 
-------------------------------------------------------------------------
               INVOICE ADDRESS ON CHECKOUT
-------------------------------------------------------------------------
Title Fullname  : Mrs. Aline Mayert
Company Name    : Herman, Legros and Kovacek
Address Line1   : 48511 Clemente Vista
Address Line2   : Suite 459
Address Line3   : Willyfort Massachusetts 276202
Country         : New Zealand
Phone           : 9431065766
--------------------------------------------------------------------------

2026-08-31 16:59:00 [TestNG-test-Release 1.0 Testing for AE-2] INFO  [qa] [Test_AE10_TC14_Verify_Place_Order_For_Customer_Registered_On_Checkout_chrome_30] test.ae.PlaceOrderTests - Running:Step-6.2
2026-08-31 16:59:00 [TestNG-test-Release 1.0 Testing for AE-2] INFO  [qa] [Test_AE10_TC14_Verify_Place_Order_For_Customer_Registered_On_Checkout_chrome_30] pages.ae.CheckOutPage - 
				PRODUCT-1 DETAILS FROM CART
---------------------------------------------------
Name        : Blue Top
Category    : Women
SubCategory : Tops
Price       : 500
Quantity    : 1
Total       : 500
----------------------------------------------------


2026-08-31 16:59:00 [TestNG-test-Release 1.0 Testing for AE-2] INFO  [qa] [Test_AE10_TC14_Verify_Place_Order_For_Customer_Registered_On_Checkout_chrome_30] pages.ae.CheckOutPage - 
				PRODUCT-2 DETAILS FROM CART
---------------------------------------------------
Name        : Men Tshirt
Category    : Men
SubCategory : Tshirts
Price       : 400
Quantity    : 1
Total       : 400
----------------------------------------------------


2026-08-31 16:59:00 [TestNG-test-Release 1.0 Testing for AE-2] INFO  [qa] [Test_AE10_TC14_Verify_Place_Order_For_Customer_Registered_On_Checkout_chrome_30] pages.ae.CheckOutPage - 
				CART SUMMARY
---------------------------------------------------
Total of <2> Product/s are Added To Cart
Cart Total Price is '900'
----------------------------------------------------


2026-08-31 16:59:00 [TestNG-test-Release 1.0 Testing for AE-2] INFO  [qa] [Test_AE10_TC14_Verify_Place_Order_For_Customer_Registered_On_Checkout_chrome_30] test.ae.PlaceOrderTests - The expected cart total: 900
2026-08-31 16:59:00 [TestNG-test-Release 1.0 Testing for AE-2] INFO  [qa] [Test_AE10_TC14_Verify_Place_Order_For_Customer_Registered_On_Checkout_chrome_30] test.ae.PlaceOrderTests - Running:Step-7
2026-08-31 16:59:02 [TestNG-test-Release 1.0 Testing for AE-2] INFO  [qa] [Test_AE10_TC14_Verify_Place_Order_For_Customer_Registered_On_Checkout_chrome_30] test.ae.PlaceOrderTests - Running:Step-8
2026-08-31 16:59:08 [TestNG-test-Release 1.0 Testing for AE-2] INFO  [qa] [Test_AE10_TC14_Verify_Place_Order_For_Customer_Registered_On_Checkout_chrome_30] test.ae.PlaceOrderTests - Running:Step-9
2026-08-31 16:59:10 [TestNG-test-Release 1.0 Testing for AE-2] INFO  [qa] [Test_AE10_TC14_Verify_Place_Order_For_Customer_Registered_On_Checkout_chrome_30] test.ae.PlaceOrderTests - Running:Step-10
2026-08-31 16:59:10 [TestNG-test-Release 1.0 Testing for AE-2] INFO  [qa] [Test_AE10_TC14_Verify_Place_Order_For_Customer_Registered_On_Checkout_chrome_30] test.ae.PlaceOrderTests - Running:Step-11 >>>> Cleanup
2026-08-31 16:59:13 [TestNG-test-Release 1.0 Testing for AE-2] INFO  [qa] [Test_AE10_TC14_Verify_Place_Order_For_Customer_Registered_On_Checkout_chrome_30] framework.listeners.TestListener - TEST PASSED: Test_AE10_TC14_Verify_Place_Order_For_Customer_Registered_On_Checkout
2026-08-31 16:59:14 [TestNG-test-Release 1.0 Testing for AE-2] ERROR [qa] [Test_AE10_TC14_Verify_Place_Order_For_Customer_Registered_On_Checkout_chrome_30] io.qameta.allure.AllureLifecycle - Could not add attachment: no test is running
2026-08-31 16:59:14 [TestNG-test-Release 1.0 Testing for AE-2] INFO  [qa] [Test_AE10_TC14_Verify_Place_Order_For_Customer_Registered_On_Checkout_chrome_30] framework.listeners.TestListener - Screenshot attached: PASSED Screenshot:
2026-08-31 16:59:15 [TestNG-test-Release 1.0 Testing for AE-2] INFO  [qa] [Test_AE10_TC14_Verify_Place_Order_For_Customer_Registered_On_Checkout_chrome_30] test.ae.PlaceOrderTests - Trace stopped for: Test_AE10_TC14_Verify_Place_Order_For_Customer_Registered_On_Checkout
2026-08-31 16:59:17 [TestNG-test-Release 1.0 Testing for AE-2] INFO  [qa] [Test_AE10_TC14_Verify_Place_Order_For_Customer_Registered_On_Checkout_chrome_30] framework.drivers.DriverManager - Browser closed successfully.
2026-08-31 16:59:17 [TestNG-test-Release 1.0 Testing for AE-2] INFO  [qa] [Test_AE10_TC14_Verify_Place_Order_For_Customer_Registered_On_Checkout_chrome_30] test.ae.PlaceOrderTests - Driver shutdown successful.
2026-08-31 16:59:17 [TestNG-test-Release 1.0 Testing for AE-2] INFO  [qa] [Test_AE10_TC14_Verify_Place_Order_For_Customer_Registered_On_Checkout_chrome_30] reporting.ReportManager - ✅ Attachment added to Allure: 🎭 Playwright Trace — Test_AE10_TC14_Verify_Place_Order_For_Customer_Registered_On_Checkout
2026-08-31 16:59:17 [TestNG-test-Release 1.0 Testing for AE-2] INFO  [qa] [Test_AE10_TC14_Verify_Place_Order_For_Customer_Registered_On_Checkout_chrome_30] test.ae.PlaceOrderTests - Trace attached for: Test_AE10_TC14_Verify_Place_Order_For_Customer_Registered_On_Checkout
2026-08-31 16:59:17 [TestNG-test-Release 1.0 Testing for AE-2] INFO  [qa] [Test_AE10_TC14_Verify_Place_Order_For_Customer_Registered_On_Checkout_chrome_30] test.ae.PlaceOrderTests - trace temp file deleted from disk.
2026-08-31 16:59:17 [TestNG-test-Release 1.0 Testing for AE-2] INFO  [qa] [Test_AE10_TC14_Verify_Place_Order_For_Customer_Registered_On_Checkout_chrome_30] reporting.ReportManager - ✅ Attachment added to Allure: 🎬 Test Video — Test_AE10_TC14_Verify_Place_Order_For_Customer_Registered_On_Checkout
2026-08-31 16:59:17 [TestNG-test-Release 1.0 Testing for AE-2] INFO  [qa] [Test_AE10_TC14_Verify_Place_Order_For_Customer_Registered_On_Checkout_chrome_30] test.ae.PlaceOrderTests - Video attached for: Test_AE10_TC14_Verify_Place_Order_For_Customer_Registered_On_Checkout
2026-08-31 16:59:17 [TestNG-test-Release 1.0 Testing for AE-2] INFO  [qa] [Test_AE10_TC14_Verify_Place_Order_For_Customer_Registered_On_Checkout_chrome_30] test.ae.PlaceOrderTests - video temp file deleted from disk.
