2026-09-28 17:31:24 [TestNG-test-Release 1.0 Testing for AE-2] INFO  [qa] [Test_AE9_TC12_Verify_Add_Products_In_Cart_chrome_30] framework.listeners.TestListener - --- STARTING TEST : AddToCartTests#Test_AE9_TC12_Verify_Add_Products_In_Cart on chrome [thread-30] ---
2026-09-28 17:31:24 [TestNG-test-Release 1.0 Testing for AE-2] INFO  [qa] [Test_AE9_TC12_Verify_Add_Products_In_Cart_chrome_30] test.ae.AddToCartTests - Running:Step-1
2026-09-28 17:31:29 [TestNG-test-Release 1.0 Testing for AE-2] INFO  [qa] [Test_AE9_TC12_Verify_Add_Products_In_Cart_chrome_30] framework.listeners.TestListener - TEST FAILED: Test_AE9_TC12_Verify_Add_Products_In_Cart
2026-09-28 17:31:29 [TestNG-test-Release 1.0 Testing for AE-2] ERROR [qa] [Test_AE9_TC12_Verify_Add_Products_In_Cart_chrome_30] framework.listeners.TestListener - Failure Reason: org.opentest4j.AssertionFailedError: Page title expected to match regex
Expected: Automation Exercise
Received: One moment, please...

Call log:
  - Assert "hasTitle" with timeout 5000ms
    9 × unexpected value "One moment, please..."
2026-09-28 17:31:29 [TestNG-test-Release 1.0 Testing for AE-2] ERROR [qa] [Test_AE9_TC12_Verify_Add_Products_In_Cart_chrome_30] io.qameta.allure.AllureLifecycle - Could not add attachment: no test is running
2026-09-28 17:31:29 [TestNG-test-Release 1.0 Testing for AE-2] ERROR [qa] [Test_AE9_TC12_Verify_Add_Products_In_Cart_chrome_30] io.qameta.allure.AllureLifecycle - Could not start step: no test case running
2026-09-28 17:31:29 [TestNG-test-Release 1.0 Testing for AE-2] ERROR [qa] [Test_AE9_TC12_Verify_Add_Products_In_Cart_chrome_30] io.qameta.allure.AllureLifecycle - Could not stop step: step with uuid 52efbd03-103e-47b6-aa45-cfdc9f9a96a3 not found
2026-09-28 17:31:29 [TestNG-test-Release 1.0 Testing for AE-2] INFO  [qa] [Test_AE9_TC12_Verify_Add_Products_In_Cart_chrome_30] framework.listeners.TestListener - Screenshot attached: FAILURE Screenshot:
2026-09-28 17:31:30 [TestNG-test-Release 1.0 Testing for AE-2] INFO  [qa] [Test_AE9_TC12_Verify_Add_Products_In_Cart_chrome_30] test.ae.AddToCartTests - Trace stopped for: Test_AE9_TC12_Verify_Add_Products_In_Cart
2026-09-28 17:31:31 [TestNG-test-Release 1.0 Testing for AE-2] INFO  [qa] [Test_AE9_TC12_Verify_Add_Products_In_Cart_chrome_30] framework.drivers.DriverManager - Browser closed successfully.
2026-09-28 17:31:31 [TestNG-test-Release 1.0 Testing for AE-2] INFO  [qa] [Test_AE9_TC12_Verify_Add_Products_In_Cart_chrome_30] test.ae.AddToCartTests - Driver shutdown successful.
2026-09-28 17:31:31 [TestNG-test-Release 1.0 Testing for AE-2] INFO  [qa] [Test_AE9_TC12_Verify_Add_Products_In_Cart_chrome_30] reporting.ReportManager - ✅ Attachment added to Allure: 🎭 Playwright Trace — Test_AE9_TC12_Verify_Add_Products_In_Cart
2026-09-28 17:31:31 [TestNG-test-Release 1.0 Testing for AE-2] INFO  [qa] [Test_AE9_TC12_Verify_Add_Products_In_Cart_chrome_30] test.ae.AddToCartTests - Trace attached for: Test_AE9_TC12_Verify_Add_Products_In_Cart
2026-09-28 17:31:31 [TestNG-test-Release 1.0 Testing for AE-2] INFO  [qa] [Test_AE9_TC12_Verify_Add_Products_In_Cart_chrome_30] test.ae.AddToCartTests - trace temp file deleted from disk.
2026-09-28 17:31:31 [TestNG-test-Release 1.0 Testing for AE-2] INFO  [qa] [Test_AE9_TC12_Verify_Add_Products_In_Cart_chrome_30] reporting.ReportManager - ✅ Attachment added to Allure: 🎬 Test Video — Test_AE9_TC12_Verify_Add_Products_In_Cart
2026-09-28 17:31:31 [TestNG-test-Release 1.0 Testing for AE-2] INFO  [qa] [Test_AE9_TC12_Verify_Add_Products_In_Cart_chrome_30] test.ae.AddToCartTests - Video attached for: Test_AE9_TC12_Verify_Add_Products_In_Cart
2026-09-28 17:31:31 [TestNG-test-Release 1.0 Testing for AE-2] INFO  [qa] [Test_AE9_TC12_Verify_Add_Products_In_Cart_chrome_30] test.ae.AddToCartTests - video temp file deleted from disk.
