2026-09-28 17:30:59 [TestNG-test-Release 1.0 Testing for AE-3] INFO  [qa] [Test_AE8_TC25_Verify_Home_Page_Scroll_With_Arrow_chrome_31] framework.listeners.TestListener - --- STARTING TEST : HomeTests#Test_AE8_TC25_Verify_Home_Page_Scroll_With_Arrow on chrome [thread-31] ---
2026-09-28 17:30:59 [TestNG-test-Release 1.0 Testing for AE-3] INFO  [qa] [Test_AE8_TC25_Verify_Home_Page_Scroll_With_Arrow_chrome_31] test.ae.HomeTests - Running:Step-1
2026-09-28 17:31:04 [TestNG-test-Release 1.0 Testing for AE-3] INFO  [qa] [Test_AE8_TC25_Verify_Home_Page_Scroll_With_Arrow_chrome_31] framework.listeners.TestListener - TEST FAILED: Test_AE8_TC25_Verify_Home_Page_Scroll_With_Arrow
2026-09-28 17:31:04 [TestNG-test-Release 1.0 Testing for AE-3] ERROR [qa] [Test_AE8_TC25_Verify_Home_Page_Scroll_With_Arrow_chrome_31] framework.listeners.TestListener - Failure Reason: org.opentest4j.AssertionFailedError: Page title expected to match regex
Expected: Automation Exercise
Received: One moment, please...

Call log:
  - Assert "hasTitle" with timeout 5000ms
    9 × unexpected value "One moment, please..."
2026-09-28 17:31:04 [TestNG-test-Release 1.0 Testing for AE-3] ERROR [qa] [Test_AE8_TC25_Verify_Home_Page_Scroll_With_Arrow_chrome_31] io.qameta.allure.AllureLifecycle - Could not add attachment: no test is running
2026-09-28 17:31:04 [TestNG-test-Release 1.0 Testing for AE-3] ERROR [qa] [Test_AE8_TC25_Verify_Home_Page_Scroll_With_Arrow_chrome_31] io.qameta.allure.AllureLifecycle - Could not start step: no test case running
2026-09-28 17:31:04 [TestNG-test-Release 1.0 Testing for AE-3] ERROR [qa] [Test_AE8_TC25_Verify_Home_Page_Scroll_With_Arrow_chrome_31] io.qameta.allure.AllureLifecycle - Could not stop step: step with uuid 74ec3308-23b1-44a7-9388-b3864cbc678a not found
2026-09-28 17:31:04 [TestNG-test-Release 1.0 Testing for AE-3] INFO  [qa] [Test_AE8_TC25_Verify_Home_Page_Scroll_With_Arrow_chrome_31] framework.listeners.TestListener - Screenshot attached: FAILURE Screenshot:
2026-09-28 17:31:04 [TestNG-test-Release 1.0 Testing for AE-3] INFO  [qa] [Test_AE8_TC25_Verify_Home_Page_Scroll_With_Arrow_chrome_31] test.ae.HomeTests - Trace stopped for: Test_AE8_TC25_Verify_Home_Page_Scroll_With_Arrow
2026-09-28 17:31:05 [TestNG-test-Release 1.0 Testing for AE-3] INFO  [qa] [Test_AE8_TC25_Verify_Home_Page_Scroll_With_Arrow_chrome_31] framework.drivers.DriverManager - Browser closed successfully.
2026-09-28 17:31:05 [TestNG-test-Release 1.0 Testing for AE-3] INFO  [qa] [Test_AE8_TC25_Verify_Home_Page_Scroll_With_Arrow_chrome_31] test.ae.HomeTests - Driver shutdown successful.
2026-09-28 17:31:05 [TestNG-test-Release 1.0 Testing for AE-3] INFO  [qa] [Test_AE8_TC25_Verify_Home_Page_Scroll_With_Arrow_chrome_31] reporting.ReportManager - ✅ Attachment added to Allure: 🎭 Playwright Trace — Test_AE8_TC25_Verify_Home_Page_Scroll_With_Arrow
2026-09-28 17:31:05 [TestNG-test-Release 1.0 Testing for AE-3] INFO  [qa] [Test_AE8_TC25_Verify_Home_Page_Scroll_With_Arrow_chrome_31] test.ae.HomeTests - Trace attached for: Test_AE8_TC25_Verify_Home_Page_Scroll_With_Arrow
2026-09-28 17:31:05 [TestNG-test-Release 1.0 Testing for AE-3] INFO  [qa] [Test_AE8_TC25_Verify_Home_Page_Scroll_With_Arrow_chrome_31] test.ae.HomeTests - trace temp file deleted from disk.
2026-09-28 17:31:05 [TestNG-test-Release 1.0 Testing for AE-3] INFO  [qa] [Test_AE8_TC25_Verify_Home_Page_Scroll_With_Arrow_chrome_31] reporting.ReportManager - ✅ Attachment added to Allure: 🎬 Test Video — Test_AE8_TC25_Verify_Home_Page_Scroll_With_Arrow
2026-09-28 17:31:05 [TestNG-test-Release 1.0 Testing for AE-3] INFO  [qa] [Test_AE8_TC25_Verify_Home_Page_Scroll_With_Arrow_chrome_31] test.ae.HomeTests - Video attached for: Test_AE8_TC25_Verify_Home_Page_Scroll_With_Arrow
2026-09-28 17:31:05 [TestNG-test-Release 1.0 Testing for AE-3] INFO  [qa] [Test_AE8_TC25_Verify_Home_Page_Scroll_With_Arrow_chrome_31] test.ae.HomeTests - video temp file deleted from disk.
