2026-05-11 12:17:31 [TestNG-test-Release 1.0 Testing for AE-3] INFO  [qa] [Test_AE8_TC26_Verify_Home_Page_Scroll_Without_Arrow_chrome_31] framework.listeners.TestListener - --- STARTING TEST : HomeTests#Test_AE8_TC26_Verify_Home_Page_Scroll_Without_Arrow on chrome [thread-31] ---
2026-05-11 12:17:32 [TestNG-test-Release 1.0 Testing for AE-3] INFO  [qa] [Test_AE8_TC26_Verify_Home_Page_Scroll_Without_Arrow_chrome_31] test.ae.HomeTests - Running:Step-1
2026-05-11 12:17:33 [TestNG-test-Release 1.0 Testing for AE-3] INFO  [qa] [Test_AE8_TC26_Verify_Home_Page_Scroll_Without_Arrow_chrome_31] test.ae.HomeTests - Running:Step-2
2026-05-11 12:17:43 [TestNG-test-Release 1.0 Testing for AE-3] INFO  [qa] [Test_AE8_TC26_Verify_Home_Page_Scroll_Without_Arrow_chrome_31] framework.listeners.TestListener - TEST FAILED: Test_AE8_TC26_Verify_Home_Page_Scroll_Without_Arrow
2026-05-11 12:17:43 [TestNG-test-Release 1.0 Testing for AE-3] ERROR [qa] [Test_AE8_TC26_Verify_Home_Page_Scroll_Without_Arrow_chrome_31] framework.listeners.TestListener - Failure Reason: org.opentest4j.AssertionFailedError: Locator expected to be visible
Call log:
  - Assert "isVisible" with timeout 5000ms
  - waiting for getByText("Full-Fledged practice website for Automation Engineers").first()
    9 × locator resolved to <h2>Full-Fledged practice website for Automation Engi…</h2>
      - unexpected value "hidden"
2026-05-11 12:17:45 [TestNG-test-Release 1.0 Testing for AE-3] ERROR [qa] [Test_AE8_TC26_Verify_Home_Page_Scroll_Without_Arrow_chrome_31] io.qameta.allure.AllureLifecycle - Could not add attachment: no test is running
2026-05-11 12:17:45 [TestNG-test-Release 1.0 Testing for AE-3] ERROR [qa] [Test_AE8_TC26_Verify_Home_Page_Scroll_Without_Arrow_chrome_31] io.qameta.allure.AllureLifecycle - Could not start step: no test case running
2026-05-11 12:17:45 [TestNG-test-Release 1.0 Testing for AE-3] ERROR [qa] [Test_AE8_TC26_Verify_Home_Page_Scroll_Without_Arrow_chrome_31] io.qameta.allure.AllureLifecycle - Could not stop step: step with uuid 4c2fa650-41f8-481d-83a3-710ed4e9c618 not found
2026-05-11 12:17:45 [TestNG-test-Release 1.0 Testing for AE-3] INFO  [qa] [Test_AE8_TC26_Verify_Home_Page_Scroll_Without_Arrow_chrome_31] framework.listeners.TestListener - Screenshot attached: FAILURE Screenshot:
2026-05-11 12:17:46 [TestNG-test-Release 1.0 Testing for AE-3] INFO  [qa] [Test_AE8_TC26_Verify_Home_Page_Scroll_Without_Arrow_chrome_31] test.ae.HomeTests - Trace stopped for: Test_AE8_TC26_Verify_Home_Page_Scroll_Without_Arrow
2026-05-11 12:17:48 [TestNG-test-Release 1.0 Testing for AE-3] INFO  [qa] [Test_AE8_TC26_Verify_Home_Page_Scroll_Without_Arrow_chrome_31] framework.drivers.DriverManager - Browser closed successfully.
2026-05-11 12:17:48 [TestNG-test-Release 1.0 Testing for AE-3] INFO  [qa] [Test_AE8_TC26_Verify_Home_Page_Scroll_Without_Arrow_chrome_31] test.ae.HomeTests - Driver shutdown successful.
2026-05-11 12:17:48 [TestNG-test-Release 1.0 Testing for AE-3] INFO  [qa] [Test_AE8_TC26_Verify_Home_Page_Scroll_Without_Arrow_chrome_31] reporting.ReportManager - ✅ Attachment added to Allure: 🎭 Playwright Trace — Test_AE8_TC26_Verify_Home_Page_Scroll_Without_Arrow
2026-05-11 12:17:48 [TestNG-test-Release 1.0 Testing for AE-3] INFO  [qa] [Test_AE8_TC26_Verify_Home_Page_Scroll_Without_Arrow_chrome_31] test.ae.HomeTests - Trace attached for: Test_AE8_TC26_Verify_Home_Page_Scroll_Without_Arrow
2026-05-11 12:17:48 [TestNG-test-Release 1.0 Testing for AE-3] INFO  [qa] [Test_AE8_TC26_Verify_Home_Page_Scroll_Without_Arrow_chrome_31] test.ae.HomeTests - trace temp file deleted from disk.
2026-05-11 12:17:48 [TestNG-test-Release 1.0 Testing for AE-3] INFO  [qa] [Test_AE8_TC26_Verify_Home_Page_Scroll_Without_Arrow_chrome_31] reporting.ReportManager - ✅ Attachment added to Allure: 🎬 Test Video — Test_AE8_TC26_Verify_Home_Page_Scroll_Without_Arrow
2026-05-11 12:17:48 [TestNG-test-Release 1.0 Testing for AE-3] INFO  [qa] [Test_AE8_TC26_Verify_Home_Page_Scroll_Without_Arrow_chrome_31] test.ae.HomeTests - Video attached for: Test_AE8_TC26_Verify_Home_Page_Scroll_Without_Arrow
2026-05-11 12:17:48 [TestNG-test-Release 1.0 Testing for AE-3] INFO  [qa] [Test_AE8_TC26_Verify_Home_Page_Scroll_Without_Arrow_chrome_31] test.ae.HomeTests - video temp file deleted from disk.
