2026-05-04 11:09:25 [TestNG-test-Release 1.0 Testing for AE-2] INFO  [qa] [Test_AE9_TC22_Verify_Add_Recommended_To_Cart_chrome_21] framework.listeners.TestListener - --- STARTING TEST : AddToCartTests#Test_AE9_TC22_Verify_Add_Recommended_To_Cart on chrome [thread-21] ---
2026-05-04 11:09:25 [TestNG-test-Release 1.0 Testing for AE-2] INFO  [qa] [Test_AE9_TC22_Verify_Add_Recommended_To_Cart_chrome_21] test.ae.AddToCartTests - Running:Step-1
2026-05-04 11:09:26 [TestNG-test-Release 1.0 Testing for AE-2] INFO  [qa] [Test_AE9_TC22_Verify_Add_Recommended_To_Cart_chrome_21] test.ae.AddToCartTests - Running:Step-2
2026-05-04 11:09:26 [TestNG-test-Release 1.0 Testing for AE-2] INFO  [qa] [Test_AE9_TC22_Verify_Add_Recommended_To_Cart_chrome_21] pages.ae.ProductsPage - Product 'Blue' is not active yet, clicking next attempt1/5...
2026-05-04 11:09:29 [TestNG-test-Release 1.0 Testing for AE-2] INFO  [qa] [Test_AE9_TC22_Verify_Add_Recommended_To_Cart_chrome_21] pages.ae.ProductsPage - Added recommended Product 'Blue' to cart.
2026-05-04 11:10:00 [TestNG-test-Release 1.0 Testing for AE-2] ERROR [qa] [Test_AE9_TC22_Verify_Add_Recommended_To_Cart_chrome_21] framework.listeners.TestListener - ========================================
2026-05-04 11:10:00 [TestNG-test-Release 1.0 Testing for AE-2] ERROR [qa] [Test_AE9_TC22_Verify_Add_Recommended_To_Cart_chrome_21] framework.listeners.TestListener -          ACTUAL TEST FAILURE            
2026-05-04 11:10:00 [TestNG-test-Release 1.0 Testing for AE-2] ERROR [qa] [Test_AE9_TC22_Verify_Add_Recommended_To_Cart_chrome_21] framework.listeners.TestListener - ========================================
2026-05-04 11:10:00 [TestNG-test-Release 1.0 Testing for AE-2] ERROR [qa] [Test_AE9_TC22_Verify_Add_Recommended_To_Cart_chrome_21] framework.listeners.TestListener - Test    : Test_AE9_TC22_Verify_Add_Recommended_To_Cart
2026-05-04 11:10:00 [TestNG-test-Release 1.0 Testing for AE-2] ERROR [qa] [Test_AE9_TC22_Verify_Add_Recommended_To_Cart_chrome_21] framework.listeners.TestListener - Cause   : TimeoutError
2026-05-04 11:10:00 [TestNG-test-Release 1.0 Testing for AE-2] ERROR [qa] [Test_AE9_TC22_Verify_Add_Recommended_To_Cart_chrome_21] framework.listeners.TestListener - Details : 
com.microsoft.playwright.TimeoutError: Error {
  message='Timeout 30000ms exceeded.
  name='TimeoutError
  stack='TimeoutError: Timeout 30000ms exceeded.
    at ProgressController.run (/tmp/playwright-java-9364823475463751678/package/lib/server/progress.js:86:28)
    at FrameDispatcher._runCommand (/tmp/playwright-java-9364823475463751678/package/lib/server/dispatchers/dispatcher.js:91:31)
    at DispatcherConnection.dispatch (/tmp/playwright-java-9364823475463751678/package/lib/server/dispatchers/dispatcher.js:325:39)
}
Call log:
-   - waiting for getByText("View Cart")
-     - locator resolved to <u>View Cart</u>
-   - attempting click action
-     2 × waiting for element to be visible, enabled and stable
-       - element is not visible
-     - retrying click action
-     - waiting 20ms
-     2 × waiting for element to be visible, enabled and stable
-       - element is not visible
-     - retrying click action
-       - waiting 100ms
-     56 × waiting for element to be visible, enabled and stable
-        - element is not visible
-      - retrying click action
-        - waiting 500ms

	at com.microsoft.playwright.impl.WaitableResult.get(WaitableResult.java:52)
	at com.microsoft.playwright.impl.ChannelOwner.runUntil(ChannelOwner.java:138)
	at com.microsoft.playwright.impl.Connection.sendMessage(Connection.java:131)
	at com.microsoft.playwright.impl.ChannelOwner.sendMessage(ChannelOwner.java:124)
	at com.microsoft.playwright.impl.FrameImpl.clickImpl(FrameImpl.java:244)
	at com.microsoft.playwright.impl.LocatorImpl.click(LocatorImpl.java:164)
	at com.microsoft.playwright.Locator.click(Locator.java:2543)
	at pages.ae.ProductsPage.clickViewCart(ProductsPage.java:190)
	at test.ae.AddToCartTests.Test_AE9_TC22_Verify_Add_Recommended_To_Cart(AddToCartTests.java:194)
	at java.base/jdk.internal.reflect.NativeMethodAccessorImpl.invoke0(Native Method)
	at java.base/jdk.internal.reflect.NativeMethodAccessorImpl.invoke(NativeMethodAccessorImpl.java:77)
	at java.base/jdk.internal.reflect.DelegatingMethodAccessorImpl.invoke(DelegatingMethodAccessorImpl.java:43)
	at java.base/java.lang.reflect.Method.invoke(Method.java:569)
	at org.testng.internal.invokers.MethodInvocationHelper.invokeMethod(MethodInvocationHelper.java:141)
	at org.testng.internal.invokers.TestInvoker.invokeMethod(TestInvoker.java:697)
	at org.testng.internal.invokers.TestInvoker.invokeTestMethod(TestInvoker.java:230)
	at org.testng.internal.invokers.MethodRunner.runInSequence(MethodRunner.java:63)
	at org.testng.internal.invokers.TestInvoker$MethodInvocationAgent.invoke(TestInvoker.java:1005)
	at org.testng.internal.invokers.TestInvoker.invokeTestMethods(TestInvoker.java:203)
	at org.testng.internal.invokers.TestMethodWorker.invokeTestMethods(TestMethodWorker.java:154)
	at org.testng.internal.invokers.TestMethodWorker.run(TestMethodWorker.java:134)
	at java.base/java.util.concurrent.Executors$RunnableAdapter.call(Executors.java:539)
	at java.base/java.util.concurrent.FutureTask.run(FutureTask.java:264)
	at org.testng.internal.thread.graph.TestNGFutureTask.run(TestNGFutureTask.java:22)
	at java.base/java.util.concurrent.ThreadPoolExecutor.runWorker(ThreadPoolExecutor.java:1136)
	at java.base/java.util.concurrent.ThreadPoolExecutor$Worker.run(ThreadPoolExecutor.java:635)
	at java.base/java.lang.Thread.run(Thread.java:840)
Caused by: com.microsoft.playwright.TimeoutError: Error {
  message='Timeout 30000ms exceeded.
  name='TimeoutError
  stack='TimeoutError: Timeout 30000ms exceeded.
    at ProgressController.run (/tmp/playwright-java-9364823475463751678/package/lib/server/progress.js:86:28)
    at FrameDispatcher._runCommand (/tmp/playwright-java-9364823475463751678/package/lib/server/dispatchers/dispatcher.js:91:31)
    at DispatcherConnection.dispatch (/tmp/playwright-java-9364823475463751678/package/lib/server/dispatchers/dispatcher.js:325:39)
}
Call log:
-   - waiting for getByText("View Cart")
-     - locator resolved to <u>View Cart</u>
-   - attempting click action
-     2 × waiting for element to be visible, enabled and stable
-       - element is not visible
-     - retrying click action
-     - waiting 20ms
-     2 × waiting for element to be visible, enabled and stable
-       - element is not visible
-     - retrying click action
-       - waiting 100ms
-     56 × waiting for element to be visible, enabled and stable
-        - element is not visible
-      - retrying click action
-        - waiting 500ms

	at com.microsoft.playwright.impl.Connection.dispatch(Connection.java:257)
	at com.microsoft.playwright.impl.Connection.processOneMessage(Connection.java:214)
	at com.microsoft.playwright.impl.ChannelOwner.runUntil(ChannelOwner.java:136)
	... 25 common frames omitted
2026-05-04 11:10:00 [TestNG-test-Release 1.0 Testing for AE-2] ERROR [qa] [Test_AE9_TC22_Verify_Add_Recommended_To_Cart_chrome_21] framework.listeners.TestListener - ==================XXXXX=================
2026-05-04 11:10:00 [TestNG-test-Release 1.0 Testing for AE-2] INFO  [qa] [Test_AE9_TC22_Verify_Add_Recommended_To_Cart_chrome_21] framework.listeners.TestListener - TEST FAILED: Test_AE9_TC22_Verify_Add_Recommended_To_Cart
2026-05-04 11:10:00 [TestNG-test-Release 1.0 Testing for AE-2] ERROR [qa] [Test_AE9_TC22_Verify_Add_Recommended_To_Cart_chrome_21] framework.listeners.TestListener - Failure Reason: com.microsoft.playwright.TimeoutError: Error {
  message='Timeout 30000ms exceeded.
  name='TimeoutError
  stack='TimeoutError: Timeout 30000ms exceeded.
    at ProgressController.run (/tmp/playwright-java-9364823475463751678/package/lib/server/progress.js:86:28)
    at FrameDispatcher._runCommand (/tmp/playwright-java-9364823475463751678/package/lib/server/dispatchers/dispatcher.js:91:31)
    at DispatcherConnection.dispatch (/tmp/playwright-java-9364823475463751678/package/lib/server/dispatchers/dispatcher.js:325:39)
}
Call log:
-   - waiting for getByText("View Cart")
-     - locator resolved to <u>View Cart</u>
-   - attempting click action
-     2 × waiting for element to be visible, enabled and stable
-       - element is not visible
-     - retrying click action
-     - waiting 20ms
-     2 × waiting for element to be visible, enabled and stable
-       - element is not visible
-     - retrying click action
-       - waiting 100ms
-     56 × waiting for element to be visible, enabled and stable
-        - element is not visible
-      - retrying click action
-        - waiting 500ms

2026-05-04 11:10:00 [TestNG-test-Release 1.0 Testing for AE-2] ERROR [qa] [Test_AE9_TC22_Verify_Add_Recommended_To_Cart_chrome_21] io.qameta.allure.AllureLifecycle - Could not add attachment: no test is running
2026-05-04 11:10:00 [TestNG-test-Release 1.0 Testing for AE-2] ERROR [qa] [Test_AE9_TC22_Verify_Add_Recommended_To_Cart_chrome_21] io.qameta.allure.AllureLifecycle - Could not start step: no test case running
2026-05-04 11:10:00 [TestNG-test-Release 1.0 Testing for AE-2] ERROR [qa] [Test_AE9_TC22_Verify_Add_Recommended_To_Cart_chrome_21] io.qameta.allure.AllureLifecycle - Could not stop step: step with uuid e077908d-13db-4788-95e2-abb340b5feb3 not found
2026-05-04 11:10:00 [TestNG-test-Release 1.0 Testing for AE-2] INFO  [qa] [Test_AE9_TC22_Verify_Add_Recommended_To_Cart_chrome_21] framework.listeners.TestListener - Screenshot attached: FAILURE Screenshot:
2026-05-04 11:10:01 [TestNG-test-Release 1.0 Testing for AE-2] INFO  [qa] [Test_AE9_TC22_Verify_Add_Recommended_To_Cart_chrome_21] test.ae.AddToCartTests - Trace stopped for: Test_AE9_TC22_Verify_Add_Recommended_To_Cart
2026-05-04 11:10:01 [TestNG-test-Release 1.0 Testing for AE-2] INFO  [qa] [Test_AE9_TC22_Verify_Add_Recommended_To_Cart_chrome_21] framework.drivers.DriverManager - Browser closed successfully.
2026-05-04 11:10:01 [TestNG-test-Release 1.0 Testing for AE-2] INFO  [qa] [Test_AE9_TC22_Verify_Add_Recommended_To_Cart_chrome_21] test.ae.AddToCartTests - Driver shutdown successful.
2026-05-04 11:10:01 [TestNG-test-Release 1.0 Testing for AE-2] INFO  [qa] [Test_AE9_TC22_Verify_Add_Recommended_To_Cart_chrome_21] reporting.ReportManager - ✅ Attachment added to Allure: 🎭 Playwright Trace — Test_AE9_TC22_Verify_Add_Recommended_To_Cart
2026-05-04 11:10:01 [TestNG-test-Release 1.0 Testing for AE-2] INFO  [qa] [Test_AE9_TC22_Verify_Add_Recommended_To_Cart_chrome_21] test.ae.AddToCartTests - Trace attached for: Test_AE9_TC22_Verify_Add_Recommended_To_Cart
2026-05-04 11:10:01 [TestNG-test-Release 1.0 Testing for AE-2] INFO  [qa] [Test_AE9_TC22_Verify_Add_Recommended_To_Cart_chrome_21] test.ae.AddToCartTests - trace temp file deleted from disk.
2026-05-04 11:10:01 [TestNG-test-Release 1.0 Testing for AE-2] INFO  [qa] [Test_AE9_TC22_Verify_Add_Recommended_To_Cart_chrome_21] reporting.ReportManager - ✅ Attachment added to Allure: 🎬 Test Video — Test_AE9_TC22_Verify_Add_Recommended_To_Cart
2026-05-04 11:10:01 [TestNG-test-Release 1.0 Testing for AE-2] INFO  [qa] [Test_AE9_TC22_Verify_Add_Recommended_To_Cart_chrome_21] test.ae.AddToCartTests - Video attached for: Test_AE9_TC22_Verify_Add_Recommended_To_Cart
2026-05-04 11:10:01 [TestNG-test-Release 1.0 Testing for AE-2] INFO  [qa] [Test_AE9_TC22_Verify_Add_Recommended_To_Cart_chrome_21] test.ae.AddToCartTests - video temp file deleted from disk.
