2026-08-10 10:21:30 [TestNG-test-Release 1.0 Testing for AE-4] INFO  [qa] [Test_AE10_TC23_Verify_Address_On_Checkout_chrome_23] framework.listeners.TestListener - --- STARTING TEST : PlaceOrderTests#Test_AE10_TC23_Verify_Address_On_Checkout on chrome [thread-23] ---
2026-08-10 10:21:30 [TestNG-test-Release 1.0 Testing for AE-4] INFO  [qa] [Test_AE10_TC23_Verify_Address_On_Checkout_chrome_23] test.ae.PlaceOrderTests - Running:Step-1
2026-08-10 10:21:31 [TestNG-test-Release 1.0 Testing for AE-4] INFO  [qa] [Test_AE10_TC23_Verify_Address_On_Checkout_chrome_23] test.ae.PlaceOrderTests - Running:Step-2
2026-08-10 10:21:42 [TestNG-test-Release 1.0 Testing for AE-4] INFO  [qa] [Test_AE10_TC23_Verify_Address_On_Checkout_chrome_23] pages.ae.SignupDetailPage - Checkbox: 'Newsletter' is set to: true
2026-08-10 10:21:42 [TestNG-test-Release 1.0 Testing for AE-4] INFO  [qa] [Test_AE10_TC23_Verify_Address_On_Checkout_chrome_23] pages.ae.SignupDetailPage - Checkbox: 'Special Offers' is set to: false
2026-08-10 10:21:42 [TestNG-test-Release 1.0 Testing for AE-4] ERROR [qa] [Test_AE10_TC23_Verify_Address_On_Checkout_chrome_23] io.qameta.allure.util.NamingUtils - Could not process empty pattern
2026-08-10 10:21:42 [TestNG-test-Release 1.0 Testing for AE-4] ERROR [qa] [Test_AE10_TC23_Verify_Address_On_Checkout_chrome_23] io.qameta.allure.util.NamingUtils - Could not process empty pattern
2026-08-10 10:21:50 [TestNG-test-Release 1.0 Testing for AE-4] ERROR [qa] [Test_AE10_TC23_Verify_Address_On_Checkout_chrome_23] io.qameta.allure.util.NamingUtils - Could not find parameter zipcpde
2026-08-10 10:21:55 [TestNG-test-Release 1.0 Testing for AE-4] INFO  [qa] [Test_AE10_TC23_Verify_Address_On_Checkout_chrome_23] test.ae.PlaceOrderTests - Running:Step-3
2026-08-10 10:21:57 [TestNG-test-Release 1.0 Testing for AE-4] INFO  [qa] [Test_AE10_TC23_Verify_Address_On_Checkout_chrome_23] pages.ae.HomePage - Navigating to Products
2026-08-10 10:22:00 [TestNG-test-Release 1.0 Testing for AE-4] INFO  [qa] [Test_AE10_TC23_Verify_Address_On_Checkout_chrome_23] pages.ae.ProductsPage - 
---------------------------------------------------
Product 1 Added To Cart
Name  : Blue Top
Price : 500
------------------------xxxx-----------------------

2026-08-10 10:22:03 [TestNG-test-Release 1.0 Testing for AE-4] INFO  [qa] [Test_AE10_TC23_Verify_Address_On_Checkout_chrome_23] pages.ae.ProductsPage - 
---------------------------------------------------
Product 2 Added To Cart
Name  : Men Tshirt
Price : 400
------------------------xxxx-----------------------

2026-08-10 10:22:03 [TestNG-test-Release 1.0 Testing for AE-4] INFO  [qa] [Test_AE10_TC23_Verify_Address_On_Checkout_chrome_23] test.ae.PlaceOrderTests - Running:Step-4
2026-08-10 10:22:04 [TestNG-test-Release 1.0 Testing for AE-4] INFO  [qa] [Test_AE10_TC23_Verify_Address_On_Checkout_chrome_23] pages.ae.HomePage - Navigating to Cart
2026-08-10 10:22:06 [TestNG-test-Release 1.0 Testing for AE-4] INFO  [qa] [Test_AE10_TC23_Verify_Address_On_Checkout_chrome_23] test.ae.PlaceOrderTests - Running:Step-5
2026-08-10 10:22:06 [TestNG-test-Release 1.0 Testing for AE-4] INFO  [qa] [Test_AE10_TC23_Verify_Address_On_Checkout_chrome_23] pages.ae.CheckOutPage - 
-------------------------------------------------------------------------
               DELIVERY ADDRESS ON CHECKOUT
-------------------------------------------------------------------------
Title Fullname  : Mrs. Berniece Pfeffer
Company Name    : Reynolds and Sons
Address Line1   : 206 Torp Bypass
Address Line2   : Apt. 617
Address Line3   : Delphiastad Arkansas 425906
Country         : Australia
Phone           : 3751673405
-------------------------------------------------------------------------

2026-08-10 10:22:07 [TestNG-test-Release 1.0 Testing for AE-4] INFO  [qa] [Test_AE10_TC23_Verify_Address_On_Checkout_chrome_23] pages.ae.CheckOutPage - 
-------------------------------------------------------------------------
               INVOICE ADDRESS ON CHECKOUT
-------------------------------------------------------------------------
Title Fullname  : Mrs. Berniece Pfeffer
Company Name    : Reynolds and Sons
Address Line1   : 206 Torp Bypass
Address Line2   : Apt. 617
Address Line3   : Delphiastad Arkansas 425906
Country         : Australia
Phone           : 3751673405
--------------------------------------------------------------------------

2026-08-10 10:22:07 [TestNG-test-Release 1.0 Testing for AE-4] INFO  [qa] [Test_AE10_TC23_Verify_Address_On_Checkout_chrome_23] test.ae.PlaceOrderTests - Running:Step-7
2026-08-10 10:22:07 [TestNG-test-Release 1.0 Testing for AE-4] INFO  [qa] [Test_AE10_TC23_Verify_Address_On_Checkout_chrome_23] test.ae.PlaceOrderTests - Running:Step-8 >>>> Cleanup
2026-08-10 10:22:09 [TestNG-test-Release 1.0 Testing for AE-4] INFO  [qa] [Test_AE10_TC23_Verify_Address_On_Checkout_chrome_23] framework.listeners.TestListener - TEST PASSED: Test_AE10_TC23_Verify_Address_On_Checkout
2026-08-10 10:22:10 [TestNG-test-Release 1.0 Testing for AE-4] ERROR [qa] [Test_AE10_TC23_Verify_Address_On_Checkout_chrome_23] io.qameta.allure.AllureLifecycle - Could not add attachment: no test is running
2026-08-10 10:22:10 [TestNG-test-Release 1.0 Testing for AE-4] INFO  [qa] [Test_AE10_TC23_Verify_Address_On_Checkout_chrome_23] framework.listeners.TestListener - Screenshot attached: PASSED Screenshot:
2026-08-10 10:22:11 [TestNG-test-Release 1.0 Testing for AE-4] INFO  [qa] [Test_AE10_TC23_Verify_Address_On_Checkout_chrome_23] test.ae.PlaceOrderTests - Trace stopped for: Test_AE10_TC23_Verify_Address_On_Checkout
2026-08-10 10:22:12 [TestNG-test-Release 1.0 Testing for AE-4] INFO  [qa] [Test_AE10_TC23_Verify_Address_On_Checkout_chrome_23] framework.drivers.DriverManager - Browser closed successfully.
2026-08-10 10:22:12 [TestNG-test-Release 1.0 Testing for AE-4] INFO  [qa] [Test_AE10_TC23_Verify_Address_On_Checkout_chrome_23] test.ae.PlaceOrderTests - Driver shutdown successful.
2026-08-10 10:22:12 [TestNG-test-Release 1.0 Testing for AE-4] INFO  [qa] [Test_AE10_TC23_Verify_Address_On_Checkout_chrome_23] reporting.ReportManager - ✅ Attachment added to Allure: 🎭 Playwright Trace — Test_AE10_TC23_Verify_Address_On_Checkout
2026-08-10 10:22:12 [TestNG-test-Release 1.0 Testing for AE-4] INFO  [qa] [Test_AE10_TC23_Verify_Address_On_Checkout_chrome_23] test.ae.PlaceOrderTests - Trace attached for: Test_AE10_TC23_Verify_Address_On_Checkout
2026-08-10 10:22:12 [TestNG-test-Release 1.0 Testing for AE-4] INFO  [qa] [Test_AE10_TC23_Verify_Address_On_Checkout_chrome_23] test.ae.PlaceOrderTests - trace temp file deleted from disk.
2026-08-10 10:22:12 [TestNG-test-Release 1.0 Testing for AE-4] INFO  [qa] [Test_AE10_TC23_Verify_Address_On_Checkout_chrome_23] reporting.ReportManager - ✅ Attachment added to Allure: 🎬 Test Video — Test_AE10_TC23_Verify_Address_On_Checkout
2026-08-10 10:22:12 [TestNG-test-Release 1.0 Testing for AE-4] INFO  [qa] [Test_AE10_TC23_Verify_Address_On_Checkout_chrome_23] test.ae.PlaceOrderTests - Video attached for: Test_AE10_TC23_Verify_Address_On_Checkout
2026-08-10 10:22:12 [TestNG-test-Release 1.0 Testing for AE-4] INFO  [qa] [Test_AE10_TC23_Verify_Address_On_Checkout_chrome_23] test.ae.PlaceOrderTests - video temp file deleted from disk.
