2026-05-18 12:41:18 [TestNG-test-Release 1.0 Testing for AE-1] INFO  [qa] [Test_AE9_TC20_Verify_Cart_On_Login_chrome_29] framework.listeners.TestListener - --- STARTING TEST : AddToCartTests#Test_AE9_TC20_Verify_Cart_On_Login on chrome [thread-29] ---
2026-05-18 12:41:18 [TestNG-test-Release 1.0 Testing for AE-1] INFO  [qa] [Test_AE9_TC20_Verify_Cart_On_Login_chrome_29] test.ae.AddToCartTests - Running:Step-1
2026-05-18 12:41:19 [TestNG-test-Release 1.0 Testing for AE-1] INFO  [qa] [Test_AE9_TC20_Verify_Cart_On_Login_chrome_29] test.ae.AddToCartTests - Running:Step-2
2026-05-18 12:41:20 [TestNG-test-Release 1.0 Testing for AE-1] INFO  [qa] [Test_AE9_TC20_Verify_Cart_On_Login_chrome_29] pages.ae.HomePage - Navigating to Products
2026-05-18 12:41:23 [TestNG-test-Release 1.0 Testing for AE-1] INFO  [qa] [Test_AE9_TC20_Verify_Cart_On_Login_chrome_29] pages.ae.ProductsPage - The searched product - Sleeveless has found 3 matching products.
2026-05-18 12:41:23 [TestNG-test-Release 1.0 Testing for AE-1] INFO  [qa] [Test_AE9_TC20_Verify_Cart_On_Login_chrome_29] pages.ae.ProductsPage - 
   Search List of Products
------------------------------
Sleeveless Dress, Sleeveless Unicorn Patch Gown - Pink, Sleeveless Unicorn Print Fit & Flare Net Dress - Multi
------------------------------

2026-05-18 12:41:23 [TestNG-test-Release 1.0 Testing for AE-1] INFO  [qa] [Test_AE9_TC20_Verify_Cart_On_Login_chrome_29] test.ae.AddToCartTests - Running:Step-3
2026-05-18 12:41:23 [TestNG-test-Release 1.0 Testing for AE-1] INFO  [qa] [Test_AE9_TC20_Verify_Cart_On_Login_chrome_29] pages.ae.ProductsPage - Total Products displayed on screen - 3
2026-05-18 12:41:25 [TestNG-test-Release 1.0 Testing for AE-1] INFO  [qa] [Test_AE9_TC20_Verify_Cart_On_Login_chrome_29] pages.ae.ProductsPage - 
---------------------------------------------------
Product 0: Sleeveless Dress Added To Cart with Price 1000
----------------------------------------------------


2026-05-18 12:41:28 [TestNG-test-Release 1.0 Testing for AE-1] INFO  [qa] [Test_AE9_TC20_Verify_Cart_On_Login_chrome_29] pages.ae.ProductsPage - 
---------------------------------------------------
Product 1: Sleeveless Unicorn Patch Gown - Pink Added To Cart with Price 1050
----------------------------------------------------


2026-05-18 12:41:31 [TestNG-test-Release 1.0 Testing for AE-1] INFO  [qa] [Test_AE9_TC20_Verify_Cart_On_Login_chrome_29] pages.ae.ProductsPage - 
---------------------------------------------------
Product 2: Sleeveless Unicorn Print Fit & Flare Net Dress - Multi Added To Cart with Price 1100
----------------------------------------------------


2026-05-18 12:41:32 [TestNG-test-Release 1.0 Testing for AE-1] INFO  [qa] [Test_AE9_TC20_Verify_Cart_On_Login_chrome_29] pages.ae.ProductsPage - Total Products added to cart - 3
2026-05-18 12:41:32 [TestNG-test-Release 1.0 Testing for AE-1] INFO  [qa] [Test_AE9_TC20_Verify_Cart_On_Login_chrome_29] pages.ae.CartPage - 
---------------------------------------------------
Product Sleeveless Dress is Visible on Cart
----------------------------------------------------


2026-05-18 12:41:33 [TestNG-test-Release 1.0 Testing for AE-1] INFO  [qa] [Test_AE9_TC20_Verify_Cart_On_Login_chrome_29] pages.ae.CartPage - 
---------------------------------------------------
Product Sleeveless Unicorn Patch Gown - Pink is Visible on Cart
----------------------------------------------------


2026-05-18 12:41:33 [TestNG-test-Release 1.0 Testing for AE-1] INFO  [qa] [Test_AE9_TC20_Verify_Cart_On_Login_chrome_29] pages.ae.CartPage - 
---------------------------------------------------
Product Sleeveless Unicorn Print Fit & Flare Net Dress - Multi is Visible on Cart
----------------------------------------------------


2026-05-18 12:41:33 [TestNG-test-Release 1.0 Testing for AE-1] INFO  [qa] [Test_AE9_TC20_Verify_Cart_On_Login_chrome_29] test.ae.AddToCartTests - Running:Step-4
2026-05-18 12:41:38 [TestNG-test-Release 1.0 Testing for AE-1] INFO  [qa] [Test_AE9_TC20_Verify_Cart_On_Login_chrome_29] pages.ae.HomePage - Navigating to Cart
2026-05-18 12:41:38 [TestNG-test-Release 1.0 Testing for AE-1] INFO  [qa] [Test_AE9_TC20_Verify_Cart_On_Login_chrome_29] pages.ae.CartPage - 
---------------------------------------------------
Product Sleeveless Dress is Visible on Cart
----------------------------------------------------


2026-05-18 12:41:39 [TestNG-test-Release 1.0 Testing for AE-1] INFO  [qa] [Test_AE9_TC20_Verify_Cart_On_Login_chrome_29] pages.ae.CartPage - 
---------------------------------------------------
Product Sleeveless Unicorn Patch Gown - Pink is Visible on Cart
----------------------------------------------------


2026-05-18 12:41:39 [TestNG-test-Release 1.0 Testing for AE-1] INFO  [qa] [Test_AE9_TC20_Verify_Cart_On_Login_chrome_29] pages.ae.CartPage - 
---------------------------------------------------
Product Sleeveless Unicorn Print Fit & Flare Net Dress - Multi is Visible on Cart
----------------------------------------------------


2026-05-18 12:41:39 [TestNG-test-Release 1.0 Testing for AE-1] INFO  [qa] [Test_AE9_TC20_Verify_Cart_On_Login_chrome_29] framework.listeners.TestListener - TEST PASSED: Test_AE9_TC20_Verify_Cart_On_Login
2026-05-18 12:41:39 [TestNG-test-Release 1.0 Testing for AE-1] ERROR [qa] [Test_AE9_TC20_Verify_Cart_On_Login_chrome_29] io.qameta.allure.AllureLifecycle - Could not add attachment: no test is running
2026-05-18 12:41:39 [TestNG-test-Release 1.0 Testing for AE-1] INFO  [qa] [Test_AE9_TC20_Verify_Cart_On_Login_chrome_29] framework.listeners.TestListener - Screenshot attached: PASSED Screenshot:
2026-05-18 12:41:40 [TestNG-test-Release 1.0 Testing for AE-1] INFO  [qa] [Test_AE9_TC20_Verify_Cart_On_Login_chrome_29] test.ae.AddToCartTests - Trace stopped for: Test_AE9_TC20_Verify_Cart_On_Login
2026-05-18 12:41:40 [TestNG-test-Release 1.0 Testing for AE-1] INFO  [qa] [Test_AE9_TC20_Verify_Cart_On_Login_chrome_29] framework.drivers.DriverManager - Browser closed successfully.
2026-05-18 12:41:40 [TestNG-test-Release 1.0 Testing for AE-1] INFO  [qa] [Test_AE9_TC20_Verify_Cart_On_Login_chrome_29] test.ae.AddToCartTests - Driver shutdown successful.
2026-05-18 12:41:40 [TestNG-test-Release 1.0 Testing for AE-1] INFO  [qa] [Test_AE9_TC20_Verify_Cart_On_Login_chrome_29] reporting.ReportManager - ✅ Attachment added to Allure: 🎭 Playwright Trace — Test_AE9_TC20_Verify_Cart_On_Login
2026-05-18 12:41:40 [TestNG-test-Release 1.0 Testing for AE-1] INFO  [qa] [Test_AE9_TC20_Verify_Cart_On_Login_chrome_29] test.ae.AddToCartTests - Trace attached for: Test_AE9_TC20_Verify_Cart_On_Login
2026-05-18 12:41:40 [TestNG-test-Release 1.0 Testing for AE-1] INFO  [qa] [Test_AE9_TC20_Verify_Cart_On_Login_chrome_29] test.ae.AddToCartTests - trace temp file deleted from disk.
2026-05-18 12:41:40 [TestNG-test-Release 1.0 Testing for AE-1] INFO  [qa] [Test_AE9_TC20_Verify_Cart_On_Login_chrome_29] reporting.ReportManager - ✅ Attachment added to Allure: 🎬 Test Video — Test_AE9_TC20_Verify_Cart_On_Login
2026-05-18 12:41:40 [TestNG-test-Release 1.0 Testing for AE-1] INFO  [qa] [Test_AE9_TC20_Verify_Cart_On_Login_chrome_29] test.ae.AddToCartTests - Video attached for: Test_AE9_TC20_Verify_Cart_On_Login
2026-05-18 12:41:40 [TestNG-test-Release 1.0 Testing for AE-1] INFO  [qa] [Test_AE9_TC20_Verify_Cart_On_Login_chrome_29] test.ae.AddToCartTests - video temp file deleted from disk.
