2026-06-15 15:20:23 [TestNG-test-Release 1.0 Testing for AE-4] INFO  [qa] [Test_AE10_TC23_Verify_Address_On_Checkout_chrome_23] framework.listeners.TestListener - --- STARTING TEST : PlaceOrderTests#Test_AE10_TC23_Verify_Address_On_Checkout on chrome [thread-23] ---
2026-06-15 15:20:23 [TestNG-test-Release 1.0 Testing for AE-4] INFO  [qa] [Test_AE10_TC23_Verify_Address_On_Checkout_chrome_23] test.ae.PlaceOrderTests - Running:Step-1
2026-06-15 15:20:25 [TestNG-test-Release 1.0 Testing for AE-4] INFO  [qa] [Test_AE10_TC23_Verify_Address_On_Checkout_chrome_23] test.ae.PlaceOrderTests - Running:Step-2
2026-06-15 15:20:35 [TestNG-test-Release 1.0 Testing for AE-4] INFO  [qa] [Test_AE10_TC23_Verify_Address_On_Checkout_chrome_23] pages.ae.SignupDetailPage - Checkbox: 'Newsletter' is set to: true
2026-06-15 15:20:36 [TestNG-test-Release 1.0 Testing for AE-4] INFO  [qa] [Test_AE10_TC23_Verify_Address_On_Checkout_chrome_23] pages.ae.SignupDetailPage - Checkbox: 'Special Offers' is set to: true
2026-06-15 15:20:36 [TestNG-test-Release 1.0 Testing for AE-4] ERROR [qa] [Test_AE10_TC23_Verify_Address_On_Checkout_chrome_23] io.qameta.allure.util.NamingUtils - Could not process empty pattern
2026-06-15 15:20:36 [TestNG-test-Release 1.0 Testing for AE-4] ERROR [qa] [Test_AE10_TC23_Verify_Address_On_Checkout_chrome_23] io.qameta.allure.util.NamingUtils - Could not process empty pattern
2026-06-15 15:20:45 [TestNG-test-Release 1.0 Testing for AE-4] ERROR [qa] [Test_AE10_TC23_Verify_Address_On_Checkout_chrome_23] io.qameta.allure.util.NamingUtils - Could not find parameter zipcpde
2026-06-15 15:20:50 [TestNG-test-Release 1.0 Testing for AE-4] INFO  [qa] [Test_AE10_TC23_Verify_Address_On_Checkout_chrome_23] test.ae.PlaceOrderTests - Running:Step-3
2026-06-15 15:20:51 [TestNG-test-Release 1.0 Testing for AE-4] INFO  [qa] [Test_AE10_TC23_Verify_Address_On_Checkout_chrome_23] pages.ae.HomePage - Navigating to Products
2026-06-15 15:20:54 [TestNG-test-Release 1.0 Testing for AE-4] INFO  [qa] [Test_AE10_TC23_Verify_Address_On_Checkout_chrome_23] pages.ae.ProductsPage - 
---------------------------------------------------
Product 1 Added To Cart
Name  : Blue Top
Price : 500
------------------------xxxx-----------------------

2026-06-15 15:20:58 [TestNG-test-Release 1.0 Testing for AE-4] INFO  [qa] [Test_AE10_TC23_Verify_Address_On_Checkout_chrome_23] pages.ae.ProductsPage - 
---------------------------------------------------
Product 2 Added To Cart
Name  : Men Tshirt
Price : 400
------------------------xxxx-----------------------

2026-06-15 15:20:58 [TestNG-test-Release 1.0 Testing for AE-4] INFO  [qa] [Test_AE10_TC23_Verify_Address_On_Checkout_chrome_23] test.ae.PlaceOrderTests - Running:Step-4
2026-06-15 15:20:59 [TestNG-test-Release 1.0 Testing for AE-4] INFO  [qa] [Test_AE10_TC23_Verify_Address_On_Checkout_chrome_23] pages.ae.HomePage - Navigating to Cart
2026-06-15 15:21:00 [TestNG-test-Release 1.0 Testing for AE-4] INFO  [qa] [Test_AE10_TC23_Verify_Address_On_Checkout_chrome_23] test.ae.PlaceOrderTests - Running:Step-5
2026-06-15 15:21:01 [TestNG-test-Release 1.0 Testing for AE-4] INFO  [qa] [Test_AE10_TC23_Verify_Address_On_Checkout_chrome_23] pages.ae.CheckOutPage - 
-------------------------------------------------------------------------
               DELIVERY ADDRESS ON CHECKOUT
-------------------------------------------------------------------------
Title Fullname  : Mr. Corie Gaylord
Company Name    : Hettinger-Bosco
Address Line1   : 757 Kutch Forest
Address Line2   : Apt. 212
Address Line3   : Erdmanbury Colorado 532424
Country         : United States
Phone           : 6273650797
-------------------------------------------------------------------------

2026-06-15 15:21:01 [TestNG-test-Release 1.0 Testing for AE-4] INFO  [qa] [Test_AE10_TC23_Verify_Address_On_Checkout_chrome_23] pages.ae.CheckOutPage - 
-------------------------------------------------------------------------
               INVOICE ADDRESS ON CHECKOUT
-------------------------------------------------------------------------
Title Fullname  : Mr. Corie Gaylord
Company Name    : Hettinger-Bosco
Address Line1   : 757 Kutch Forest
Address Line2   : Apt. 212
Address Line3   : Erdmanbury Colorado 532424
Country         : United States
Phone           : 6273650797
--------------------------------------------------------------------------

2026-06-15 15:21:01 [TestNG-test-Release 1.0 Testing for AE-4] INFO  [qa] [Test_AE10_TC23_Verify_Address_On_Checkout_chrome_23] test.ae.PlaceOrderTests - Running:Step-7
2026-06-15 15:21:01 [TestNG-test-Release 1.0 Testing for AE-4] INFO  [qa] [Test_AE10_TC23_Verify_Address_On_Checkout_chrome_23] test.ae.PlaceOrderTests - Running:Step-8 >>>> Cleanup
2026-06-15 15:21:04 [TestNG-test-Release 1.0 Testing for AE-4] INFO  [qa] [Test_AE10_TC23_Verify_Address_On_Checkout_chrome_23] framework.listeners.TestListener - TEST PASSED: Test_AE10_TC23_Verify_Address_On_Checkout
2026-06-15 15:21:05 [TestNG-test-Release 1.0 Testing for AE-4] ERROR [qa] [Test_AE10_TC23_Verify_Address_On_Checkout_chrome_23] io.qameta.allure.AllureLifecycle - Could not add attachment: no test is running
2026-06-15 15:21:05 [TestNG-test-Release 1.0 Testing for AE-4] INFO  [qa] [Test_AE10_TC23_Verify_Address_On_Checkout_chrome_23] framework.listeners.TestListener - Screenshot attached: PASSED Screenshot:
2026-06-15 15:21:06 [TestNG-test-Release 1.0 Testing for AE-4] INFO  [qa] [Test_AE10_TC23_Verify_Address_On_Checkout_chrome_23] test.ae.PlaceOrderTests - Trace stopped for: Test_AE10_TC23_Verify_Address_On_Checkout
2026-06-15 15:21:07 [TestNG-test-Release 1.0 Testing for AE-4] INFO  [qa] [Test_AE10_TC23_Verify_Address_On_Checkout_chrome_23] framework.drivers.DriverManager - Browser closed successfully.
2026-06-15 15:21:07 [TestNG-test-Release 1.0 Testing for AE-4] INFO  [qa] [Test_AE10_TC23_Verify_Address_On_Checkout_chrome_23] test.ae.PlaceOrderTests - Driver shutdown successful.
2026-06-15 15:21:07 [TestNG-test-Release 1.0 Testing for AE-4] INFO  [qa] [Test_AE10_TC23_Verify_Address_On_Checkout_chrome_23] reporting.ReportManager - ✅ Attachment added to Allure: 🎭 Playwright Trace — Test_AE10_TC23_Verify_Address_On_Checkout
2026-06-15 15:21:07 [TestNG-test-Release 1.0 Testing for AE-4] INFO  [qa] [Test_AE10_TC23_Verify_Address_On_Checkout_chrome_23] test.ae.PlaceOrderTests - Trace attached for: Test_AE10_TC23_Verify_Address_On_Checkout
2026-06-15 15:21:07 [TestNG-test-Release 1.0 Testing for AE-4] INFO  [qa] [Test_AE10_TC23_Verify_Address_On_Checkout_chrome_23] test.ae.PlaceOrderTests - trace temp file deleted from disk.
2026-06-15 15:21:07 [TestNG-test-Release 1.0 Testing for AE-4] INFO  [qa] [Test_AE10_TC23_Verify_Address_On_Checkout_chrome_23] reporting.ReportManager - ✅ Attachment added to Allure: 🎬 Test Video — Test_AE10_TC23_Verify_Address_On_Checkout
2026-06-15 15:21:07 [TestNG-test-Release 1.0 Testing for AE-4] INFO  [qa] [Test_AE10_TC23_Verify_Address_On_Checkout_chrome_23] test.ae.PlaceOrderTests - Video attached for: Test_AE10_TC23_Verify_Address_On_Checkout
2026-06-15 15:21:07 [TestNG-test-Release 1.0 Testing for AE-4] INFO  [qa] [Test_AE10_TC23_Verify_Address_On_Checkout_chrome_23] test.ae.PlaceOrderTests - video temp file deleted from disk.
