2026-06-01 15:35:07 [TestNG-test-Release 1.0 Testing for AE-1] INFO  [qa] [Test_AE10_TC23_Verify_Address_On_Checkout_chrome_29] framework.listeners.TestListener - --- STARTING TEST : PlaceOrderTests#Test_AE10_TC23_Verify_Address_On_Checkout on chrome [thread-29] ---
2026-06-01 15:35:07 [TestNG-test-Release 1.0 Testing for AE-1] INFO  [qa] [Test_AE10_TC23_Verify_Address_On_Checkout_chrome_29] test.ae.PlaceOrderTests - Running:Step-1
2026-06-01 15:35:08 [TestNG-test-Release 1.0 Testing for AE-1] INFO  [qa] [Test_AE10_TC23_Verify_Address_On_Checkout_chrome_29] test.ae.PlaceOrderTests - Running:Step-2
2026-06-01 15:35:18 [TestNG-test-Release 1.0 Testing for AE-1] INFO  [qa] [Test_AE10_TC23_Verify_Address_On_Checkout_chrome_29] pages.ae.SignupDetailPage - Checkbox: 'Newsletter' is set to: false
2026-06-01 15:35:18 [TestNG-test-Release 1.0 Testing for AE-1] INFO  [qa] [Test_AE10_TC23_Verify_Address_On_Checkout_chrome_29] pages.ae.SignupDetailPage - Checkbox: 'Special Offers' is set to: false
2026-06-01 15:35:18 [TestNG-test-Release 1.0 Testing for AE-1] ERROR [qa] [Test_AE10_TC23_Verify_Address_On_Checkout_chrome_29] io.qameta.allure.util.NamingUtils - Could not process empty pattern
2026-06-01 15:35:18 [TestNG-test-Release 1.0 Testing for AE-1] ERROR [qa] [Test_AE10_TC23_Verify_Address_On_Checkout_chrome_29] io.qameta.allure.util.NamingUtils - Could not process empty pattern
2026-06-01 15:35:26 [TestNG-test-Release 1.0 Testing for AE-1] ERROR [qa] [Test_AE10_TC23_Verify_Address_On_Checkout_chrome_29] io.qameta.allure.util.NamingUtils - Could not find parameter zipcpde
2026-06-01 15:35:32 [TestNG-test-Release 1.0 Testing for AE-1] INFO  [qa] [Test_AE10_TC23_Verify_Address_On_Checkout_chrome_29] test.ae.PlaceOrderTests - Running:Step-3
2026-06-01 15:35:33 [TestNG-test-Release 1.0 Testing for AE-1] INFO  [qa] [Test_AE10_TC23_Verify_Address_On_Checkout_chrome_29] pages.ae.HomePage - Navigating to Products
2026-06-01 15:35:37 [TestNG-test-Release 1.0 Testing for AE-1] INFO  [qa] [Test_AE10_TC23_Verify_Address_On_Checkout_chrome_29] pages.ae.ProductsPage - 
---------------------------------------------------
Product 1 Added To Cart
Name  : Blue Top
Price : 500
------------------------xxxx-----------------------

2026-06-01 15:35:40 [TestNG-test-Release 1.0 Testing for AE-1] INFO  [qa] [Test_AE10_TC23_Verify_Address_On_Checkout_chrome_29] pages.ae.ProductsPage - 
---------------------------------------------------
Product 2 Added To Cart
Name  : Men Tshirt
Price : 400
------------------------xxxx-----------------------

2026-06-01 15:35:40 [TestNG-test-Release 1.0 Testing for AE-1] INFO  [qa] [Test_AE10_TC23_Verify_Address_On_Checkout_chrome_29] test.ae.PlaceOrderTests - Running:Step-4
2026-06-01 15:35:41 [TestNG-test-Release 1.0 Testing for AE-1] INFO  [qa] [Test_AE10_TC23_Verify_Address_On_Checkout_chrome_29] pages.ae.HomePage - Navigating to Cart
2026-06-01 15:35:46 [TestNG-test-Release 1.0 Testing for AE-1] INFO  [qa] [Test_AE10_TC23_Verify_Address_On_Checkout_chrome_29] test.ae.PlaceOrderTests - Running:Step-5
2026-06-01 15:35:46 [TestNG-test-Release 1.0 Testing for AE-1] INFO  [qa] [Test_AE10_TC23_Verify_Address_On_Checkout_chrome_29] pages.ae.CheckOutPage - 
-------------------------------------------------------------------------
               DELIVERY ADDRESS ON CHECKOUT
-------------------------------------------------------------------------
Title Fullname  : Mrs. Carmella White
Company Name    : Herzog-Ortiz
Address Line1   : 779 Wesley Union
Address Line2   : Suite 066
Address Line3   : Blickberg Idaho 071173
Country         : Singapore
Phone           : 5483086292
-------------------------------------------------------------------------

2026-06-01 15:35:46 [TestNG-test-Release 1.0 Testing for AE-1] INFO  [qa] [Test_AE10_TC23_Verify_Address_On_Checkout_chrome_29] pages.ae.CheckOutPage - 
-------------------------------------------------------------------------
               INVOICE ADDRESS ON CHECKOUT
-------------------------------------------------------------------------
Title Fullname  : Mrs. Carmella White
Company Name    : Herzog-Ortiz
Address Line1   : 779 Wesley Union
Address Line2   : Suite 066
Address Line3   : Blickberg Idaho 071173
Country         : Singapore
Phone           : 5483086292
--------------------------------------------------------------------------

2026-06-01 15:35:46 [TestNG-test-Release 1.0 Testing for AE-1] INFO  [qa] [Test_AE10_TC23_Verify_Address_On_Checkout_chrome_29] test.ae.PlaceOrderTests - Running:Step-7
2026-06-01 15:35:46 [TestNG-test-Release 1.0 Testing for AE-1] INFO  [qa] [Test_AE10_TC23_Verify_Address_On_Checkout_chrome_29] test.ae.PlaceOrderTests - Running:Step-8 >>>> Cleanup
2026-06-01 15:35:53 [TestNG-test-Release 1.0 Testing for AE-1] INFO  [qa] [Test_AE10_TC23_Verify_Address_On_Checkout_chrome_29] framework.listeners.TestListener - TEST PASSED: Test_AE10_TC23_Verify_Address_On_Checkout
2026-06-01 15:35:59 [TestNG-test-Release 1.0 Testing for AE-1] ERROR [qa] [Test_AE10_TC23_Verify_Address_On_Checkout_chrome_29] io.qameta.allure.AllureLifecycle - Could not add attachment: no test is running
2026-06-01 15:35:59 [TestNG-test-Release 1.0 Testing for AE-1] INFO  [qa] [Test_AE10_TC23_Verify_Address_On_Checkout_chrome_29] framework.listeners.TestListener - Screenshot attached: PASSED Screenshot:
2026-06-01 15:36:00 [TestNG-test-Release 1.0 Testing for AE-1] INFO  [qa] [Test_AE10_TC23_Verify_Address_On_Checkout_chrome_29] test.ae.PlaceOrderTests - Trace stopped for: Test_AE10_TC23_Verify_Address_On_Checkout
2026-06-01 15:36:30 [TestNG-test-Release 1.0 Testing for AE-1] ERROR [qa] [Test_AE10_TC23_Verify_Address_On_Checkout_chrome_29] test.ae.PlaceOrderTests - Manual screenshot failed: Error {
  message='Timeout 30000ms exceeded.
  name='TimeoutError
  stack='TimeoutError: Timeout 30000ms exceeded.
    at ProgressController.run (/tmp/playwright-java-14361941212052468974/package/lib/server/progress.js:86:28)
    at PageDispatcher._runCommand (/tmp/playwright-java-14361941212052468974/package/lib/server/dispatchers/dispatcher.js:91:31)
    at DispatcherConnection.dispatch (/tmp/playwright-java-14361941212052468974/package/lib/server/dispatchers/dispatcher.js:325:39)
}
Call log:
-   - taking page screenshot
-   - waiting for fonts to load...

2026-06-01 15:36:34 [TestNG-test-Release 1.0 Testing for AE-1] INFO  [qa] [Test_AE10_TC23_Verify_Address_On_Checkout_chrome_29] framework.drivers.DriverManager - Browser closed successfully.
2026-06-01 15:36:34 [TestNG-test-Release 1.0 Testing for AE-1] INFO  [qa] [Test_AE10_TC23_Verify_Address_On_Checkout_chrome_29] test.ae.PlaceOrderTests - Driver shutdown successful.
2026-06-01 15:36:34 [TestNG-test-Release 1.0 Testing for AE-1] INFO  [qa] [Test_AE10_TC23_Verify_Address_On_Checkout_chrome_29] reporting.ReportManager - ✅ Attachment added to Allure: 🎭 Playwright Trace — Test_AE10_TC23_Verify_Address_On_Checkout
2026-06-01 15:36:34 [TestNG-test-Release 1.0 Testing for AE-1] INFO  [qa] [Test_AE10_TC23_Verify_Address_On_Checkout_chrome_29] test.ae.PlaceOrderTests - Trace attached for: Test_AE10_TC23_Verify_Address_On_Checkout
2026-06-01 15:36:34 [TestNG-test-Release 1.0 Testing for AE-1] INFO  [qa] [Test_AE10_TC23_Verify_Address_On_Checkout_chrome_29] test.ae.PlaceOrderTests - trace temp file deleted from disk.
2026-06-01 15:36:34 [TestNG-test-Release 1.0 Testing for AE-1] INFO  [qa] [Test_AE10_TC23_Verify_Address_On_Checkout_chrome_29] reporting.ReportManager - ✅ Attachment added to Allure: 🎬 Test Video — Test_AE10_TC23_Verify_Address_On_Checkout
2026-06-01 15:36:34 [TestNG-test-Release 1.0 Testing for AE-1] INFO  [qa] [Test_AE10_TC23_Verify_Address_On_Checkout_chrome_29] test.ae.PlaceOrderTests - Video attached for: Test_AE10_TC23_Verify_Address_On_Checkout
2026-06-01 15:36:34 [TestNG-test-Release 1.0 Testing for AE-1] INFO  [qa] [Test_AE10_TC23_Verify_Address_On_Checkout_chrome_29] test.ae.PlaceOrderTests - video temp file deleted from disk.
