2026-08-17 09:53:39 [TestNG-test-Release 1.0 Testing for AE-4] INFO  [qa] [Test_AE10_TC23_Verify_Address_On_Checkout_chrome_32] framework.listeners.TestListener - --- STARTING TEST : PlaceOrderTests#Test_AE10_TC23_Verify_Address_On_Checkout on chrome [thread-32] ---
2026-08-17 09:53:39 [TestNG-test-Release 1.0 Testing for AE-4] INFO  [qa] [Test_AE10_TC23_Verify_Address_On_Checkout_chrome_32] test.ae.PlaceOrderTests - Running:Step-1
2026-08-17 09:53:40 [TestNG-test-Release 1.0 Testing for AE-4] INFO  [qa] [Test_AE10_TC23_Verify_Address_On_Checkout_chrome_32] test.ae.PlaceOrderTests - Running:Step-2
2026-08-17 09:53:51 [TestNG-test-Release 1.0 Testing for AE-4] INFO  [qa] [Test_AE10_TC23_Verify_Address_On_Checkout_chrome_32] pages.ae.SignupDetailPage - Checkbox: 'Newsletter' is set to: true
2026-08-17 09:53:51 [TestNG-test-Release 1.0 Testing for AE-4] INFO  [qa] [Test_AE10_TC23_Verify_Address_On_Checkout_chrome_32] pages.ae.SignupDetailPage - Checkbox: 'Special Offers' is set to: false
2026-08-17 09:53:51 [TestNG-test-Release 1.0 Testing for AE-4] ERROR [qa] [Test_AE10_TC23_Verify_Address_On_Checkout_chrome_32] io.qameta.allure.util.NamingUtils - Could not process empty pattern
2026-08-17 09:53:51 [TestNG-test-Release 1.0 Testing for AE-4] ERROR [qa] [Test_AE10_TC23_Verify_Address_On_Checkout_chrome_32] io.qameta.allure.util.NamingUtils - Could not process empty pattern
2026-08-17 09:53:59 [TestNG-test-Release 1.0 Testing for AE-4] ERROR [qa] [Test_AE10_TC23_Verify_Address_On_Checkout_chrome_32] io.qameta.allure.util.NamingUtils - Could not find parameter zipcpde
2026-08-17 09:54:04 [TestNG-test-Release 1.0 Testing for AE-4] INFO  [qa] [Test_AE10_TC23_Verify_Address_On_Checkout_chrome_32] test.ae.PlaceOrderTests - Running:Step-3
2026-08-17 09:54:05 [TestNG-test-Release 1.0 Testing for AE-4] INFO  [qa] [Test_AE10_TC23_Verify_Address_On_Checkout_chrome_32] pages.ae.HomePage - Navigating to Products
2026-08-17 09:54:08 [TestNG-test-Release 1.0 Testing for AE-4] INFO  [qa] [Test_AE10_TC23_Verify_Address_On_Checkout_chrome_32] pages.ae.ProductsPage - 
---------------------------------------------------
Product 1 Added To Cart
Name  : Blue Top
Price : 500
------------------------xxxx-----------------------

2026-08-17 09:54:12 [TestNG-test-Release 1.0 Testing for AE-4] INFO  [qa] [Test_AE10_TC23_Verify_Address_On_Checkout_chrome_32] pages.ae.ProductsPage - 
---------------------------------------------------
Product 2 Added To Cart
Name  : Men Tshirt
Price : 400
------------------------xxxx-----------------------

2026-08-17 09:54:12 [TestNG-test-Release 1.0 Testing for AE-4] INFO  [qa] [Test_AE10_TC23_Verify_Address_On_Checkout_chrome_32] test.ae.PlaceOrderTests - Running:Step-4
2026-08-17 09:54:13 [TestNG-test-Release 1.0 Testing for AE-4] INFO  [qa] [Test_AE10_TC23_Verify_Address_On_Checkout_chrome_32] pages.ae.HomePage - Navigating to Cart
2026-08-17 09:54:14 [TestNG-test-Release 1.0 Testing for AE-4] INFO  [qa] [Test_AE10_TC23_Verify_Address_On_Checkout_chrome_32] test.ae.PlaceOrderTests - Running:Step-5
2026-08-17 09:54:14 [TestNG-test-Release 1.0 Testing for AE-4] INFO  [qa] [Test_AE10_TC23_Verify_Address_On_Checkout_chrome_32] pages.ae.CheckOutPage - 
-------------------------------------------------------------------------
               DELIVERY ADDRESS ON CHECKOUT
-------------------------------------------------------------------------
Title Fullname  : Mr. Dustin Stark
Company Name    : Schmeler, Weissnat and Cole
Address Line1   : 079 Bernetta Row
Address Line2   : Apt. 553
Address Line3   : Ahmedville Vermont 569983
Country         : Canada
Phone           : 9619637433
-------------------------------------------------------------------------

2026-08-17 09:54:15 [TestNG-test-Release 1.0 Testing for AE-4] INFO  [qa] [Test_AE10_TC23_Verify_Address_On_Checkout_chrome_32] pages.ae.CheckOutPage - 
-------------------------------------------------------------------------
               INVOICE ADDRESS ON CHECKOUT
-------------------------------------------------------------------------
Title Fullname  : Mr. Dustin Stark
Company Name    : Schmeler, Weissnat and Cole
Address Line1   : 079 Bernetta Row
Address Line2   : Apt. 553
Address Line3   : Ahmedville Vermont 569983
Country         : Canada
Phone           : 9619637433
--------------------------------------------------------------------------

2026-08-17 09:54:15 [TestNG-test-Release 1.0 Testing for AE-4] INFO  [qa] [Test_AE10_TC23_Verify_Address_On_Checkout_chrome_32] test.ae.PlaceOrderTests - Running:Step-7
2026-08-17 09:54:15 [TestNG-test-Release 1.0 Testing for AE-4] INFO  [qa] [Test_AE10_TC23_Verify_Address_On_Checkout_chrome_32] test.ae.PlaceOrderTests - Running:Step-8 >>>> Cleanup
2026-08-17 09:54:17 [TestNG-test-Release 1.0 Testing for AE-4] INFO  [qa] [Test_AE10_TC23_Verify_Address_On_Checkout_chrome_32] framework.listeners.TestListener - TEST PASSED: Test_AE10_TC23_Verify_Address_On_Checkout
2026-08-17 09:54:18 [TestNG-test-Release 1.0 Testing for AE-4] ERROR [qa] [Test_AE10_TC23_Verify_Address_On_Checkout_chrome_32] io.qameta.allure.AllureLifecycle - Could not add attachment: no test is running
2026-08-17 09:54:18 [TestNG-test-Release 1.0 Testing for AE-4] INFO  [qa] [Test_AE10_TC23_Verify_Address_On_Checkout_chrome_32] framework.listeners.TestListener - Screenshot attached: PASSED Screenshot:
2026-08-17 09:54:19 [TestNG-test-Release 1.0 Testing for AE-4] INFO  [qa] [Test_AE10_TC23_Verify_Address_On_Checkout_chrome_32] test.ae.PlaceOrderTests - Trace stopped for: Test_AE10_TC23_Verify_Address_On_Checkout
2026-08-17 09:54:20 [TestNG-test-Release 1.0 Testing for AE-4] INFO  [qa] [Test_AE10_TC23_Verify_Address_On_Checkout_chrome_32] framework.drivers.DriverManager - Browser closed successfully.
2026-08-17 09:54:20 [TestNG-test-Release 1.0 Testing for AE-4] INFO  [qa] [Test_AE10_TC23_Verify_Address_On_Checkout_chrome_32] test.ae.PlaceOrderTests - Driver shutdown successful.
2026-08-17 09:54:20 [TestNG-test-Release 1.0 Testing for AE-4] INFO  [qa] [Test_AE10_TC23_Verify_Address_On_Checkout_chrome_32] reporting.ReportManager - ✅ Attachment added to Allure: 🎭 Playwright Trace — Test_AE10_TC23_Verify_Address_On_Checkout
2026-08-17 09:54:20 [TestNG-test-Release 1.0 Testing for AE-4] INFO  [qa] [Test_AE10_TC23_Verify_Address_On_Checkout_chrome_32] test.ae.PlaceOrderTests - Trace attached for: Test_AE10_TC23_Verify_Address_On_Checkout
2026-08-17 09:54:20 [TestNG-test-Release 1.0 Testing for AE-4] INFO  [qa] [Test_AE10_TC23_Verify_Address_On_Checkout_chrome_32] test.ae.PlaceOrderTests - trace temp file deleted from disk.
2026-08-17 09:54:20 [TestNG-test-Release 1.0 Testing for AE-4] INFO  [qa] [Test_AE10_TC23_Verify_Address_On_Checkout_chrome_32] reporting.ReportManager - ✅ Attachment added to Allure: 🎬 Test Video — Test_AE10_TC23_Verify_Address_On_Checkout
2026-08-17 09:54:20 [TestNG-test-Release 1.0 Testing for AE-4] INFO  [qa] [Test_AE10_TC23_Verify_Address_On_Checkout_chrome_32] test.ae.PlaceOrderTests - Video attached for: Test_AE10_TC23_Verify_Address_On_Checkout
2026-08-17 09:54:20 [TestNG-test-Release 1.0 Testing for AE-4] INFO  [qa] [Test_AE10_TC23_Verify_Address_On_Checkout_chrome_32] test.ae.PlaceOrderTests - video temp file deleted from disk.
