2026-06-01 15:29:44 [TestNG-test-Release 1.0 Testing for AE-2] INFO  [qa] [Test_AE9_TC13_Verify_Subscription_Home_Page_chrome_30] framework.listeners.TestListener - --- STARTING TEST : AddToCartTests#Test_AE9_TC13_Verify_Subscription_Home_Page on chrome [thread-30] ---
2026-06-01 15:29:44 [TestNG-test-Release 1.0 Testing for AE-2] INFO  [qa] [Test_AE9_TC13_Verify_Subscription_Home_Page_chrome_30] test.ae.AddToCartTests - Running:Step-1
2026-06-01 15:29:46 [TestNG-test-Release 1.0 Testing for AE-2] INFO  [qa] [Test_AE9_TC13_Verify_Subscription_Home_Page_chrome_30] test.ae.AddToCartTests - Running:Step-2
2026-06-01 15:29:46 [TestNG-test-Release 1.0 Testing for AE-2] WARN  [qa] [Test_AE9_TC13_Verify_Subscription_Home_Page_chrome_30] pages.ae.ProductsPage - Multiple matching products found for - Stylish, hence choosing the first match found.
2026-06-01 15:29:50 [TestNG-test-Release 1.0 Testing for AE-2] WARN  [qa] [Test_AE9_TC13_Verify_Subscription_Home_Page_chrome_30] pages.ae.ProductsPage - Multiple matching products found for - Summer White Top, hence choosing the first match found.
2026-06-01 15:29:53 [TestNG-test-Release 1.0 Testing for AE-2] WARN  [qa] [Test_AE9_TC13_Verify_Subscription_Home_Page_chrome_30] pages.ae.ProductsPage - Multiple matching products found for - Blue Top, hence choosing the first match found.
2026-06-01 15:29:57 [TestNG-test-Release 1.0 Testing for AE-2] INFO  [qa] [Test_AE9_TC13_Verify_Subscription_Home_Page_chrome_30] test.ae.AddToCartTests - Running:Step-3
2026-06-01 15:29:57 [TestNG-test-Release 1.0 Testing for AE-2] WARN  [qa] [Test_AE9_TC13_Verify_Subscription_Home_Page_chrome_30] pages.ae.ProductsPage - Multiple matching products found for - Sleeveless, hence choosing the first match found.
2026-06-01 15:30:00 [TestNG-test-Release 1.0 Testing for AE-2] INFO  [qa] [Test_AE9_TC13_Verify_Subscription_Home_Page_chrome_30] test.ae.AddToCartTests - Running:Step-4
2026-06-01 15:30:04 [TestNG-test-Release 1.0 Testing for AE-2] INFO  [qa] [Test_AE9_TC13_Verify_Subscription_Home_Page_chrome_30] framework.listeners.TestListener - TEST PASSED: Test_AE9_TC13_Verify_Subscription_Home_Page
2026-06-01 15:30:04 [TestNG-test-Release 1.0 Testing for AE-2] ERROR [qa] [Test_AE9_TC13_Verify_Subscription_Home_Page_chrome_30] io.qameta.allure.AllureLifecycle - Could not add attachment: no test is running
2026-06-01 15:30:04 [TestNG-test-Release 1.0 Testing for AE-2] INFO  [qa] [Test_AE9_TC13_Verify_Subscription_Home_Page_chrome_30] framework.listeners.TestListener - Screenshot attached: PASSED Screenshot:
2026-06-01 15:30:05 [TestNG-test-Release 1.0 Testing for AE-2] INFO  [qa] [Test_AE9_TC13_Verify_Subscription_Home_Page_chrome_30] test.ae.AddToCartTests - Trace stopped for: Test_AE9_TC13_Verify_Subscription_Home_Page
2026-06-01 15:30:06 [TestNG-test-Release 1.0 Testing for AE-2] INFO  [qa] [Test_AE9_TC13_Verify_Subscription_Home_Page_chrome_30] framework.drivers.DriverManager - Browser closed successfully.
2026-06-01 15:30:06 [TestNG-test-Release 1.0 Testing for AE-2] INFO  [qa] [Test_AE9_TC13_Verify_Subscription_Home_Page_chrome_30] test.ae.AddToCartTests - Driver shutdown successful.
2026-06-01 15:30:06 [TestNG-test-Release 1.0 Testing for AE-2] INFO  [qa] [Test_AE9_TC13_Verify_Subscription_Home_Page_chrome_30] reporting.ReportManager - ✅ Attachment added to Allure: 🎭 Playwright Trace — Test_AE9_TC13_Verify_Subscription_Home_Page
2026-06-01 15:30:06 [TestNG-test-Release 1.0 Testing for AE-2] INFO  [qa] [Test_AE9_TC13_Verify_Subscription_Home_Page_chrome_30] test.ae.AddToCartTests - Trace attached for: Test_AE9_TC13_Verify_Subscription_Home_Page
2026-06-01 15:30:06 [TestNG-test-Release 1.0 Testing for AE-2] INFO  [qa] [Test_AE9_TC13_Verify_Subscription_Home_Page_chrome_30] test.ae.AddToCartTests - trace temp file deleted from disk.
2026-06-01 15:30:06 [TestNG-test-Release 1.0 Testing for AE-2] INFO  [qa] [Test_AE9_TC13_Verify_Subscription_Home_Page_chrome_30] reporting.ReportManager - ✅ Attachment added to Allure: 🎬 Test Video — Test_AE9_TC13_Verify_Subscription_Home_Page
2026-06-01 15:30:06 [TestNG-test-Release 1.0 Testing for AE-2] INFO  [qa] [Test_AE9_TC13_Verify_Subscription_Home_Page_chrome_30] test.ae.AddToCartTests - Video attached for: Test_AE9_TC13_Verify_Subscription_Home_Page
2026-06-01 15:30:06 [TestNG-test-Release 1.0 Testing for AE-2] INFO  [qa] [Test_AE9_TC13_Verify_Subscription_Home_Page_chrome_30] test.ae.AddToCartTests - video temp file deleted from disk.
