2026-10-05 18:13:19 [TestNG-test-Release 1.0 Testing for AE-3] INFO  [qa] [Test_AE9_TC13_Verify_Subscription_Home_Page_chrome_31] framework.listeners.TestListener - --- STARTING TEST : AddToCartTests#Test_AE9_TC13_Verify_Subscription_Home_Page on chrome [thread-31] ---
2026-10-05 18:13:19 [TestNG-test-Release 1.0 Testing for AE-3] INFO  [qa] [Test_AE9_TC13_Verify_Subscription_Home_Page_chrome_31] test.ae.AddToCartTests - Running:Step-1
2026-10-05 18:13:21 [TestNG-test-Release 1.0 Testing for AE-3] INFO  [qa] [Test_AE9_TC13_Verify_Subscription_Home_Page_chrome_31] test.ae.AddToCartTests - Running:Step-2
2026-10-05 18:13:21 [TestNG-test-Release 1.0 Testing for AE-3] WARN  [qa] [Test_AE9_TC13_Verify_Subscription_Home_Page_chrome_31] pages.ae.ProductsPage - Multiple matching products found for - Stylish, hence choosing the first match found.
2026-10-05 18:13:24 [TestNG-test-Release 1.0 Testing for AE-3] WARN  [qa] [Test_AE9_TC13_Verify_Subscription_Home_Page_chrome_31] pages.ae.ProductsPage - Multiple matching products found for - Summer White Top, hence choosing the first match found.
2026-10-05 18:13:28 [TestNG-test-Release 1.0 Testing for AE-3] WARN  [qa] [Test_AE9_TC13_Verify_Subscription_Home_Page_chrome_31] pages.ae.ProductsPage - Multiple matching products found for - Blue Top, hence choosing the first match found.
2026-10-05 18:13:31 [TestNG-test-Release 1.0 Testing for AE-3] INFO  [qa] [Test_AE9_TC13_Verify_Subscription_Home_Page_chrome_31] test.ae.AddToCartTests - Running:Step-3
2026-10-05 18:13:31 [TestNG-test-Release 1.0 Testing for AE-3] WARN  [qa] [Test_AE9_TC13_Verify_Subscription_Home_Page_chrome_31] pages.ae.ProductsPage - Multiple matching products found for - Sleeveless, hence choosing the first match found.
2026-10-05 18:13:35 [TestNG-test-Release 1.0 Testing for AE-3] INFO  [qa] [Test_AE9_TC13_Verify_Subscription_Home_Page_chrome_31] test.ae.AddToCartTests - Running:Step-4
2026-10-05 18:13:36 [TestNG-test-Release 1.0 Testing for AE-3] INFO  [qa] [Test_AE9_TC13_Verify_Subscription_Home_Page_chrome_31] framework.listeners.TestListener - TEST PASSED: Test_AE9_TC13_Verify_Subscription_Home_Page
2026-10-05 18:13:36 [TestNG-test-Release 1.0 Testing for AE-3] ERROR [qa] [Test_AE9_TC13_Verify_Subscription_Home_Page_chrome_31] io.qameta.allure.AllureLifecycle - Could not add attachment: no test is running
2026-10-05 18:13:36 [TestNG-test-Release 1.0 Testing for AE-3] INFO  [qa] [Test_AE9_TC13_Verify_Subscription_Home_Page_chrome_31] framework.listeners.TestListener - Screenshot attached: PASSED Screenshot:
2026-10-05 18:13:37 [TestNG-test-Release 1.0 Testing for AE-3] INFO  [qa] [Test_AE9_TC13_Verify_Subscription_Home_Page_chrome_31] test.ae.AddToCartTests - Trace stopped for: Test_AE9_TC13_Verify_Subscription_Home_Page
2026-10-05 18:13:38 [TestNG-test-Release 1.0 Testing for AE-3] INFO  [qa] [Test_AE9_TC13_Verify_Subscription_Home_Page_chrome_31] framework.drivers.DriverManager - Browser closed successfully.
2026-10-05 18:13:38 [TestNG-test-Release 1.0 Testing for AE-3] INFO  [qa] [Test_AE9_TC13_Verify_Subscription_Home_Page_chrome_31] test.ae.AddToCartTests - Driver shutdown successful.
2026-10-05 18:13:38 [TestNG-test-Release 1.0 Testing for AE-3] INFO  [qa] [Test_AE9_TC13_Verify_Subscription_Home_Page_chrome_31] reporting.ReportManager - ✅ Attachment added to Allure: 🎭 Playwright Trace — Test_AE9_TC13_Verify_Subscription_Home_Page
2026-10-05 18:13:38 [TestNG-test-Release 1.0 Testing for AE-3] INFO  [qa] [Test_AE9_TC13_Verify_Subscription_Home_Page_chrome_31] test.ae.AddToCartTests - Trace attached for: Test_AE9_TC13_Verify_Subscription_Home_Page
2026-10-05 18:13:38 [TestNG-test-Release 1.0 Testing for AE-3] INFO  [qa] [Test_AE9_TC13_Verify_Subscription_Home_Page_chrome_31] test.ae.AddToCartTests - trace temp file deleted from disk.
2026-10-05 18:13:38 [TestNG-test-Release 1.0 Testing for AE-3] INFO  [qa] [Test_AE9_TC13_Verify_Subscription_Home_Page_chrome_31] reporting.ReportManager - ✅ Attachment added to Allure: 🎬 Test Video — Test_AE9_TC13_Verify_Subscription_Home_Page
2026-10-05 18:13:38 [TestNG-test-Release 1.0 Testing for AE-3] INFO  [qa] [Test_AE9_TC13_Verify_Subscription_Home_Page_chrome_31] test.ae.AddToCartTests - Video attached for: Test_AE9_TC13_Verify_Subscription_Home_Page
2026-10-05 18:13:38 [TestNG-test-Release 1.0 Testing for AE-3] INFO  [qa] [Test_AE9_TC13_Verify_Subscription_Home_Page_chrome_31] test.ae.AddToCartTests - video temp file deleted from disk.
