2026-06-29 13:07:48 [TestNG-test-Release 1.0 Testing for AE-4] INFO  [qa] [Test_AE3_TC06_Verify_Contact_Us_Form_Submission_Guest_User_chrome_23] framework.listeners.TestListener - --- STARTING TEST : ContactUsTests#Test_AE3_TC06_Verify_Contact_Us_Form_Submission_Guest_User on chrome [thread-23] ---
2026-06-29 13:07:48 [TestNG-test-Release 1.0 Testing for AE-4] INFO  [qa] [Test_AE3_TC06_Verify_Contact_Us_Form_Submission_Guest_User_chrome_23] test.ae.ContactUsTests - Running:Step-1
2026-06-29 13:07:52 [TestNG-test-Release 1.0 Testing for AE-4] INFO  [qa] [Test_AE3_TC06_Verify_Contact_Us_Form_Submission_Guest_User_chrome_23] test.ae.ContactUsTests - Running:Step-2
2026-06-29 13:07:54 [TestNG-test-Release 1.0 Testing for AE-4] INFO  [qa] [Test_AE3_TC06_Verify_Contact_Us_Form_Submission_Guest_User_chrome_23] pages.ae.HomePage - Navigating to Contact us
2026-06-29 13:07:54 [TestNG-test-Release 1.0 Testing for AE-4] INFO  [qa] [Test_AE3_TC06_Verify_Contact_Us_Form_Submission_Guest_User_chrome_23] test.ae.ContactUsTests - Running:Step-3
2026-06-29 13:07:57 [TestNG-test-Release 1.0 Testing for AE-4] ERROR [qa] [Test_AE3_TC06_Verify_Contact_Us_Form_Submission_Guest_User_chrome_23] io.qameta.allure.util.NamingUtils - Could not find parameter query
2026-06-29 13:08:00 [TestNG-test-Release 1.0 Testing for AE-4] INFO  [qa] [Test_AE3_TC06_Verify_Contact_Us_Form_Submission_Guest_User_chrome_23] pages.ae.ContactUsPage - Accepting the Dialog Alert: Press OK to proceed!
2026-06-29 13:08:01 [TestNG-test-Release 1.0 Testing for AE-4] INFO  [qa] [Test_AE3_TC06_Verify_Contact_Us_Form_Submission_Guest_User_chrome_23] test.ae.ContactUsTests - Running:Step-4
2026-06-29 13:08:05 [TestNG-test-Release 1.0 Testing for AE-4] INFO  [qa] [Test_AE3_TC06_Verify_Contact_Us_Form_Submission_Guest_User_chrome_23] framework.listeners.TestListener - TEST PASSED: Test_AE3_TC06_Verify_Contact_Us_Form_Submission_Guest_User
2026-06-29 13:08:07 [TestNG-test-Release 1.0 Testing for AE-4] ERROR [qa] [Test_AE3_TC06_Verify_Contact_Us_Form_Submission_Guest_User_chrome_23] io.qameta.allure.AllureLifecycle - Could not add attachment: no test is running
2026-06-29 13:08:07 [TestNG-test-Release 1.0 Testing for AE-4] INFO  [qa] [Test_AE3_TC06_Verify_Contact_Us_Form_Submission_Guest_User_chrome_23] framework.listeners.TestListener - Screenshot attached: PASSED Screenshot:
2026-06-29 13:08:09 [TestNG-test-Release 1.0 Testing for AE-4] INFO  [qa] [Test_AE3_TC06_Verify_Contact_Us_Form_Submission_Guest_User_chrome_23] test.ae.ContactUsTests - Trace stopped for: Test_AE3_TC06_Verify_Contact_Us_Form_Submission_Guest_User
2026-06-29 13:08:11 [TestNG-test-Release 1.0 Testing for AE-4] INFO  [qa] [Test_AE3_TC06_Verify_Contact_Us_Form_Submission_Guest_User_chrome_23] framework.drivers.DriverManager - Browser closed successfully.
2026-06-29 13:08:11 [TestNG-test-Release 1.0 Testing for AE-4] INFO  [qa] [Test_AE3_TC06_Verify_Contact_Us_Form_Submission_Guest_User_chrome_23] test.ae.ContactUsTests - Driver shutdown successful.
2026-06-29 13:08:11 [TestNG-test-Release 1.0 Testing for AE-4] INFO  [qa] [Test_AE3_TC06_Verify_Contact_Us_Form_Submission_Guest_User_chrome_23] reporting.ReportManager - ✅ Attachment added to Allure: 🎭 Playwright Trace — Test_AE3_TC06_Verify_Contact_Us_Form_Submission_Guest_User
2026-06-29 13:08:11 [TestNG-test-Release 1.0 Testing for AE-4] INFO  [qa] [Test_AE3_TC06_Verify_Contact_Us_Form_Submission_Guest_User_chrome_23] test.ae.ContactUsTests - Trace attached for: Test_AE3_TC06_Verify_Contact_Us_Form_Submission_Guest_User
2026-06-29 13:08:11 [TestNG-test-Release 1.0 Testing for AE-4] INFO  [qa] [Test_AE3_TC06_Verify_Contact_Us_Form_Submission_Guest_User_chrome_23] test.ae.ContactUsTests - trace temp file deleted from disk.
2026-06-29 13:08:11 [TestNG-test-Release 1.0 Testing for AE-4] INFO  [qa] [Test_AE3_TC06_Verify_Contact_Us_Form_Submission_Guest_User_chrome_23] reporting.ReportManager - ✅ Attachment added to Allure: 🎬 Test Video — Test_AE3_TC06_Verify_Contact_Us_Form_Submission_Guest_User
2026-06-29 13:08:11 [TestNG-test-Release 1.0 Testing for AE-4] INFO  [qa] [Test_AE3_TC06_Verify_Contact_Us_Form_Submission_Guest_User_chrome_23] test.ae.ContactUsTests - Video attached for: Test_AE3_TC06_Verify_Contact_Us_Form_Submission_Guest_User
2026-06-29 13:08:11 [TestNG-test-Release 1.0 Testing for AE-4] INFO  [qa] [Test_AE3_TC06_Verify_Contact_Us_Form_Submission_Guest_User_chrome_23] test.ae.ContactUsTests - video temp file deleted from disk.
