2026-06-29 13:14:42 [TestNG-test-Release 1.0 Testing for AE-4] INFO  [qa] [Test_AE10_TC16_Verify_Place_Order_LoggedIn_Before_Checkout_chrome_32] framework.listeners.TestListener - --- STARTING TEST : PlaceOrderTests#Test_AE10_TC16_Verify_Place_Order_LoggedIn_Before_Checkout on chrome [thread-32] ---
2026-06-29 13:14:42 [TestNG-test-Release 1.0 Testing for AE-4] INFO  [qa] [Test_AE10_TC16_Verify_Place_Order_LoggedIn_Before_Checkout_chrome_32] test.ae.PlaceOrderTests - Running:Step-1
2026-06-29 13:14:43 [TestNG-test-Release 1.0 Testing for AE-4] INFO  [qa] [Test_AE10_TC16_Verify_Place_Order_LoggedIn_Before_Checkout_chrome_32] test.ae.PlaceOrderTests - Running:Step-1.1 >>>> Pre-Data set up for account login
2026-06-29 13:14:54 [TestNG-test-Release 1.0 Testing for AE-4] INFO  [qa] [Test_AE10_TC16_Verify_Place_Order_LoggedIn_Before_Checkout_chrome_32] pages.ae.SignupDetailPage - Checkbox: 'Newsletter' is set to: false
2026-06-29 13:14:54 [TestNG-test-Release 1.0 Testing for AE-4] INFO  [qa] [Test_AE10_TC16_Verify_Place_Order_LoggedIn_Before_Checkout_chrome_32] pages.ae.SignupDetailPage - Checkbox: 'Special Offers' is set to: false
2026-06-29 13:14:54 [TestNG-test-Release 1.0 Testing for AE-4] ERROR [qa] [Test_AE10_TC16_Verify_Place_Order_LoggedIn_Before_Checkout_chrome_32] io.qameta.allure.util.NamingUtils - Could not process empty pattern
2026-06-29 13:14:54 [TestNG-test-Release 1.0 Testing for AE-4] ERROR [qa] [Test_AE10_TC16_Verify_Place_Order_LoggedIn_Before_Checkout_chrome_32] io.qameta.allure.util.NamingUtils - Could not process empty pattern
2026-06-29 13:15:02 [TestNG-test-Release 1.0 Testing for AE-4] ERROR [qa] [Test_AE10_TC16_Verify_Place_Order_LoggedIn_Before_Checkout_chrome_32] io.qameta.allure.util.NamingUtils - Could not find parameter zipcpde
2026-06-29 13:15:10 [TestNG-test-Release 1.0 Testing for AE-4] INFO  [qa] [Test_AE10_TC16_Verify_Place_Order_LoggedIn_Before_Checkout_chrome_32] test.ae.PlaceOrderTests - Running:Step-2
2026-06-29 13:15:17 [TestNG-test-Release 1.0 Testing for AE-4] INFO  [qa] [Test_AE10_TC16_Verify_Place_Order_LoggedIn_Before_Checkout_chrome_32] test.ae.PlaceOrderTests - Running:Step-3
2026-06-29 13:15:18 [TestNG-test-Release 1.0 Testing for AE-4] INFO  [qa] [Test_AE10_TC16_Verify_Place_Order_LoggedIn_Before_Checkout_chrome_32] pages.ae.HomePage - Navigating to Products
2026-06-29 13:15:18 [TestNG-test-Release 1.0 Testing for AE-4] WARN  [qa] [Test_AE10_TC16_Verify_Place_Order_LoggedIn_Before_Checkout_chrome_32] pages.ae.ProductsPage - Multiple matching products found for - Sleeveless, hence choosing the first match found.
2026-06-29 13:15:22 [TestNG-test-Release 1.0 Testing for AE-4] INFO  [qa] [Test_AE10_TC16_Verify_Place_Order_LoggedIn_Before_Checkout_chrome_32] pages.ae.ProductsPage - 
---------------------------------------------------
Product 1 Added To Cart
Name  : Sleeveless Dress
Price : 1000
------------------------xxxx-----------------------

2026-06-29 13:15:22 [TestNG-test-Release 1.0 Testing for AE-4] WARN  [qa] [Test_AE10_TC16_Verify_Place_Order_LoggedIn_Before_Checkout_chrome_32] pages.ae.ProductsPage - Multiple matching products found for - Unicorn, hence choosing the first match found.
2026-06-29 13:15:25 [TestNG-test-Release 1.0 Testing for AE-4] INFO  [qa] [Test_AE10_TC16_Verify_Place_Order_LoggedIn_Before_Checkout_chrome_32] pages.ae.ProductsPage - 
---------------------------------------------------
Product 2 Added To Cart
Name  : Sleeveless Unicorn Patch Gown - Pink
Price : 1050
------------------------xxxx-----------------------

2026-06-29 13:15:28 [TestNG-test-Release 1.0 Testing for AE-4] INFO  [qa] [Test_AE10_TC16_Verify_Place_Order_LoggedIn_Before_Checkout_chrome_32] pages.ae.ProductsPage - 
---------------------------------------------------
Product 3 Added To Cart
Name  : Winter Top
Price : 600
------------------------xxxx-----------------------

2026-06-29 13:15:32 [TestNG-test-Release 1.0 Testing for AE-4] INFO  [qa] [Test_AE10_TC16_Verify_Place_Order_LoggedIn_Before_Checkout_chrome_32] pages.ae.ProductsPage - 
---------------------------------------------------
Product 4 Added To Cart
Name  : Little Girls Mr. Panda Shirt
Price : 1200
------------------------xxxx-----------------------

2026-06-29 13:15:32 [TestNG-test-Release 1.0 Testing for AE-4] INFO  [qa] [Test_AE10_TC16_Verify_Place_Order_LoggedIn_Before_Checkout_chrome_32] test.ae.PlaceOrderTests - Running:Step-4
2026-06-29 13:15:33 [TestNG-test-Release 1.0 Testing for AE-4] INFO  [qa] [Test_AE10_TC16_Verify_Place_Order_LoggedIn_Before_Checkout_chrome_32] pages.ae.HomePage - Navigating to Cart
2026-06-29 13:15:34 [TestNG-test-Release 1.0 Testing for AE-4] INFO  [qa] [Test_AE10_TC16_Verify_Place_Order_LoggedIn_Before_Checkout_chrome_32] test.ae.PlaceOrderTests - Running:Step-5.1
2026-06-29 13:15:35 [TestNG-test-Release 1.0 Testing for AE-4] INFO  [qa] [Test_AE10_TC16_Verify_Place_Order_LoggedIn_Before_Checkout_chrome_32] pages.ae.CheckOutPage - 
-------------------------------------------------------------------------
               DELIVERY ADDRESS ON CHECKOUT
-------------------------------------------------------------------------
Title Fullname  : Mr. Garrett Mertz
Company Name    : Thompson, McLaughlin and Larson
Address Line1   : 566 Cordell Ranch
Address Line2   : Apt. 241
Address Line3   : South Gregoryshire Rhode Island 711522
Country         : New Zealand
Phone           : 0270220523
-------------------------------------------------------------------------

2026-06-29 13:15:35 [TestNG-test-Release 1.0 Testing for AE-4] INFO  [qa] [Test_AE10_TC16_Verify_Place_Order_LoggedIn_Before_Checkout_chrome_32] pages.ae.CheckOutPage - 
-------------------------------------------------------------------------
               INVOICE ADDRESS ON CHECKOUT
-------------------------------------------------------------------------
Title Fullname  : Mr. Garrett Mertz
Company Name    : Thompson, McLaughlin and Larson
Address Line1   : 566 Cordell Ranch
Address Line2   : Apt. 241
Address Line3   : South Gregoryshire Rhode Island 711522
Country         : New Zealand
Phone           : 0270220523
--------------------------------------------------------------------------

2026-06-29 13:15:35 [TestNG-test-Release 1.0 Testing for AE-4] INFO  [qa] [Test_AE10_TC16_Verify_Place_Order_LoggedIn_Before_Checkout_chrome_32] test.ae.PlaceOrderTests - Running:Step-5.2
2026-06-29 13:15:35 [TestNG-test-Release 1.0 Testing for AE-4] INFO  [qa] [Test_AE10_TC16_Verify_Place_Order_LoggedIn_Before_Checkout_chrome_32] pages.ae.CheckOutPage - 
				PRODUCT-1 DETAILS FROM CART
---------------------------------------------------
Name        : Sleeveless Dress
Category    : Women
SubCategory : Dress
Price       : 1000
Quantity    : 1
Total       : 1000
----------------------------------------------------


2026-06-29 13:15:35 [TestNG-test-Release 1.0 Testing for AE-4] INFO  [qa] [Test_AE10_TC16_Verify_Place_Order_LoggedIn_Before_Checkout_chrome_32] pages.ae.CheckOutPage - 
				PRODUCT-2 DETAILS FROM CART
---------------------------------------------------
Name        : Sleeveless Unicorn Patch Gown - Pink
Category    : Kids
SubCategory : Dress
Price       : 1050
Quantity    : 1
Total       : 1050
----------------------------------------------------


2026-06-29 13:15:35 [TestNG-test-Release 1.0 Testing for AE-4] INFO  [qa] [Test_AE10_TC16_Verify_Place_Order_LoggedIn_Before_Checkout_chrome_32] pages.ae.CheckOutPage - 
				PRODUCT-3 DETAILS FROM CART
---------------------------------------------------
Name        : Winter Top
Category    : Women
SubCategory : Tops
Price       : 600
Quantity    : 1
Total       : 600
----------------------------------------------------


2026-06-29 13:15:35 [TestNG-test-Release 1.0 Testing for AE-4] INFO  [qa] [Test_AE10_TC16_Verify_Place_Order_LoggedIn_Before_Checkout_chrome_32] pages.ae.CheckOutPage - 
				PRODUCT-4 DETAILS FROM CART
---------------------------------------------------
Name        : Little Girls Mr. Panda Shirt
Category    : Kids
SubCategory : Tops & Shirts
Price       : 1200
Quantity    : 1
Total       : 1200
----------------------------------------------------


2026-06-29 13:15:35 [TestNG-test-Release 1.0 Testing for AE-4] INFO  [qa] [Test_AE10_TC16_Verify_Place_Order_LoggedIn_Before_Checkout_chrome_32] pages.ae.CheckOutPage - 
				CART SUMMARY
---------------------------------------------------
Total of <4> Product/s are Added To Cart
Cart Total Price is '3850'
----------------------------------------------------


2026-06-29 13:15:35 [TestNG-test-Release 1.0 Testing for AE-4] INFO  [qa] [Test_AE10_TC16_Verify_Place_Order_LoggedIn_Before_Checkout_chrome_32] test.ae.PlaceOrderTests - The expected cart total: 3850
2026-06-29 13:15:35 [TestNG-test-Release 1.0 Testing for AE-4] INFO  [qa] [Test_AE10_TC16_Verify_Place_Order_LoggedIn_Before_Checkout_chrome_32] test.ae.PlaceOrderTests - Running:Step-7
2026-06-29 13:15:38 [TestNG-test-Release 1.0 Testing for AE-4] INFO  [qa] [Test_AE10_TC16_Verify_Place_Order_LoggedIn_Before_Checkout_chrome_32] test.ae.PlaceOrderTests - Running:Step-8
2026-06-29 13:15:43 [TestNG-test-Release 1.0 Testing for AE-4] INFO  [qa] [Test_AE10_TC16_Verify_Place_Order_LoggedIn_Before_Checkout_chrome_32] test.ae.PlaceOrderTests - Running:Step-9
2026-06-29 13:15:45 [TestNG-test-Release 1.0 Testing for AE-4] INFO  [qa] [Test_AE10_TC16_Verify_Place_Order_LoggedIn_Before_Checkout_chrome_32] test.ae.PlaceOrderTests - Running:Step-10
2026-06-29 13:15:45 [TestNG-test-Release 1.0 Testing for AE-4] INFO  [qa] [Test_AE10_TC16_Verify_Place_Order_LoggedIn_Before_Checkout_chrome_32] test.ae.PlaceOrderTests - Running:Step-11 >>>> Cleanup
2026-06-29 13:15:48 [TestNG-test-Release 1.0 Testing for AE-4] INFO  [qa] [Test_AE10_TC16_Verify_Place_Order_LoggedIn_Before_Checkout_chrome_32] framework.listeners.TestListener - TEST PASSED: Test_AE10_TC16_Verify_Place_Order_LoggedIn_Before_Checkout
2026-06-29 13:15:49 [TestNG-test-Release 1.0 Testing for AE-4] ERROR [qa] [Test_AE10_TC16_Verify_Place_Order_LoggedIn_Before_Checkout_chrome_32] io.qameta.allure.AllureLifecycle - Could not add attachment: no test is running
2026-06-29 13:15:49 [TestNG-test-Release 1.0 Testing for AE-4] INFO  [qa] [Test_AE10_TC16_Verify_Place_Order_LoggedIn_Before_Checkout_chrome_32] framework.listeners.TestListener - Screenshot attached: PASSED Screenshot:
2026-06-29 13:15:50 [TestNG-test-Release 1.0 Testing for AE-4] INFO  [qa] [Test_AE10_TC16_Verify_Place_Order_LoggedIn_Before_Checkout_chrome_32] test.ae.PlaceOrderTests - Trace stopped for: Test_AE10_TC16_Verify_Place_Order_LoggedIn_Before_Checkout
2026-06-29 13:15:52 [TestNG-test-Release 1.0 Testing for AE-4] INFO  [qa] [Test_AE10_TC16_Verify_Place_Order_LoggedIn_Before_Checkout_chrome_32] framework.drivers.DriverManager - Browser closed successfully.
2026-06-29 13:15:52 [TestNG-test-Release 1.0 Testing for AE-4] INFO  [qa] [Test_AE10_TC16_Verify_Place_Order_LoggedIn_Before_Checkout_chrome_32] test.ae.PlaceOrderTests - Driver shutdown successful.
2026-06-29 13:15:52 [TestNG-test-Release 1.0 Testing for AE-4] INFO  [qa] [Test_AE10_TC16_Verify_Place_Order_LoggedIn_Before_Checkout_chrome_32] reporting.ReportManager - ✅ Attachment added to Allure: 🎭 Playwright Trace — Test_AE10_TC16_Verify_Place_Order_LoggedIn_Before_Checkout
2026-06-29 13:15:52 [TestNG-test-Release 1.0 Testing for AE-4] INFO  [qa] [Test_AE10_TC16_Verify_Place_Order_LoggedIn_Before_Checkout_chrome_32] test.ae.PlaceOrderTests - Trace attached for: Test_AE10_TC16_Verify_Place_Order_LoggedIn_Before_Checkout
2026-06-29 13:15:52 [TestNG-test-Release 1.0 Testing for AE-4] INFO  [qa] [Test_AE10_TC16_Verify_Place_Order_LoggedIn_Before_Checkout_chrome_32] test.ae.PlaceOrderTests - trace temp file deleted from disk.
2026-06-29 13:15:52 [TestNG-test-Release 1.0 Testing for AE-4] INFO  [qa] [Test_AE10_TC16_Verify_Place_Order_LoggedIn_Before_Checkout_chrome_32] reporting.ReportManager - ✅ Attachment added to Allure: 🎬 Test Video — Test_AE10_TC16_Verify_Place_Order_LoggedIn_Before_Checkout
2026-06-29 13:15:52 [TestNG-test-Release 1.0 Testing for AE-4] INFO  [qa] [Test_AE10_TC16_Verify_Place_Order_LoggedIn_Before_Checkout_chrome_32] test.ae.PlaceOrderTests - Video attached for: Test_AE10_TC16_Verify_Place_Order_LoggedIn_Before_Checkout
2026-06-29 13:15:52 [TestNG-test-Release 1.0 Testing for AE-4] INFO  [qa] [Test_AE10_TC16_Verify_Place_Order_LoggedIn_Before_Checkout_chrome_32] test.ae.PlaceOrderTests - video temp file deleted from disk.
