2026-06-01 15:22:56 [TestNG-test-Release 1.0 Testing for AE-4] INFO  [qa] [Test_AE5_TC09_Verify_Product_Search_Lists_All_Relevant_Products_chrome_23] framework.listeners.TestListener - --- STARTING TEST : ProductsTests#Test_AE5_TC09_Verify_Product_Search_Lists_All_Relevant_Products on chrome [thread-23] ---
2026-06-01 15:22:56 [TestNG-test-Release 1.0 Testing for AE-4] INFO  [qa] [Test_AE5_TC09_Verify_Product_Search_Lists_All_Relevant_Products_chrome_23] test.ae.ProductsTests - Running:Step-1
2026-06-01 15:22:59 [TestNG-test-Release 1.0 Testing for AE-4] INFO  [qa] [Test_AE5_TC09_Verify_Product_Search_Lists_All_Relevant_Products_chrome_23] test.ae.ProductsTests - Running:Step-2
2026-06-01 15:23:00 [TestNG-test-Release 1.0 Testing for AE-4] INFO  [qa] [Test_AE5_TC09_Verify_Product_Search_Lists_All_Relevant_Products_chrome_23] pages.ae.HomePage - Navigating to Products
2026-06-01 15:23:02 [TestNG-test-Release 1.0 Testing for AE-4] INFO  [qa] [Test_AE5_TC09_Verify_Product_Search_Lists_All_Relevant_Products_chrome_23] test.ae.ProductsTests - Running:Step-3
2026-06-01 15:23:04 [TestNG-test-Release 1.0 Testing for AE-4] INFO  [qa] [Test_AE5_TC09_Verify_Product_Search_Lists_All_Relevant_Products_chrome_23] pages.ae.ProductsPage - The searched product - Green has found 3 matching products.
2026-06-01 15:23:04 [TestNG-test-Release 1.0 Testing for AE-4] INFO  [qa] [Test_AE5_TC09_Verify_Product_Search_Lists_All_Relevant_Products_chrome_23] pages.ae.ProductsPage - 
   Search List of Products
------------------------------
Fancy Green Top, Green Side Placket Detail T-Shirt, Pure Cotton Neon Green Tshirt
------------------------------

2026-06-01 15:23:04 [TestNG-test-Release 1.0 Testing for AE-4] INFO  [qa] [Test_AE5_TC09_Verify_Product_Search_Lists_All_Relevant_Products_chrome_23] framework.listeners.TestListener - TEST PASSED: Test_AE5_TC09_Verify_Product_Search_Lists_All_Relevant_Products
2026-06-01 15:23:04 [TestNG-test-Release 1.0 Testing for AE-4] ERROR [qa] [Test_AE5_TC09_Verify_Product_Search_Lists_All_Relevant_Products_chrome_23] io.qameta.allure.AllureLifecycle - Could not add attachment: no test is running
2026-06-01 15:23:04 [TestNG-test-Release 1.0 Testing for AE-4] INFO  [qa] [Test_AE5_TC09_Verify_Product_Search_Lists_All_Relevant_Products_chrome_23] framework.listeners.TestListener - Screenshot attached: PASSED Screenshot:
2026-06-01 15:23:05 [TestNG-test-Release 1.0 Testing for AE-4] INFO  [qa] [Test_AE5_TC09_Verify_Product_Search_Lists_All_Relevant_Products_chrome_23] test.ae.ProductsTests - Trace stopped for: Test_AE5_TC09_Verify_Product_Search_Lists_All_Relevant_Products
2026-06-01 15:23:05 [TestNG-test-Release 1.0 Testing for AE-4] INFO  [qa] [Test_AE5_TC09_Verify_Product_Search_Lists_All_Relevant_Products_chrome_23] framework.drivers.DriverManager - Browser closed successfully.
2026-06-01 15:23:05 [TestNG-test-Release 1.0 Testing for AE-4] INFO  [qa] [Test_AE5_TC09_Verify_Product_Search_Lists_All_Relevant_Products_chrome_23] test.ae.ProductsTests - Driver shutdown successful.
2026-06-01 15:23:05 [TestNG-test-Release 1.0 Testing for AE-4] INFO  [qa] [Test_AE5_TC09_Verify_Product_Search_Lists_All_Relevant_Products_chrome_23] reporting.ReportManager - ✅ Attachment added to Allure: 🎭 Playwright Trace — Test_AE5_TC09_Verify_Product_Search_Lists_All_Relevant_Products
2026-06-01 15:23:05 [TestNG-test-Release 1.0 Testing for AE-4] INFO  [qa] [Test_AE5_TC09_Verify_Product_Search_Lists_All_Relevant_Products_chrome_23] test.ae.ProductsTests - Trace attached for: Test_AE5_TC09_Verify_Product_Search_Lists_All_Relevant_Products
2026-06-01 15:23:05 [TestNG-test-Release 1.0 Testing for AE-4] INFO  [qa] [Test_AE5_TC09_Verify_Product_Search_Lists_All_Relevant_Products_chrome_23] test.ae.ProductsTests - trace temp file deleted from disk.
2026-06-01 15:23:05 [TestNG-test-Release 1.0 Testing for AE-4] INFO  [qa] [Test_AE5_TC09_Verify_Product_Search_Lists_All_Relevant_Products_chrome_23] reporting.ReportManager - ✅ Attachment added to Allure: 🎬 Test Video — Test_AE5_TC09_Verify_Product_Search_Lists_All_Relevant_Products
2026-06-01 15:23:05 [TestNG-test-Release 1.0 Testing for AE-4] INFO  [qa] [Test_AE5_TC09_Verify_Product_Search_Lists_All_Relevant_Products_chrome_23] test.ae.ProductsTests - Video attached for: Test_AE5_TC09_Verify_Product_Search_Lists_All_Relevant_Products
2026-06-01 15:23:05 [TestNG-test-Release 1.0 Testing for AE-4] INFO  [qa] [Test_AE5_TC09_Verify_Product_Search_Lists_All_Relevant_Products_chrome_23] test.ae.ProductsTests - video temp file deleted from disk.
