2026-06-01 15:29:11 [TestNG-test-Release 1.0 Testing for AE-4] INFO  [qa] [Test_AE5_TC08_Verify_Product_Search_Detail_Page_chrome_32] framework.listeners.TestListener - --- STARTING TEST : ProductsTests#Test_AE5_TC08_Verify_Product_Search_Detail_Page on chrome [thread-32] ---
2026-06-01 15:29:11 [TestNG-test-Release 1.0 Testing for AE-4] INFO  [qa] [Test_AE5_TC08_Verify_Product_Search_Detail_Page_chrome_32] test.ae.ProductsTests - Running:Step-1
2026-06-01 15:29:14 [TestNG-test-Release 1.0 Testing for AE-4] INFO  [qa] [Test_AE5_TC08_Verify_Product_Search_Detail_Page_chrome_32] test.ae.ProductsTests - Running:Step-2
2026-06-01 15:29:16 [TestNG-test-Release 1.0 Testing for AE-4] INFO  [qa] [Test_AE5_TC08_Verify_Product_Search_Detail_Page_chrome_32] pages.ae.HomePage - Navigating to Products
2026-06-01 15:29:20 [TestNG-test-Release 1.0 Testing for AE-4] INFO  [qa] [Test_AE5_TC08_Verify_Product_Search_Detail_Page_chrome_32] test.ae.ProductsTests - Running:Step-3
2026-06-01 15:29:21 [TestNG-test-Release 1.0 Testing for AE-4] INFO  [qa] [Test_AE5_TC08_Verify_Product_Search_Detail_Page_chrome_32] test.ae.ProductsTests - Running:Step-4
2026-06-01 15:29:21 [TestNG-test-Release 1.0 Testing for AE-4] INFO  [qa] [Test_AE5_TC08_Verify_Product_Search_Detail_Page_chrome_32] pages.ae.ProductDetailPage - 
Product Details
---------------
Name     	 :
								
								Blue Top
								Category: Women > Tops
								
								
									Rs. 500
									Quantity:
									
									
									
										
										Add to cart
									
								
								Availability: In Stock
								Condition: New
								Brand: Polo
							
Category 	 :: Polo
Price    	 :Rs. 500
									Quantity:
									
									
									
										
										Add to cart
									
								
								Availability: In Stock
								Condition: New
								Brand: Polo
Availability :Availability: In Stock
								Condition: New
								Brand: Polo
Condition    :Condition: New
								Brand: Polo
Brand        :Brand: Polo

2026-06-01 15:29:21 [TestNG-test-Release 1.0 Testing for AE-4] INFO  [qa] [Test_AE5_TC08_Verify_Product_Search_Detail_Page_chrome_32] framework.listeners.TestListener - TEST PASSED: Test_AE5_TC08_Verify_Product_Search_Detail_Page
2026-06-01 15:29:21 [TestNG-test-Release 1.0 Testing for AE-4] ERROR [qa] [Test_AE5_TC08_Verify_Product_Search_Detail_Page_chrome_32] io.qameta.allure.AllureLifecycle - Could not add attachment: no test is running
2026-06-01 15:29:21 [TestNG-test-Release 1.0 Testing for AE-4] INFO  [qa] [Test_AE5_TC08_Verify_Product_Search_Detail_Page_chrome_32] framework.listeners.TestListener - Screenshot attached: PASSED Screenshot:
2026-06-01 15:29:22 [TestNG-test-Release 1.0 Testing for AE-4] INFO  [qa] [Test_AE5_TC08_Verify_Product_Search_Detail_Page_chrome_32] test.ae.ProductsTests - Trace stopped for: Test_AE5_TC08_Verify_Product_Search_Detail_Page
2026-06-01 15:29:22 [TestNG-test-Release 1.0 Testing for AE-4] INFO  [qa] [Test_AE5_TC08_Verify_Product_Search_Detail_Page_chrome_32] framework.drivers.DriverManager - Browser closed successfully.
2026-06-01 15:29:22 [TestNG-test-Release 1.0 Testing for AE-4] INFO  [qa] [Test_AE5_TC08_Verify_Product_Search_Detail_Page_chrome_32] test.ae.ProductsTests - Driver shutdown successful.
2026-06-01 15:29:22 [TestNG-test-Release 1.0 Testing for AE-4] INFO  [qa] [Test_AE5_TC08_Verify_Product_Search_Detail_Page_chrome_32] reporting.ReportManager - ✅ Attachment added to Allure: 🎭 Playwright Trace — Test_AE5_TC08_Verify_Product_Search_Detail_Page
2026-06-01 15:29:22 [TestNG-test-Release 1.0 Testing for AE-4] INFO  [qa] [Test_AE5_TC08_Verify_Product_Search_Detail_Page_chrome_32] test.ae.ProductsTests - Trace attached for: Test_AE5_TC08_Verify_Product_Search_Detail_Page
2026-06-01 15:29:22 [TestNG-test-Release 1.0 Testing for AE-4] INFO  [qa] [Test_AE5_TC08_Verify_Product_Search_Detail_Page_chrome_32] test.ae.ProductsTests - trace temp file deleted from disk.
2026-06-01 15:29:22 [TestNG-test-Release 1.0 Testing for AE-4] INFO  [qa] [Test_AE5_TC08_Verify_Product_Search_Detail_Page_chrome_32] reporting.ReportManager - ✅ Attachment added to Allure: 🎬 Test Video — Test_AE5_TC08_Verify_Product_Search_Detail_Page
2026-06-01 15:29:22 [TestNG-test-Release 1.0 Testing for AE-4] INFO  [qa] [Test_AE5_TC08_Verify_Product_Search_Detail_Page_chrome_32] test.ae.ProductsTests - Video attached for: Test_AE5_TC08_Verify_Product_Search_Detail_Page
2026-06-01 15:29:22 [TestNG-test-Release 1.0 Testing for AE-4] INFO  [qa] [Test_AE5_TC08_Verify_Product_Search_Detail_Page_chrome_32] test.ae.ProductsTests - video temp file deleted from disk.
