2026-04-13 10:47:25 [TestNG-test-Release 1.0 Testing for AE-3] INFO  [qa] [Test_AE8_TC25_Verify_Home_Page_Scroll_With_Arrow_chrome_22] framework.listeners.TestListener - --- STARTING TEST : HomeTests#Test_AE8_TC25_Verify_Home_Page_Scroll_With_Arrow on chrome [thread-22] ---
2026-04-13 10:47:25 [TestNG-test-Release 1.0 Testing for AE-3] INFO  [qa] [Test_AE8_TC25_Verify_Home_Page_Scroll_With_Arrow_chrome_22] test.ae.HomeTests - Running:Step-1
2026-04-13 10:47:28 [TestNG-test-Release 1.0 Testing for AE-3] INFO  [qa] [Test_AE8_TC25_Verify_Home_Page_Scroll_With_Arrow_chrome_22] test.ae.HomeTests - Running:Step-2
2026-04-13 10:47:36 [TestNG-test-Release 1.0 Testing for AE-3] INFO  [qa] [Test_AE8_TC25_Verify_Home_Page_Scroll_With_Arrow_chrome_22] framework.listeners.TestListener - TEST FAILED: Test_AE8_TC25_Verify_Home_Page_Scroll_With_Arrow
2026-04-13 10:47:36 [TestNG-test-Release 1.0 Testing for AE-3] ERROR [qa] [Test_AE8_TC25_Verify_Home_Page_Scroll_With_Arrow_chrome_22] framework.listeners.TestListener - Failure Reason: org.opentest4j.AssertionFailedError: Locator expected to be visible
Call log:
  - Assert "isVisible" with timeout 5000ms
  - waiting for getByText("Full-Fledged practice website for Automation Engineers").first()
    8 × locator resolved to <h2>Full-Fledged practice website for Automation Engi…</h2>
      - unexpected value "hidden"
2026-04-13 10:47:38 [TestNG-test-Release 1.0 Testing for AE-3] ERROR [qa] [Test_AE8_TC25_Verify_Home_Page_Scroll_With_Arrow_chrome_22] io.qameta.allure.AllureLifecycle - Could not add attachment: no test is running
2026-04-13 10:47:38 [TestNG-test-Release 1.0 Testing for AE-3] ERROR [qa] [Test_AE8_TC25_Verify_Home_Page_Scroll_With_Arrow_chrome_22] io.qameta.allure.AllureLifecycle - Could not start step: no test case running
2026-04-13 10:47:38 [TestNG-test-Release 1.0 Testing for AE-3] ERROR [qa] [Test_AE8_TC25_Verify_Home_Page_Scroll_With_Arrow_chrome_22] io.qameta.allure.AllureLifecycle - Could not stop step: step with uuid 59221da6-73f3-4a11-bb38-0609e419f02f not found
2026-04-13 10:47:38 [TestNG-test-Release 1.0 Testing for AE-3] INFO  [qa] [Test_AE8_TC25_Verify_Home_Page_Scroll_With_Arrow_chrome_22] framework.listeners.TestListener - Screenshot attached: FAILURE Screenshot:
2026-04-13 10:47:39 [TestNG-test-Release 1.0 Testing for AE-3] INFO  [qa] [Test_AE8_TC25_Verify_Home_Page_Scroll_With_Arrow_chrome_22] test.ae.HomeTests - Trace stopped for: Test_AE8_TC25_Verify_Home_Page_Scroll_With_Arrow
2026-04-13 10:47:41 [TestNG-test-Release 1.0 Testing for AE-3] INFO  [qa] [Test_AE8_TC25_Verify_Home_Page_Scroll_With_Arrow_chrome_22] framework.drivers.DriverManager - Browser closed successfully.
2026-04-13 10:47:41 [TestNG-test-Release 1.0 Testing for AE-3] INFO  [qa] [Test_AE8_TC25_Verify_Home_Page_Scroll_With_Arrow_chrome_22] test.ae.HomeTests - Driver shutdown successful.
2026-04-13 10:47:41 [TestNG-test-Release 1.0 Testing for AE-3] INFO  [qa] [Test_AE8_TC25_Verify_Home_Page_Scroll_With_Arrow_chrome_22] reporting.ReportManager - ✅ Attachment added to Allure: 🎭 Playwright Trace — Test_AE8_TC25_Verify_Home_Page_Scroll_With_Arrow
2026-04-13 10:47:41 [TestNG-test-Release 1.0 Testing for AE-3] INFO  [qa] [Test_AE8_TC25_Verify_Home_Page_Scroll_With_Arrow_chrome_22] test.ae.HomeTests - Trace attached for: Test_AE8_TC25_Verify_Home_Page_Scroll_With_Arrow
2026-04-13 10:47:41 [TestNG-test-Release 1.0 Testing for AE-3] INFO  [qa] [Test_AE8_TC25_Verify_Home_Page_Scroll_With_Arrow_chrome_22] test.ae.HomeTests - trace temp file deleted from disk.
2026-04-13 10:47:41 [TestNG-test-Release 1.0 Testing for AE-3] INFO  [qa] [Test_AE8_TC25_Verify_Home_Page_Scroll_With_Arrow_chrome_22] reporting.ReportManager - ✅ Attachment added to Allure: 🎬 Test Video — Test_AE8_TC25_Verify_Home_Page_Scroll_With_Arrow
2026-04-13 10:47:41 [TestNG-test-Release 1.0 Testing for AE-3] INFO  [qa] [Test_AE8_TC25_Verify_Home_Page_Scroll_With_Arrow_chrome_22] test.ae.HomeTests - Video attached for: Test_AE8_TC25_Verify_Home_Page_Scroll_With_Arrow
2026-04-13 10:47:41 [TestNG-test-Release 1.0 Testing for AE-3] INFO  [qa] [Test_AE8_TC25_Verify_Home_Page_Scroll_With_Arrow_chrome_22] test.ae.HomeTests - video temp file deleted from disk.
