2026-08-24 09:48:32 [TestNG-test-Release 1.0 Testing for AE-3] INFO  [qa] [Test_AE8_TC26_Verify_Home_Page_Scroll_Without_Arrow_chrome_22] framework.listeners.TestListener - --- STARTING TEST : HomeTests#Test_AE8_TC26_Verify_Home_Page_Scroll_Without_Arrow on chrome [thread-22] ---
2026-08-24 09:48:32 [TestNG-test-Release 1.0 Testing for AE-3] INFO  [qa] [Test_AE8_TC26_Verify_Home_Page_Scroll_Without_Arrow_chrome_22] test.ae.HomeTests - Running:Step-1
2026-08-24 09:48:37 [TestNG-test-Release 1.0 Testing for AE-3] INFO  [qa] [Test_AE8_TC26_Verify_Home_Page_Scroll_Without_Arrow_chrome_22] framework.listeners.TestListener - TEST FAILED: Test_AE8_TC26_Verify_Home_Page_Scroll_Without_Arrow
2026-08-24 09:48:37 [TestNG-test-Release 1.0 Testing for AE-3] ERROR [qa] [Test_AE8_TC26_Verify_Home_Page_Scroll_Without_Arrow_chrome_22] framework.listeners.TestListener - Failure Reason: org.opentest4j.AssertionFailedError: Page title expected to match regex
Expected: Automation Exercise
Received: One moment, please...

Call log:
  - Assert "hasTitle" with timeout 5000ms
    9 × unexpected value "One moment, please..."
2026-08-24 09:48:38 [TestNG-test-Release 1.0 Testing for AE-3] ERROR [qa] [Test_AE8_TC26_Verify_Home_Page_Scroll_Without_Arrow_chrome_22] io.qameta.allure.AllureLifecycle - Could not add attachment: no test is running
2026-08-24 09:48:38 [TestNG-test-Release 1.0 Testing for AE-3] ERROR [qa] [Test_AE8_TC26_Verify_Home_Page_Scroll_Without_Arrow_chrome_22] io.qameta.allure.AllureLifecycle - Could not start step: no test case running
2026-08-24 09:48:38 [TestNG-test-Release 1.0 Testing for AE-3] ERROR [qa] [Test_AE8_TC26_Verify_Home_Page_Scroll_Without_Arrow_chrome_22] io.qameta.allure.AllureLifecycle - Could not stop step: step with uuid a392efb6-c5b3-41a6-8877-9f0c4ff03ee2 not found
2026-08-24 09:48:38 [TestNG-test-Release 1.0 Testing for AE-3] INFO  [qa] [Test_AE8_TC26_Verify_Home_Page_Scroll_Without_Arrow_chrome_22] framework.listeners.TestListener - Screenshot attached: FAILURE Screenshot:
2026-08-24 09:48:38 [TestNG-test-Release 1.0 Testing for AE-3] INFO  [qa] [Test_AE8_TC26_Verify_Home_Page_Scroll_Without_Arrow_chrome_22] test.ae.HomeTests - Trace stopped for: Test_AE8_TC26_Verify_Home_Page_Scroll_Without_Arrow
2026-08-24 09:48:39 [TestNG-test-Release 1.0 Testing for AE-3] INFO  [qa] [Test_AE8_TC26_Verify_Home_Page_Scroll_Without_Arrow_chrome_22] framework.drivers.DriverManager - Browser closed successfully.
2026-08-24 09:48:39 [TestNG-test-Release 1.0 Testing for AE-3] INFO  [qa] [Test_AE8_TC26_Verify_Home_Page_Scroll_Without_Arrow_chrome_22] test.ae.HomeTests - Driver shutdown successful.
2026-08-24 09:48:39 [TestNG-test-Release 1.0 Testing for AE-3] INFO  [qa] [Test_AE8_TC26_Verify_Home_Page_Scroll_Without_Arrow_chrome_22] reporting.ReportManager - ✅ Attachment added to Allure: 🎭 Playwright Trace — Test_AE8_TC26_Verify_Home_Page_Scroll_Without_Arrow
2026-08-24 09:48:39 [TestNG-test-Release 1.0 Testing for AE-3] INFO  [qa] [Test_AE8_TC26_Verify_Home_Page_Scroll_Without_Arrow_chrome_22] test.ae.HomeTests - Trace attached for: Test_AE8_TC26_Verify_Home_Page_Scroll_Without_Arrow
2026-08-24 09:48:39 [TestNG-test-Release 1.0 Testing for AE-3] INFO  [qa] [Test_AE8_TC26_Verify_Home_Page_Scroll_Without_Arrow_chrome_22] test.ae.HomeTests - trace temp file deleted from disk.
2026-08-24 09:48:39 [TestNG-test-Release 1.0 Testing for AE-3] INFO  [qa] [Test_AE8_TC26_Verify_Home_Page_Scroll_Without_Arrow_chrome_22] reporting.ReportManager - ✅ Attachment added to Allure: 🎬 Test Video — Test_AE8_TC26_Verify_Home_Page_Scroll_Without_Arrow
2026-08-24 09:48:39 [TestNG-test-Release 1.0 Testing for AE-3] INFO  [qa] [Test_AE8_TC26_Verify_Home_Page_Scroll_Without_Arrow_chrome_22] test.ae.HomeTests - Video attached for: Test_AE8_TC26_Verify_Home_Page_Scroll_Without_Arrow
2026-08-24 09:48:39 [TestNG-test-Release 1.0 Testing for AE-3] INFO  [qa] [Test_AE8_TC26_Verify_Home_Page_Scroll_Without_Arrow_chrome_22] test.ae.HomeTests - video temp file deleted from disk.
