2026-06-22 14:44:12 [TestNG-test-Release 1.0 Testing for AE-1] INFO  [qa] [Test_AE9_TC20_Verify_Cart_On_Login_chrome_20] framework.listeners.TestListener - --- STARTING TEST : AddToCartTests#Test_AE9_TC20_Verify_Cart_On_Login on chrome [thread-20] ---
2026-06-22 14:44:12 [TestNG-test-Release 1.0 Testing for AE-1] INFO  [qa] [Test_AE9_TC20_Verify_Cart_On_Login_chrome_20] test.ae.AddToCartTests - Running:Step-1
2026-06-22 14:44:14 [TestNG-test-Release 1.0 Testing for AE-1] INFO  [qa] [Test_AE9_TC20_Verify_Cart_On_Login_chrome_20] test.ae.AddToCartTests - Running:Step-2
2026-06-22 14:44:15 [TestNG-test-Release 1.0 Testing for AE-1] INFO  [qa] [Test_AE9_TC20_Verify_Cart_On_Login_chrome_20] pages.ae.HomePage - Navigating to Products
2026-06-22 14:44:18 [TestNG-test-Release 1.0 Testing for AE-1] INFO  [qa] [Test_AE9_TC20_Verify_Cart_On_Login_chrome_20] pages.ae.ProductsPage - The searched product - Sleeveless has found 3 matching products.
2026-06-22 14:44:18 [TestNG-test-Release 1.0 Testing for AE-1] INFO  [qa] [Test_AE9_TC20_Verify_Cart_On_Login_chrome_20] pages.ae.ProductsPage - 
   Search List of Products
------------------------------
Sleeveless Dress, Sleeveless Unicorn Patch Gown - Pink, Sleeveless Unicorn Print Fit & Flare Net Dress - Multi
------------------------------

2026-06-22 14:44:18 [TestNG-test-Release 1.0 Testing for AE-1] INFO  [qa] [Test_AE9_TC20_Verify_Cart_On_Login_chrome_20] test.ae.AddToCartTests - Running:Step-3
2026-06-22 14:44:18 [TestNG-test-Release 1.0 Testing for AE-1] INFO  [qa] [Test_AE9_TC20_Verify_Cart_On_Login_chrome_20] pages.ae.ProductsPage - Total Products displayed on screen - 3
2026-06-22 14:44:20 [TestNG-test-Release 1.0 Testing for AE-1] INFO  [qa] [Test_AE9_TC20_Verify_Cart_On_Login_chrome_20] pages.ae.ProductsPage - 
---------------------------------------------------
Product 0: Sleeveless Dress Added To Cart with Price 1000
----------------------------------------------------


2026-06-22 14:44:23 [TestNG-test-Release 1.0 Testing for AE-1] INFO  [qa] [Test_AE9_TC20_Verify_Cart_On_Login_chrome_20] pages.ae.ProductsPage - 
---------------------------------------------------
Product 1: Sleeveless Unicorn Patch Gown - Pink Added To Cart with Price 1050
----------------------------------------------------


2026-06-22 14:44:26 [TestNG-test-Release 1.0 Testing for AE-1] INFO  [qa] [Test_AE9_TC20_Verify_Cart_On_Login_chrome_20] pages.ae.ProductsPage - 
---------------------------------------------------
Product 2: Sleeveless Unicorn Print Fit & Flare Net Dress - Multi Added To Cart with Price 1100
----------------------------------------------------


2026-06-22 14:44:27 [TestNG-test-Release 1.0 Testing for AE-1] INFO  [qa] [Test_AE9_TC20_Verify_Cart_On_Login_chrome_20] pages.ae.ProductsPage - Total Products added to cart - 3
2026-06-22 14:44:27 [TestNG-test-Release 1.0 Testing for AE-1] INFO  [qa] [Test_AE9_TC20_Verify_Cart_On_Login_chrome_20] pages.ae.CartPage - 
---------------------------------------------------
Product Sleeveless Dress is Visible on Cart
----------------------------------------------------


2026-06-22 14:44:28 [TestNG-test-Release 1.0 Testing for AE-1] INFO  [qa] [Test_AE9_TC20_Verify_Cart_On_Login_chrome_20] pages.ae.CartPage - 
---------------------------------------------------
Product Sleeveless Unicorn Patch Gown - Pink is Visible on Cart
----------------------------------------------------


2026-06-22 14:44:28 [TestNG-test-Release 1.0 Testing for AE-1] INFO  [qa] [Test_AE9_TC20_Verify_Cart_On_Login_chrome_20] pages.ae.CartPage - 
---------------------------------------------------
Product Sleeveless Unicorn Print Fit & Flare Net Dress - Multi is Visible on Cart
----------------------------------------------------


2026-06-22 14:44:28 [TestNG-test-Release 1.0 Testing for AE-1] INFO  [qa] [Test_AE9_TC20_Verify_Cart_On_Login_chrome_20] test.ae.AddToCartTests - Running:Step-4
2026-06-22 14:44:34 [TestNG-test-Release 1.0 Testing for AE-1] INFO  [qa] [Test_AE9_TC20_Verify_Cart_On_Login_chrome_20] pages.ae.HomePage - Navigating to Cart
2026-06-22 14:44:34 [TestNG-test-Release 1.0 Testing for AE-1] INFO  [qa] [Test_AE9_TC20_Verify_Cart_On_Login_chrome_20] pages.ae.CartPage - 
---------------------------------------------------
Product Sleeveless Dress is Visible on Cart
----------------------------------------------------


2026-06-22 14:44:34 [TestNG-test-Release 1.0 Testing for AE-1] INFO  [qa] [Test_AE9_TC20_Verify_Cart_On_Login_chrome_20] pages.ae.CartPage - 
---------------------------------------------------
Product Sleeveless Unicorn Patch Gown - Pink is Visible on Cart
----------------------------------------------------


2026-06-22 14:44:34 [TestNG-test-Release 1.0 Testing for AE-1] INFO  [qa] [Test_AE9_TC20_Verify_Cart_On_Login_chrome_20] pages.ae.CartPage - 
---------------------------------------------------
Product Sleeveless Unicorn Print Fit & Flare Net Dress - Multi is Visible on Cart
----------------------------------------------------


2026-06-22 14:44:34 [TestNG-test-Release 1.0 Testing for AE-1] INFO  [qa] [Test_AE9_TC20_Verify_Cart_On_Login_chrome_20] framework.listeners.TestListener - TEST PASSED: Test_AE9_TC20_Verify_Cart_On_Login
2026-06-22 14:44:34 [TestNG-test-Release 1.0 Testing for AE-1] ERROR [qa] [Test_AE9_TC20_Verify_Cart_On_Login_chrome_20] io.qameta.allure.AllureLifecycle - Could not add attachment: no test is running
2026-06-22 14:44:34 [TestNG-test-Release 1.0 Testing for AE-1] INFO  [qa] [Test_AE9_TC20_Verify_Cart_On_Login_chrome_20] framework.listeners.TestListener - Screenshot attached: PASSED Screenshot:
2026-06-22 14:44:35 [TestNG-test-Release 1.0 Testing for AE-1] INFO  [qa] [Test_AE9_TC20_Verify_Cart_On_Login_chrome_20] test.ae.AddToCartTests - Trace stopped for: Test_AE9_TC20_Verify_Cart_On_Login
2026-06-22 14:44:35 [TestNG-test-Release 1.0 Testing for AE-1] INFO  [qa] [Test_AE9_TC20_Verify_Cart_On_Login_chrome_20] framework.drivers.DriverManager - Browser closed successfully.
2026-06-22 14:44:35 [TestNG-test-Release 1.0 Testing for AE-1] INFO  [qa] [Test_AE9_TC20_Verify_Cart_On_Login_chrome_20] test.ae.AddToCartTests - Driver shutdown successful.
2026-06-22 14:44:35 [TestNG-test-Release 1.0 Testing for AE-1] INFO  [qa] [Test_AE9_TC20_Verify_Cart_On_Login_chrome_20] reporting.ReportManager - ✅ Attachment added to Allure: 🎭 Playwright Trace — Test_AE9_TC20_Verify_Cart_On_Login
2026-06-22 14:44:35 [TestNG-test-Release 1.0 Testing for AE-1] INFO  [qa] [Test_AE9_TC20_Verify_Cart_On_Login_chrome_20] test.ae.AddToCartTests - Trace attached for: Test_AE9_TC20_Verify_Cart_On_Login
2026-06-22 14:44:35 [TestNG-test-Release 1.0 Testing for AE-1] INFO  [qa] [Test_AE9_TC20_Verify_Cart_On_Login_chrome_20] test.ae.AddToCartTests - trace temp file deleted from disk.
2026-06-22 14:44:35 [TestNG-test-Release 1.0 Testing for AE-1] INFO  [qa] [Test_AE9_TC20_Verify_Cart_On_Login_chrome_20] reporting.ReportManager - ✅ Attachment added to Allure: 🎬 Test Video — Test_AE9_TC20_Verify_Cart_On_Login
2026-06-22 14:44:35 [TestNG-test-Release 1.0 Testing for AE-1] INFO  [qa] [Test_AE9_TC20_Verify_Cart_On_Login_chrome_20] test.ae.AddToCartTests - Video attached for: Test_AE9_TC20_Verify_Cart_On_Login
2026-06-22 14:44:35 [TestNG-test-Release 1.0 Testing for AE-1] INFO  [qa] [Test_AE9_TC20_Verify_Cart_On_Login_chrome_20] test.ae.AddToCartTests - video temp file deleted from disk.
