2026-05-18 12:34:05 [TestNG-test-Release 1.0 Testing for AE-1] INFO  [qa] [Test_AE9_TC13_Verify_Subscription_Home_Page_chrome_20] framework.listeners.TestListener - --- STARTING TEST : AddToCartTests#Test_AE9_TC13_Verify_Subscription_Home_Page on chrome [thread-20] ---
2026-05-18 12:34:05 [TestNG-test-Release 1.0 Testing for AE-1] INFO  [qa] [Test_AE9_TC13_Verify_Subscription_Home_Page_chrome_20] test.ae.AddToCartTests - Running:Step-1
2026-05-18 12:34:07 [TestNG-test-Release 1.0 Testing for AE-1] INFO  [qa] [Test_AE9_TC13_Verify_Subscription_Home_Page_chrome_20] test.ae.AddToCartTests - Running:Step-2
2026-05-18 12:34:07 [TestNG-test-Release 1.0 Testing for AE-1] WARN  [qa] [Test_AE9_TC13_Verify_Subscription_Home_Page_chrome_20] pages.ae.ProductsPage - Multiple matching products found for - Stylish, hence choosing the first match found.
2026-05-18 12:34:10 [TestNG-test-Release 1.0 Testing for AE-1] WARN  [qa] [Test_AE9_TC13_Verify_Subscription_Home_Page_chrome_20] pages.ae.ProductsPage - Multiple matching products found for - Summer White Top, hence choosing the first match found.
2026-05-18 12:34:14 [TestNG-test-Release 1.0 Testing for AE-1] WARN  [qa] [Test_AE9_TC13_Verify_Subscription_Home_Page_chrome_20] pages.ae.ProductsPage - Multiple matching products found for - Blue Top, hence choosing the first match found.
2026-05-18 12:34:17 [TestNG-test-Release 1.0 Testing for AE-1] INFO  [qa] [Test_AE9_TC13_Verify_Subscription_Home_Page_chrome_20] test.ae.AddToCartTests - Running:Step-3
2026-05-18 12:34:17 [TestNG-test-Release 1.0 Testing for AE-1] WARN  [qa] [Test_AE9_TC13_Verify_Subscription_Home_Page_chrome_20] pages.ae.ProductsPage - Multiple matching products found for - Sleeveless, hence choosing the first match found.
2026-05-18 12:34:20 [TestNG-test-Release 1.0 Testing for AE-1] INFO  [qa] [Test_AE9_TC13_Verify_Subscription_Home_Page_chrome_20] test.ae.AddToCartTests - Running:Step-4
2026-05-18 12:34:22 [TestNG-test-Release 1.0 Testing for AE-1] INFO  [qa] [Test_AE9_TC13_Verify_Subscription_Home_Page_chrome_20] framework.listeners.TestListener - TEST PASSED: Test_AE9_TC13_Verify_Subscription_Home_Page
2026-05-18 12:34:22 [TestNG-test-Release 1.0 Testing for AE-1] ERROR [qa] [Test_AE9_TC13_Verify_Subscription_Home_Page_chrome_20] io.qameta.allure.AllureLifecycle - Could not add attachment: no test is running
2026-05-18 12:34:22 [TestNG-test-Release 1.0 Testing for AE-1] INFO  [qa] [Test_AE9_TC13_Verify_Subscription_Home_Page_chrome_20] framework.listeners.TestListener - Screenshot attached: PASSED Screenshot:
2026-05-18 12:34:23 [TestNG-test-Release 1.0 Testing for AE-1] INFO  [qa] [Test_AE9_TC13_Verify_Subscription_Home_Page_chrome_20] test.ae.AddToCartTests - Trace stopped for: Test_AE9_TC13_Verify_Subscription_Home_Page
2026-05-18 12:34:23 [TestNG-test-Release 1.0 Testing for AE-1] INFO  [qa] [Test_AE9_TC13_Verify_Subscription_Home_Page_chrome_20] framework.drivers.DriverManager - Browser closed successfully.
2026-05-18 12:34:23 [TestNG-test-Release 1.0 Testing for AE-1] INFO  [qa] [Test_AE9_TC13_Verify_Subscription_Home_Page_chrome_20] test.ae.AddToCartTests - Driver shutdown successful.
2026-05-18 12:34:23 [TestNG-test-Release 1.0 Testing for AE-1] INFO  [qa] [Test_AE9_TC13_Verify_Subscription_Home_Page_chrome_20] reporting.ReportManager - ✅ Attachment added to Allure: 🎭 Playwright Trace — Test_AE9_TC13_Verify_Subscription_Home_Page
2026-05-18 12:34:23 [TestNG-test-Release 1.0 Testing for AE-1] INFO  [qa] [Test_AE9_TC13_Verify_Subscription_Home_Page_chrome_20] test.ae.AddToCartTests - Trace attached for: Test_AE9_TC13_Verify_Subscription_Home_Page
2026-05-18 12:34:23 [TestNG-test-Release 1.0 Testing for AE-1] INFO  [qa] [Test_AE9_TC13_Verify_Subscription_Home_Page_chrome_20] test.ae.AddToCartTests - trace temp file deleted from disk.
2026-05-18 12:34:23 [TestNG-test-Release 1.0 Testing for AE-1] INFO  [qa] [Test_AE9_TC13_Verify_Subscription_Home_Page_chrome_20] reporting.ReportManager - ✅ Attachment added to Allure: 🎬 Test Video — Test_AE9_TC13_Verify_Subscription_Home_Page
2026-05-18 12:34:23 [TestNG-test-Release 1.0 Testing for AE-1] INFO  [qa] [Test_AE9_TC13_Verify_Subscription_Home_Page_chrome_20] test.ae.AddToCartTests - Video attached for: Test_AE9_TC13_Verify_Subscription_Home_Page
2026-05-18 12:34:23 [TestNG-test-Release 1.0 Testing for AE-1] INFO  [qa] [Test_AE9_TC13_Verify_Subscription_Home_Page_chrome_20] test.ae.AddToCartTests - video temp file deleted from disk.
