2026-08-24 09:49:00 [TestNG-test-Release 1.0 Testing for AE-4] INFO  [qa] [Test_AE5_TC18_Verify_Product_Category_Filtering_chrome_23] framework.listeners.TestListener - --- STARTING TEST : ProductsTests#Test_AE5_TC18_Verify_Product_Category_Filtering on chrome [thread-23] ---
2026-08-24 09:49:00 [TestNG-test-Release 1.0 Testing for AE-4] INFO  [qa] [Test_AE5_TC18_Verify_Product_Category_Filtering_chrome_23] test.ae.ProductsTests - Running:Step-1
2026-08-24 09:49:05 [TestNG-test-Release 1.0 Testing for AE-4] INFO  [qa] [Test_AE5_TC18_Verify_Product_Category_Filtering_chrome_23] framework.listeners.TestListener - TEST FAILED: Test_AE5_TC18_Verify_Product_Category_Filtering
2026-08-24 09:49:05 [TestNG-test-Release 1.0 Testing for AE-4] ERROR [qa] [Test_AE5_TC18_Verify_Product_Category_Filtering_chrome_23] framework.listeners.TestListener - Failure Reason: org.opentest4j.AssertionFailedError: Page title expected to match regex
Expected: Automation Exercise
Received: One moment, please...

Call log:
  - Assert "hasTitle" with timeout 5000ms
    9 × unexpected value "One moment, please..."
2026-08-24 09:49:05 [TestNG-test-Release 1.0 Testing for AE-4] ERROR [qa] [Test_AE5_TC18_Verify_Product_Category_Filtering_chrome_23] io.qameta.allure.AllureLifecycle - Could not add attachment: no test is running
2026-08-24 09:49:05 [TestNG-test-Release 1.0 Testing for AE-4] ERROR [qa] [Test_AE5_TC18_Verify_Product_Category_Filtering_chrome_23] io.qameta.allure.AllureLifecycle - Could not start step: no test case running
2026-08-24 09:49:05 [TestNG-test-Release 1.0 Testing for AE-4] ERROR [qa] [Test_AE5_TC18_Verify_Product_Category_Filtering_chrome_23] io.qameta.allure.AllureLifecycle - Could not stop step: step with uuid d5ff1780-3fa9-44c4-a808-106f2683c35f not found
2026-08-24 09:49:05 [TestNG-test-Release 1.0 Testing for AE-4] INFO  [qa] [Test_AE5_TC18_Verify_Product_Category_Filtering_chrome_23] framework.listeners.TestListener - Screenshot attached: FAILURE Screenshot:
2026-08-24 09:49:05 [TestNG-test-Release 1.0 Testing for AE-4] INFO  [qa] [Test_AE5_TC18_Verify_Product_Category_Filtering_chrome_23] test.ae.ProductsTests - Trace stopped for: Test_AE5_TC18_Verify_Product_Category_Filtering
2026-08-24 09:49:06 [TestNG-test-Release 1.0 Testing for AE-4] INFO  [qa] [Test_AE5_TC18_Verify_Product_Category_Filtering_chrome_23] framework.drivers.DriverManager - Browser closed successfully.
2026-08-24 09:49:06 [TestNG-test-Release 1.0 Testing for AE-4] INFO  [qa] [Test_AE5_TC18_Verify_Product_Category_Filtering_chrome_23] test.ae.ProductsTests - Driver shutdown successful.
2026-08-24 09:49:06 [TestNG-test-Release 1.0 Testing for AE-4] INFO  [qa] [Test_AE5_TC18_Verify_Product_Category_Filtering_chrome_23] reporting.ReportManager - ✅ Attachment added to Allure: 🎭 Playwright Trace — Test_AE5_TC18_Verify_Product_Category_Filtering
2026-08-24 09:49:06 [TestNG-test-Release 1.0 Testing for AE-4] INFO  [qa] [Test_AE5_TC18_Verify_Product_Category_Filtering_chrome_23] test.ae.ProductsTests - Trace attached for: Test_AE5_TC18_Verify_Product_Category_Filtering
2026-08-24 09:49:06 [TestNG-test-Release 1.0 Testing for AE-4] INFO  [qa] [Test_AE5_TC18_Verify_Product_Category_Filtering_chrome_23] test.ae.ProductsTests - trace temp file deleted from disk.
2026-08-24 09:49:06 [TestNG-test-Release 1.0 Testing for AE-4] INFO  [qa] [Test_AE5_TC18_Verify_Product_Category_Filtering_chrome_23] reporting.ReportManager - ✅ Attachment added to Allure: 🎬 Test Video — Test_AE5_TC18_Verify_Product_Category_Filtering
2026-08-24 09:49:06 [TestNG-test-Release 1.0 Testing for AE-4] INFO  [qa] [Test_AE5_TC18_Verify_Product_Category_Filtering_chrome_23] test.ae.ProductsTests - Video attached for: Test_AE5_TC18_Verify_Product_Category_Filtering
2026-08-24 09:49:06 [TestNG-test-Release 1.0 Testing for AE-4] INFO  [qa] [Test_AE5_TC18_Verify_Product_Category_Filtering_chrome_23] test.ae.ProductsTests - video temp file deleted from disk.
