2026-06-15 15:21:57 [TestNG-test-Release 1.0 Testing for AE-1] INFO  [qa] [Test_AE9_TC17_Verify_Removal_From_Cart_chrome_29] framework.listeners.TestListener - --- STARTING TEST : AddToCartTests#Test_AE9_TC17_Verify_Removal_From_Cart on chrome [thread-29] ---
2026-06-15 15:21:57 [TestNG-test-Release 1.0 Testing for AE-1] INFO  [qa] [Test_AE9_TC17_Verify_Removal_From_Cart_chrome_29] test.ae.AddToCartTests - Running:Step-1
2026-06-15 15:21:58 [TestNG-test-Release 1.0 Testing for AE-1] INFO  [qa] [Test_AE9_TC17_Verify_Removal_From_Cart_chrome_29] test.ae.AddToCartTests - Running:Step-2
2026-06-15 15:22:18 [TestNG-test-Release 1.0 Testing for AE-1] INFO  [qa] [Test_AE9_TC17_Verify_Removal_From_Cart_chrome_29] test.ae.AddToCartTests - Running:Step-3
2026-06-15 15:22:19 [TestNG-test-Release 1.0 Testing for AE-1] INFO  [qa] [Test_AE9_TC17_Verify_Removal_From_Cart_chrome_29] pages.ae.HomePage - Navigating to Cart
2026-06-15 15:22:22 [TestNG-test-Release 1.0 Testing for AE-1] INFO  [qa] [Test_AE9_TC17_Verify_Removal_From_Cart_chrome_29] pages.ae.CartPage - 
---------------------------------------------------
Product Frozen is Not Visible on Cart
----------------------------------------------------


2026-06-15 15:22:22 [TestNG-test-Release 1.0 Testing for AE-1] INFO  [qa] [Test_AE9_TC17_Verify_Removal_From_Cart_chrome_29] test.ae.AddToCartTests - Running:Step-4
2026-06-15 15:22:22 [TestNG-test-Release 1.0 Testing for AE-1] INFO  [qa] [Test_AE9_TC17_Verify_Removal_From_Cart_chrome_29] pages.ae.CartPage - Total products in cart before deletion - 4
2026-06-15 15:22:26 [TestNG-test-Release 1.0 Testing for AE-1] INFO  [qa] [Test_AE9_TC17_Verify_Removal_From_Cart_chrome_29] pages.ae.CartPage - Total products in cart after deletion - 0
2026-06-15 15:22:26 [TestNG-test-Release 1.0 Testing for AE-1] INFO  [qa] [Test_AE9_TC17_Verify_Removal_From_Cart_chrome_29] framework.listeners.TestListener - TEST PASSED: Test_AE9_TC17_Verify_Removal_From_Cart
2026-06-15 15:22:26 [TestNG-test-Release 1.0 Testing for AE-1] ERROR [qa] [Test_AE9_TC17_Verify_Removal_From_Cart_chrome_29] io.qameta.allure.AllureLifecycle - Could not add attachment: no test is running
2026-06-15 15:22:26 [TestNG-test-Release 1.0 Testing for AE-1] INFO  [qa] [Test_AE9_TC17_Verify_Removal_From_Cart_chrome_29] framework.listeners.TestListener - Screenshot attached: PASSED Screenshot:
2026-06-15 15:22:27 [TestNG-test-Release 1.0 Testing for AE-1] INFO  [qa] [Test_AE9_TC17_Verify_Removal_From_Cart_chrome_29] test.ae.AddToCartTests - Trace stopped for: Test_AE9_TC17_Verify_Removal_From_Cart
2026-06-15 15:22:28 [TestNG-test-Release 1.0 Testing for AE-1] INFO  [qa] [Test_AE9_TC17_Verify_Removal_From_Cart_chrome_29] framework.drivers.DriverManager - Browser closed successfully.
2026-06-15 15:22:28 [TestNG-test-Release 1.0 Testing for AE-1] INFO  [qa] [Test_AE9_TC17_Verify_Removal_From_Cart_chrome_29] test.ae.AddToCartTests - Driver shutdown successful.
2026-06-15 15:22:28 [TestNG-test-Release 1.0 Testing for AE-1] INFO  [qa] [Test_AE9_TC17_Verify_Removal_From_Cart_chrome_29] reporting.ReportManager - ✅ Attachment added to Allure: 🎭 Playwright Trace — Test_AE9_TC17_Verify_Removal_From_Cart
2026-06-15 15:22:28 [TestNG-test-Release 1.0 Testing for AE-1] INFO  [qa] [Test_AE9_TC17_Verify_Removal_From_Cart_chrome_29] test.ae.AddToCartTests - Trace attached for: Test_AE9_TC17_Verify_Removal_From_Cart
2026-06-15 15:22:28 [TestNG-test-Release 1.0 Testing for AE-1] INFO  [qa] [Test_AE9_TC17_Verify_Removal_From_Cart_chrome_29] test.ae.AddToCartTests - trace temp file deleted from disk.
2026-06-15 15:22:28 [TestNG-test-Release 1.0 Testing for AE-1] INFO  [qa] [Test_AE9_TC17_Verify_Removal_From_Cart_chrome_29] reporting.ReportManager - ✅ Attachment added to Allure: 🎬 Test Video — Test_AE9_TC17_Verify_Removal_From_Cart
2026-06-15 15:22:28 [TestNG-test-Release 1.0 Testing for AE-1] INFO  [qa] [Test_AE9_TC17_Verify_Removal_From_Cart_chrome_29] test.ae.AddToCartTests - Video attached for: Test_AE9_TC17_Verify_Removal_From_Cart
2026-06-15 15:22:28 [TestNG-test-Release 1.0 Testing for AE-1] INFO  [qa] [Test_AE9_TC17_Verify_Removal_From_Cart_chrome_29] test.ae.AddToCartTests - video temp file deleted from disk.
