2026-06-08 13:12:23 [TestNG-test-Release 1.0 Testing for AE-2] INFO  [qa] [Test_AE2_TC03_Verify_InValid_User_Login_chrome_30] framework.listeners.TestListener - --- STARTING TEST : LoginTests#Test_AE2_TC03_Verify_InValid_User_Login on chrome [thread-30] ---
2026-06-08 13:12:23 [TestNG-test-Release 1.0 Testing for AE-2] INFO  [qa] [Test_AE2_TC03_Verify_InValid_User_Login_chrome_30] test.ae.LoginTests - Running:Step-1
2026-06-08 13:12:26 [TestNG-test-Release 1.0 Testing for AE-2] INFO  [qa] [Test_AE2_TC03_Verify_InValid_User_Login_chrome_30] test.ae.LoginTests - Running:Step-2
2026-06-08 13:13:01 [TestNG-test-Release 1.0 Testing for AE-2] ERROR [qa] [Test_AE2_TC03_Verify_InValid_User_Login_chrome_30] pages.ae.HomePage - Manual screenshot failed: Error {
  message='Timeout 30000ms exceeded.
  name='TimeoutError
  stack='TimeoutError: Timeout 30000ms exceeded.
    at ProgressController.run (/tmp/playwright-java-3906768625944344041/package/lib/server/progress.js:86:28)
    at PageDispatcher._runCommand (/tmp/playwright-java-3906768625944344041/package/lib/server/dispatchers/dispatcher.js:91:31)
    at DispatcherConnection.dispatch (/tmp/playwright-java-3906768625944344041/package/lib/server/dispatchers/dispatcher.js:325:39)
}
Call log:
-   - taking page screenshot
-   - waiting for fonts to load...
-   - fonts loaded

2026-06-08 13:13:01 [TestNG-test-Release 1.0 Testing for AE-2] INFO  [qa] [Test_AE2_TC03_Verify_InValid_User_Login_chrome_30] framework.listeners.TestListener - TEST PASSED: Test_AE2_TC03_Verify_InValid_User_Login
2026-06-08 13:13:31 [TestNG-test-Release 1.0 Testing for AE-2] ERROR [qa] [Test_AE2_TC03_Verify_InValid_User_Login_chrome_30] framework.listeners.TestListener - Failed to attach screenshot in listener: Error {
  message='Timeout 30000ms exceeded.
  name='TimeoutError
  stack='TimeoutError: Timeout 30000ms exceeded.
    at ProgressController.run (/tmp/playwright-java-3906768625944344041/package/lib/server/progress.js:86:28)
    at PageDispatcher._runCommand (/tmp/playwright-java-3906768625944344041/package/lib/server/dispatchers/dispatcher.js:91:31)
    at DispatcherConnection.dispatch (/tmp/playwright-java-3906768625944344041/package/lib/server/dispatchers/dispatcher.js:325:39)
}
Call log:
-   - taking page screenshot
-   - waiting for fonts to load...
-   - fonts loaded

2026-06-08 13:13:31 [TestNG-test-Release 1.0 Testing for AE-2] INFO  [qa] [Test_AE2_TC03_Verify_InValid_User_Login_chrome_30] test.ae.LoginTests - Trace stopped for: Test_AE2_TC03_Verify_InValid_User_Login
2026-06-08 13:14:02 [TestNG-test-Release 1.0 Testing for AE-2] INFO  [qa] [Test_AE2_TC03_Verify_InValid_User_Login_chrome_30] framework.drivers.DriverManager - Browser closed successfully.
2026-06-08 13:14:02 [TestNG-test-Release 1.0 Testing for AE-2] INFO  [qa] [Test_AE2_TC03_Verify_InValid_User_Login_chrome_30] test.ae.LoginTests - Driver shutdown successful.
2026-06-08 13:14:02 [TestNG-test-Release 1.0 Testing for AE-2] INFO  [qa] [Test_AE2_TC03_Verify_InValid_User_Login_chrome_30] reporting.ReportManager - ✅ Attachment added to Allure: 🎭 Playwright Trace — Test_AE2_TC03_Verify_InValid_User_Login
2026-06-08 13:14:02 [TestNG-test-Release 1.0 Testing for AE-2] INFO  [qa] [Test_AE2_TC03_Verify_InValid_User_Login_chrome_30] test.ae.LoginTests - Trace attached for: Test_AE2_TC03_Verify_InValid_User_Login
2026-06-08 13:14:02 [TestNG-test-Release 1.0 Testing for AE-2] INFO  [qa] [Test_AE2_TC03_Verify_InValid_User_Login_chrome_30] test.ae.LoginTests - trace temp file deleted from disk.
2026-06-08 13:14:02 [TestNG-test-Release 1.0 Testing for AE-2] INFO  [qa] [Test_AE2_TC03_Verify_InValid_User_Login_chrome_30] reporting.ReportManager - ✅ Attachment added to Allure: 🎬 Test Video — Test_AE2_TC03_Verify_InValid_User_Login
2026-06-08 13:14:02 [TestNG-test-Release 1.0 Testing for AE-2] INFO  [qa] [Test_AE2_TC03_Verify_InValid_User_Login_chrome_30] test.ae.LoginTests - Video attached for: Test_AE2_TC03_Verify_InValid_User_Login
2026-06-08 13:14:02 [TestNG-test-Release 1.0 Testing for AE-2] INFO  [qa] [Test_AE2_TC03_Verify_InValid_User_Login_chrome_30] test.ae.LoginTests - video temp file deleted from disk.
