2026-08-24 09:48:33 [TestNG-test-Release 1.0 Testing for AE-1] INFO  [qa] [Test_AE1_TC05_Verify_Existing_Email_SignUp_chrome_20] framework.listeners.TestListener - --- STARTING TEST : SignupTests#Test_AE1_TC05_Verify_Existing_Email_SignUp on chrome [thread-20] ---
2026-08-24 09:48:33 [TestNG-test-Release 1.0 Testing for AE-1] INFO  [qa] [Test_AE1_TC05_Verify_Existing_Email_SignUp_chrome_20] test.ae.SignupTests - Running:Step-1
2026-08-24 09:48:38 [TestNG-test-Release 1.0 Testing for AE-1] INFO  [qa] [Test_AE1_TC05_Verify_Existing_Email_SignUp_chrome_20] framework.listeners.TestListener - TEST FAILED: Test_AE1_TC05_Verify_Existing_Email_SignUp
2026-08-24 09:48:38 [TestNG-test-Release 1.0 Testing for AE-1] ERROR [qa] [Test_AE1_TC05_Verify_Existing_Email_SignUp_chrome_20] framework.listeners.TestListener - Failure Reason: org.opentest4j.AssertionFailedError: Page title expected to match regex
Expected: Automation Exercise
Received: One moment, please...

Call log:
  - Assert "hasTitle" with timeout 5000ms
    7 × unexpected value "One moment, please..."
    - waiting for" https://automationexercise.com/" navigation to finish...
    - navigated to "https://automationexercise.com/"
    - unexpected value "One moment, please..."
2026-08-24 09:48:38 [TestNG-test-Release 1.0 Testing for AE-1] ERROR [qa] [Test_AE1_TC05_Verify_Existing_Email_SignUp_chrome_20] io.qameta.allure.AllureLifecycle - Could not add attachment: no test is running
2026-08-24 09:48:38 [TestNG-test-Release 1.0 Testing for AE-1] ERROR [qa] [Test_AE1_TC05_Verify_Existing_Email_SignUp_chrome_20] io.qameta.allure.AllureLifecycle - Could not start step: no test case running
2026-08-24 09:48:38 [TestNG-test-Release 1.0 Testing for AE-1] ERROR [qa] [Test_AE1_TC05_Verify_Existing_Email_SignUp_chrome_20] io.qameta.allure.AllureLifecycle - Could not stop step: step with uuid 94f59660-f132-4bcf-8936-d14254ad6b3a not found
2026-08-24 09:48:38 [TestNG-test-Release 1.0 Testing for AE-1] INFO  [qa] [Test_AE1_TC05_Verify_Existing_Email_SignUp_chrome_20] framework.listeners.TestListener - Screenshot attached: FAILURE Screenshot:
2026-08-24 09:48:38 [TestNG-test-Release 1.0 Testing for AE-1] INFO  [qa] [Test_AE1_TC05_Verify_Existing_Email_SignUp_chrome_20] test.ae.SignupTests - Trace stopped for: Test_AE1_TC05_Verify_Existing_Email_SignUp
2026-08-24 09:48:41 [TestNG-test-Release 1.0 Testing for AE-1] INFO  [qa] [Test_AE1_TC05_Verify_Existing_Email_SignUp_chrome_20] framework.drivers.DriverManager - Browser closed successfully.
2026-08-24 09:48:41 [TestNG-test-Release 1.0 Testing for AE-1] INFO  [qa] [Test_AE1_TC05_Verify_Existing_Email_SignUp_chrome_20] test.ae.SignupTests - Driver shutdown successful.
2026-08-24 09:48:41 [TestNG-test-Release 1.0 Testing for AE-1] INFO  [qa] [Test_AE1_TC05_Verify_Existing_Email_SignUp_chrome_20] reporting.ReportManager - ✅ Attachment added to Allure: 🎭 Playwright Trace — Test_AE1_TC05_Verify_Existing_Email_SignUp
2026-08-24 09:48:41 [TestNG-test-Release 1.0 Testing for AE-1] INFO  [qa] [Test_AE1_TC05_Verify_Existing_Email_SignUp_chrome_20] test.ae.SignupTests - Trace attached for: Test_AE1_TC05_Verify_Existing_Email_SignUp
2026-08-24 09:48:41 [TestNG-test-Release 1.0 Testing for AE-1] INFO  [qa] [Test_AE1_TC05_Verify_Existing_Email_SignUp_chrome_20] test.ae.SignupTests - trace temp file deleted from disk.
2026-08-24 09:48:41 [TestNG-test-Release 1.0 Testing for AE-1] INFO  [qa] [Test_AE1_TC05_Verify_Existing_Email_SignUp_chrome_20] reporting.ReportManager - ✅ Attachment added to Allure: 🎬 Test Video — Test_AE1_TC05_Verify_Existing_Email_SignUp
2026-08-24 09:48:41 [TestNG-test-Release 1.0 Testing for AE-1] INFO  [qa] [Test_AE1_TC05_Verify_Existing_Email_SignUp_chrome_20] test.ae.SignupTests - Video attached for: Test_AE1_TC05_Verify_Existing_Email_SignUp
2026-08-24 09:48:41 [TestNG-test-Release 1.0 Testing for AE-1] INFO  [qa] [Test_AE1_TC05_Verify_Existing_Email_SignUp_chrome_20] test.ae.SignupTests - video temp file deleted from disk.
