2026-09-14 15:50:09 [TestNG-test-Release 1.0 Testing for AE-1] INFO  [qa] [Test_AE10_TC14_Verify_Place_Order_For_Customer_Registered_On_Checkout_chrome_29] framework.listeners.TestListener - --- STARTING TEST : PlaceOrderTests#Test_AE10_TC14_Verify_Place_Order_For_Customer_Registered_On_Checkout on chrome [thread-29] ---
2026-09-14 15:50:09 [TestNG-test-Release 1.0 Testing for AE-1] INFO  [qa] [Test_AE10_TC14_Verify_Place_Order_For_Customer_Registered_On_Checkout_chrome_29] test.ae.PlaceOrderTests - Running:Step-1
2026-09-14 15:50:10 [TestNG-test-Release 1.0 Testing for AE-1] INFO  [qa] [Test_AE10_TC14_Verify_Place_Order_For_Customer_Registered_On_Checkout_chrome_29] test.ae.PlaceOrderTests - Running:Step-2
2026-09-14 15:50:12 [TestNG-test-Release 1.0 Testing for AE-1] INFO  [qa] [Test_AE10_TC14_Verify_Place_Order_For_Customer_Registered_On_Checkout_chrome_29] pages.ae.HomePage - Navigating to Products
2026-09-14 15:50:15 [TestNG-test-Release 1.0 Testing for AE-1] INFO  [qa] [Test_AE10_TC14_Verify_Place_Order_For_Customer_Registered_On_Checkout_chrome_29] pages.ae.ProductsPage - 
---------------------------------------------------
Product 1 Added To Cart
Name  : Blue Top
Price : 500
------------------------xxxx-----------------------

2026-09-14 15:50:19 [TestNG-test-Release 1.0 Testing for AE-1] INFO  [qa] [Test_AE10_TC14_Verify_Place_Order_For_Customer_Registered_On_Checkout_chrome_29] pages.ae.ProductsPage - 
---------------------------------------------------
Product 2 Added To Cart
Name  : Men Tshirt
Price : 400
------------------------xxxx-----------------------

2026-09-14 15:50:19 [TestNG-test-Release 1.0 Testing for AE-1] INFO  [qa] [Test_AE10_TC14_Verify_Place_Order_For_Customer_Registered_On_Checkout_chrome_29] test.ae.PlaceOrderTests - Running:Step-3
2026-09-14 15:50:20 [TestNG-test-Release 1.0 Testing for AE-1] INFO  [qa] [Test_AE10_TC14_Verify_Place_Order_For_Customer_Registered_On_Checkout_chrome_29] pages.ae.HomePage - Navigating to Cart
2026-09-14 15:50:21 [TestNG-test-Release 1.0 Testing for AE-1] INFO  [qa] [Test_AE10_TC14_Verify_Place_Order_For_Customer_Registered_On_Checkout_chrome_29] test.ae.PlaceOrderTests - Running:Step-4
2026-09-14 15:50:31 [TestNG-test-Release 1.0 Testing for AE-1] INFO  [qa] [Test_AE10_TC14_Verify_Place_Order_For_Customer_Registered_On_Checkout_chrome_29] pages.ae.SignupDetailPage - Checkbox: 'Newsletter' is set to: false
2026-09-14 15:50:32 [TestNG-test-Release 1.0 Testing for AE-1] INFO  [qa] [Test_AE10_TC14_Verify_Place_Order_For_Customer_Registered_On_Checkout_chrome_29] pages.ae.SignupDetailPage - Checkbox: 'Special Offers' is set to: true
2026-09-14 15:50:32 [TestNG-test-Release 1.0 Testing for AE-1] ERROR [qa] [Test_AE10_TC14_Verify_Place_Order_For_Customer_Registered_On_Checkout_chrome_29] io.qameta.allure.util.NamingUtils - Could not process empty pattern
2026-09-14 15:50:32 [TestNG-test-Release 1.0 Testing for AE-1] ERROR [qa] [Test_AE10_TC14_Verify_Place_Order_For_Customer_Registered_On_Checkout_chrome_29] io.qameta.allure.util.NamingUtils - Could not process empty pattern
2026-09-14 15:50:41 [TestNG-test-Release 1.0 Testing for AE-1] ERROR [qa] [Test_AE10_TC14_Verify_Place_Order_For_Customer_Registered_On_Checkout_chrome_29] io.qameta.allure.util.NamingUtils - Could not find parameter zipcpde
2026-09-14 15:50:46 [TestNG-test-Release 1.0 Testing for AE-1] INFO  [qa] [Test_AE10_TC14_Verify_Place_Order_For_Customer_Registered_On_Checkout_chrome_29] test.ae.PlaceOrderTests - Running:Step-5
2026-09-14 15:50:48 [TestNG-test-Release 1.0 Testing for AE-1] INFO  [qa] [Test_AE10_TC14_Verify_Place_Order_For_Customer_Registered_On_Checkout_chrome_29] pages.ae.HomePage - Navigating to Cart
2026-09-14 15:50:49 [TestNG-test-Release 1.0 Testing for AE-1] INFO  [qa] [Test_AE10_TC14_Verify_Place_Order_For_Customer_Registered_On_Checkout_chrome_29] test.ae.PlaceOrderTests - Running:Step-6.1
2026-09-14 15:50:49 [TestNG-test-Release 1.0 Testing for AE-1] INFO  [qa] [Test_AE10_TC14_Verify_Place_Order_For_Customer_Registered_On_Checkout_chrome_29] pages.ae.CheckOutPage - 
-------------------------------------------------------------------------
               DELIVERY ADDRESS ON CHECKOUT
-------------------------------------------------------------------------
Title Fullname  : Mr. Sterling Fahey
Company Name    : Hintz, Mayer and Marks
Address Line1   : 702 Jeremiah Village
Address Line2   : Suite 962
Address Line3   : Boscoside Mississippi 067855
Country         : New Zealand
Phone           : 8347563385
-------------------------------------------------------------------------

2026-09-14 15:50:49 [TestNG-test-Release 1.0 Testing for AE-1] INFO  [qa] [Test_AE10_TC14_Verify_Place_Order_For_Customer_Registered_On_Checkout_chrome_29] pages.ae.CheckOutPage - 
-------------------------------------------------------------------------
               INVOICE ADDRESS ON CHECKOUT
-------------------------------------------------------------------------
Title Fullname  : Mr. Sterling Fahey
Company Name    : Hintz, Mayer and Marks
Address Line1   : 702 Jeremiah Village
Address Line2   : Suite 962
Address Line3   : Boscoside Mississippi 067855
Country         : New Zealand
Phone           : 8347563385
--------------------------------------------------------------------------

2026-09-14 15:50:49 [TestNG-test-Release 1.0 Testing for AE-1] INFO  [qa] [Test_AE10_TC14_Verify_Place_Order_For_Customer_Registered_On_Checkout_chrome_29] test.ae.PlaceOrderTests - Running:Step-6.2
2026-09-14 15:50:50 [TestNG-test-Release 1.0 Testing for AE-1] INFO  [qa] [Test_AE10_TC14_Verify_Place_Order_For_Customer_Registered_On_Checkout_chrome_29] pages.ae.CheckOutPage - 
				PRODUCT-1 DETAILS FROM CART
---------------------------------------------------
Name        : Blue Top
Category    : Women
SubCategory : Tops
Price       : 500
Quantity    : 1
Total       : 500
----------------------------------------------------


2026-09-14 15:50:50 [TestNG-test-Release 1.0 Testing for AE-1] INFO  [qa] [Test_AE10_TC14_Verify_Place_Order_For_Customer_Registered_On_Checkout_chrome_29] pages.ae.CheckOutPage - 
				PRODUCT-2 DETAILS FROM CART
---------------------------------------------------
Name        : Men Tshirt
Category    : Men
SubCategory : Tshirts
Price       : 400
Quantity    : 1
Total       : 400
----------------------------------------------------


2026-09-14 15:50:50 [TestNG-test-Release 1.0 Testing for AE-1] INFO  [qa] [Test_AE10_TC14_Verify_Place_Order_For_Customer_Registered_On_Checkout_chrome_29] pages.ae.CheckOutPage - 
				CART SUMMARY
---------------------------------------------------
Total of <2> Product/s are Added To Cart
Cart Total Price is '900'
----------------------------------------------------


2026-09-14 15:50:50 [TestNG-test-Release 1.0 Testing for AE-1] INFO  [qa] [Test_AE10_TC14_Verify_Place_Order_For_Customer_Registered_On_Checkout_chrome_29] test.ae.PlaceOrderTests - The expected cart total: 900
2026-09-14 15:50:50 [TestNG-test-Release 1.0 Testing for AE-1] INFO  [qa] [Test_AE10_TC14_Verify_Place_Order_For_Customer_Registered_On_Checkout_chrome_29] test.ae.PlaceOrderTests - Running:Step-7
2026-09-14 15:50:52 [TestNG-test-Release 1.0 Testing for AE-1] INFO  [qa] [Test_AE10_TC14_Verify_Place_Order_For_Customer_Registered_On_Checkout_chrome_29] test.ae.PlaceOrderTests - Running:Step-8
2026-09-14 15:50:57 [TestNG-test-Release 1.0 Testing for AE-1] INFO  [qa] [Test_AE10_TC14_Verify_Place_Order_For_Customer_Registered_On_Checkout_chrome_29] test.ae.PlaceOrderTests - Running:Step-9
2026-09-14 15:50:59 [TestNG-test-Release 1.0 Testing for AE-1] INFO  [qa] [Test_AE10_TC14_Verify_Place_Order_For_Customer_Registered_On_Checkout_chrome_29] test.ae.PlaceOrderTests - Running:Step-10
2026-09-14 15:50:59 [TestNG-test-Release 1.0 Testing for AE-1] INFO  [qa] [Test_AE10_TC14_Verify_Place_Order_For_Customer_Registered_On_Checkout_chrome_29] test.ae.PlaceOrderTests - Running:Step-11 >>>> Cleanup
2026-09-14 15:51:02 [TestNG-test-Release 1.0 Testing for AE-1] INFO  [qa] [Test_AE10_TC14_Verify_Place_Order_For_Customer_Registered_On_Checkout_chrome_29] framework.listeners.TestListener - TEST PASSED: Test_AE10_TC14_Verify_Place_Order_For_Customer_Registered_On_Checkout
2026-09-14 15:51:03 [TestNG-test-Release 1.0 Testing for AE-1] ERROR [qa] [Test_AE10_TC14_Verify_Place_Order_For_Customer_Registered_On_Checkout_chrome_29] io.qameta.allure.AllureLifecycle - Could not add attachment: no test is running
2026-09-14 15:51:03 [TestNG-test-Release 1.0 Testing for AE-1] INFO  [qa] [Test_AE10_TC14_Verify_Place_Order_For_Customer_Registered_On_Checkout_chrome_29] framework.listeners.TestListener - Screenshot attached: PASSED Screenshot:
2026-09-14 15:51:04 [TestNG-test-Release 1.0 Testing for AE-1] INFO  [qa] [Test_AE10_TC14_Verify_Place_Order_For_Customer_Registered_On_Checkout_chrome_29] test.ae.PlaceOrderTests - Trace stopped for: Test_AE10_TC14_Verify_Place_Order_For_Customer_Registered_On_Checkout
2026-09-14 15:51:04 [TestNG-test-Release 1.0 Testing for AE-1] INFO  [qa] [Test_AE10_TC14_Verify_Place_Order_For_Customer_Registered_On_Checkout_chrome_29] framework.drivers.DriverManager - Browser closed successfully.
2026-09-14 15:51:04 [TestNG-test-Release 1.0 Testing for AE-1] INFO  [qa] [Test_AE10_TC14_Verify_Place_Order_For_Customer_Registered_On_Checkout_chrome_29] test.ae.PlaceOrderTests - Driver shutdown successful.
2026-09-14 15:51:04 [TestNG-test-Release 1.0 Testing for AE-1] INFO  [qa] [Test_AE10_TC14_Verify_Place_Order_For_Customer_Registered_On_Checkout_chrome_29] reporting.ReportManager - ✅ Attachment added to Allure: 🎭 Playwright Trace — Test_AE10_TC14_Verify_Place_Order_For_Customer_Registered_On_Checkout
2026-09-14 15:51:04 [TestNG-test-Release 1.0 Testing for AE-1] INFO  [qa] [Test_AE10_TC14_Verify_Place_Order_For_Customer_Registered_On_Checkout_chrome_29] test.ae.PlaceOrderTests - Trace attached for: Test_AE10_TC14_Verify_Place_Order_For_Customer_Registered_On_Checkout
2026-09-14 15:51:04 [TestNG-test-Release 1.0 Testing for AE-1] INFO  [qa] [Test_AE10_TC14_Verify_Place_Order_For_Customer_Registered_On_Checkout_chrome_29] test.ae.PlaceOrderTests - trace temp file deleted from disk.
2026-09-14 15:51:04 [TestNG-test-Release 1.0 Testing for AE-1] INFO  [qa] [Test_AE10_TC14_Verify_Place_Order_For_Customer_Registered_On_Checkout_chrome_29] reporting.ReportManager - ✅ Attachment added to Allure: 🎬 Test Video — Test_AE10_TC14_Verify_Place_Order_For_Customer_Registered_On_Checkout
2026-09-14 15:51:04 [TestNG-test-Release 1.0 Testing for AE-1] INFO  [qa] [Test_AE10_TC14_Verify_Place_Order_For_Customer_Registered_On_Checkout_chrome_29] test.ae.PlaceOrderTests - Video attached for: Test_AE10_TC14_Verify_Place_Order_For_Customer_Registered_On_Checkout
2026-09-14 15:51:04 [TestNG-test-Release 1.0 Testing for AE-1] INFO  [qa] [Test_AE10_TC14_Verify_Place_Order_For_Customer_Registered_On_Checkout_chrome_29] test.ae.PlaceOrderTests - video temp file deleted from disk.
