2026-08-31 17:00:25 [TestNG-test-Release 1.0 Testing for AE-2] INFO  [qa] [Test_AE10_TC16_Verify_Place_Order_LoggedIn_Before_Checkout_chrome_30] framework.listeners.TestListener - --- STARTING TEST : PlaceOrderTests#Test_AE10_TC16_Verify_Place_Order_LoggedIn_Before_Checkout on chrome [thread-30] ---
2026-08-31 17:00:25 [TestNG-test-Release 1.0 Testing for AE-2] INFO  [qa] [Test_AE10_TC16_Verify_Place_Order_LoggedIn_Before_Checkout_chrome_30] test.ae.PlaceOrderTests - Running:Step-1
2026-08-31 17:00:26 [TestNG-test-Release 1.0 Testing for AE-2] INFO  [qa] [Test_AE10_TC16_Verify_Place_Order_LoggedIn_Before_Checkout_chrome_30] test.ae.PlaceOrderTests - Running:Step-1.1 >>>> Pre-Data set up for account login
2026-08-31 17:00:37 [TestNG-test-Release 1.0 Testing for AE-2] INFO  [qa] [Test_AE10_TC16_Verify_Place_Order_LoggedIn_Before_Checkout_chrome_30] pages.ae.SignupDetailPage - Checkbox: 'Newsletter' is set to: true
2026-08-31 17:00:37 [TestNG-test-Release 1.0 Testing for AE-2] INFO  [qa] [Test_AE10_TC16_Verify_Place_Order_LoggedIn_Before_Checkout_chrome_30] pages.ae.SignupDetailPage - Checkbox: 'Special Offers' is set to: false
2026-08-31 17:00:37 [TestNG-test-Release 1.0 Testing for AE-2] ERROR [qa] [Test_AE10_TC16_Verify_Place_Order_LoggedIn_Before_Checkout_chrome_30] io.qameta.allure.util.NamingUtils - Could not process empty pattern
2026-08-31 17:00:37 [TestNG-test-Release 1.0 Testing for AE-2] ERROR [qa] [Test_AE10_TC16_Verify_Place_Order_LoggedIn_Before_Checkout_chrome_30] io.qameta.allure.util.NamingUtils - Could not process empty pattern
2026-08-31 17:00:45 [TestNG-test-Release 1.0 Testing for AE-2] ERROR [qa] [Test_AE10_TC16_Verify_Place_Order_LoggedIn_Before_Checkout_chrome_30] io.qameta.allure.util.NamingUtils - Could not find parameter zipcpde
2026-08-31 17:00:52 [TestNG-test-Release 1.0 Testing for AE-2] INFO  [qa] [Test_AE10_TC16_Verify_Place_Order_LoggedIn_Before_Checkout_chrome_30] test.ae.PlaceOrderTests - Running:Step-2
2026-08-31 17:00:57 [TestNG-test-Release 1.0 Testing for AE-2] INFO  [qa] [Test_AE10_TC16_Verify_Place_Order_LoggedIn_Before_Checkout_chrome_30] test.ae.PlaceOrderTests - Running:Step-3
2026-08-31 17:00:58 [TestNG-test-Release 1.0 Testing for AE-2] INFO  [qa] [Test_AE10_TC16_Verify_Place_Order_LoggedIn_Before_Checkout_chrome_30] pages.ae.HomePage - Navigating to Products
2026-08-31 17:00:58 [TestNG-test-Release 1.0 Testing for AE-2] WARN  [qa] [Test_AE10_TC16_Verify_Place_Order_LoggedIn_Before_Checkout_chrome_30] pages.ae.ProductsPage - Multiple matching products found for - Sleeveless, hence choosing the first match found.
2026-08-31 17:01:01 [TestNG-test-Release 1.0 Testing for AE-2] INFO  [qa] [Test_AE10_TC16_Verify_Place_Order_LoggedIn_Before_Checkout_chrome_30] pages.ae.ProductsPage - 
---------------------------------------------------
Product 1 Added To Cart
Name  : Sleeveless Dress
Price : 1000
------------------------xxxx-----------------------

2026-08-31 17:01:01 [TestNG-test-Release 1.0 Testing for AE-2] WARN  [qa] [Test_AE10_TC16_Verify_Place_Order_LoggedIn_Before_Checkout_chrome_30] pages.ae.ProductsPage - Multiple matching products found for - Unicorn, hence choosing the first match found.
2026-08-31 17:01:05 [TestNG-test-Release 1.0 Testing for AE-2] INFO  [qa] [Test_AE10_TC16_Verify_Place_Order_LoggedIn_Before_Checkout_chrome_30] pages.ae.ProductsPage - 
---------------------------------------------------
Product 2 Added To Cart
Name  : Sleeveless Unicorn Patch Gown - Pink
Price : 1050
------------------------xxxx-----------------------

2026-08-31 17:01:08 [TestNG-test-Release 1.0 Testing for AE-2] INFO  [qa] [Test_AE10_TC16_Verify_Place_Order_LoggedIn_Before_Checkout_chrome_30] pages.ae.ProductsPage - 
---------------------------------------------------
Product 3 Added To Cart
Name  : Winter Top
Price : 600
------------------------xxxx-----------------------

2026-08-31 17:01:11 [TestNG-test-Release 1.0 Testing for AE-2] INFO  [qa] [Test_AE10_TC16_Verify_Place_Order_LoggedIn_Before_Checkout_chrome_30] pages.ae.ProductsPage - 
---------------------------------------------------
Product 4 Added To Cart
Name  : Little Girls Mr. Panda Shirt
Price : 1200
------------------------xxxx-----------------------

2026-08-31 17:01:11 [TestNG-test-Release 1.0 Testing for AE-2] INFO  [qa] [Test_AE10_TC16_Verify_Place_Order_LoggedIn_Before_Checkout_chrome_30] test.ae.PlaceOrderTests - Running:Step-4
2026-08-31 17:01:13 [TestNG-test-Release 1.0 Testing for AE-2] INFO  [qa] [Test_AE10_TC16_Verify_Place_Order_LoggedIn_Before_Checkout_chrome_30] pages.ae.HomePage - Navigating to Cart
2026-08-31 17:01:14 [TestNG-test-Release 1.0 Testing for AE-2] INFO  [qa] [Test_AE10_TC16_Verify_Place_Order_LoggedIn_Before_Checkout_chrome_30] test.ae.PlaceOrderTests - Running:Step-5.1
2026-08-31 17:01:14 [TestNG-test-Release 1.0 Testing for AE-2] INFO  [qa] [Test_AE10_TC16_Verify_Place_Order_LoggedIn_Before_Checkout_chrome_30] pages.ae.CheckOutPage - 
-------------------------------------------------------------------------
               DELIVERY ADDRESS ON CHECKOUT
-------------------------------------------------------------------------
Title Fullname  : Mr. Shanna Heidenreich
Company Name    : Nienow, Hand and Dare
Address Line1   : 53112 Elijah Expressway
Address Line2   : Suite 182
Address Line3   : Port Wes Arkansas 044926
Country         : Australia
Phone           : 7850378612
-------------------------------------------------------------------------

2026-08-31 17:01:14 [TestNG-test-Release 1.0 Testing for AE-2] INFO  [qa] [Test_AE10_TC16_Verify_Place_Order_LoggedIn_Before_Checkout_chrome_30] pages.ae.CheckOutPage - 
-------------------------------------------------------------------------
               INVOICE ADDRESS ON CHECKOUT
-------------------------------------------------------------------------
Title Fullname  : Mr. Shanna Heidenreich
Company Name    : Nienow, Hand and Dare
Address Line1   : 53112 Elijah Expressway
Address Line2   : Suite 182
Address Line3   : Port Wes Arkansas 044926
Country         : Australia
Phone           : 7850378612
--------------------------------------------------------------------------

2026-08-31 17:01:14 [TestNG-test-Release 1.0 Testing for AE-2] INFO  [qa] [Test_AE10_TC16_Verify_Place_Order_LoggedIn_Before_Checkout_chrome_30] test.ae.PlaceOrderTests - Running:Step-5.2
2026-08-31 17:01:14 [TestNG-test-Release 1.0 Testing for AE-2] INFO  [qa] [Test_AE10_TC16_Verify_Place_Order_LoggedIn_Before_Checkout_chrome_30] pages.ae.CheckOutPage - 
				PRODUCT-1 DETAILS FROM CART
---------------------------------------------------
Name        : Sleeveless Dress
Category    : Women
SubCategory : Dress
Price       : 1000
Quantity    : 1
Total       : 1000
----------------------------------------------------


2026-08-31 17:01:15 [TestNG-test-Release 1.0 Testing for AE-2] INFO  [qa] [Test_AE10_TC16_Verify_Place_Order_LoggedIn_Before_Checkout_chrome_30] pages.ae.CheckOutPage - 
				PRODUCT-2 DETAILS FROM CART
---------------------------------------------------
Name        : Sleeveless Unicorn Patch Gown - Pink
Category    : Kids
SubCategory : Dress
Price       : 1050
Quantity    : 1
Total       : 1050
----------------------------------------------------


2026-08-31 17:01:15 [TestNG-test-Release 1.0 Testing for AE-2] INFO  [qa] [Test_AE10_TC16_Verify_Place_Order_LoggedIn_Before_Checkout_chrome_30] pages.ae.CheckOutPage - 
				PRODUCT-3 DETAILS FROM CART
---------------------------------------------------
Name        : Winter Top
Category    : Women
SubCategory : Tops
Price       : 600
Quantity    : 1
Total       : 600
----------------------------------------------------


2026-08-31 17:01:15 [TestNG-test-Release 1.0 Testing for AE-2] INFO  [qa] [Test_AE10_TC16_Verify_Place_Order_LoggedIn_Before_Checkout_chrome_30] pages.ae.CheckOutPage - 
				PRODUCT-4 DETAILS FROM CART
---------------------------------------------------
Name        : Little Girls Mr. Panda Shirt
Category    : Kids
SubCategory : Tops & Shirts
Price       : 1200
Quantity    : 1
Total       : 1200
----------------------------------------------------


2026-08-31 17:01:15 [TestNG-test-Release 1.0 Testing for AE-2] INFO  [qa] [Test_AE10_TC16_Verify_Place_Order_LoggedIn_Before_Checkout_chrome_30] pages.ae.CheckOutPage - 
				CART SUMMARY
---------------------------------------------------
Total of <4> Product/s are Added To Cart
Cart Total Price is '3850'
----------------------------------------------------


2026-08-31 17:01:15 [TestNG-test-Release 1.0 Testing for AE-2] INFO  [qa] [Test_AE10_TC16_Verify_Place_Order_LoggedIn_Before_Checkout_chrome_30] test.ae.PlaceOrderTests - The expected cart total: 3850
2026-08-31 17:01:15 [TestNG-test-Release 1.0 Testing for AE-2] INFO  [qa] [Test_AE10_TC16_Verify_Place_Order_LoggedIn_Before_Checkout_chrome_30] test.ae.PlaceOrderTests - Running:Step-7
2026-08-31 17:01:17 [TestNG-test-Release 1.0 Testing for AE-2] INFO  [qa] [Test_AE10_TC16_Verify_Place_Order_LoggedIn_Before_Checkout_chrome_30] test.ae.PlaceOrderTests - Running:Step-8
2026-08-31 17:01:22 [TestNG-test-Release 1.0 Testing for AE-2] INFO  [qa] [Test_AE10_TC16_Verify_Place_Order_LoggedIn_Before_Checkout_chrome_30] test.ae.PlaceOrderTests - Running:Step-9
2026-08-31 17:01:25 [TestNG-test-Release 1.0 Testing for AE-2] INFO  [qa] [Test_AE10_TC16_Verify_Place_Order_LoggedIn_Before_Checkout_chrome_30] test.ae.PlaceOrderTests - Running:Step-10
2026-08-31 17:01:25 [TestNG-test-Release 1.0 Testing for AE-2] INFO  [qa] [Test_AE10_TC16_Verify_Place_Order_LoggedIn_Before_Checkout_chrome_30] test.ae.PlaceOrderTests - Running:Step-11 >>>> Cleanup
2026-08-31 17:01:27 [TestNG-test-Release 1.0 Testing for AE-2] INFO  [qa] [Test_AE10_TC16_Verify_Place_Order_LoggedIn_Before_Checkout_chrome_30] framework.listeners.TestListener - TEST PASSED: Test_AE10_TC16_Verify_Place_Order_LoggedIn_Before_Checkout
2026-08-31 17:01:28 [TestNG-test-Release 1.0 Testing for AE-2] ERROR [qa] [Test_AE10_TC16_Verify_Place_Order_LoggedIn_Before_Checkout_chrome_30] io.qameta.allure.AllureLifecycle - Could not add attachment: no test is running
2026-08-31 17:01:28 [TestNG-test-Release 1.0 Testing for AE-2] INFO  [qa] [Test_AE10_TC16_Verify_Place_Order_LoggedIn_Before_Checkout_chrome_30] framework.listeners.TestListener - Screenshot attached: PASSED Screenshot:
2026-08-31 17:01:30 [TestNG-test-Release 1.0 Testing for AE-2] INFO  [qa] [Test_AE10_TC16_Verify_Place_Order_LoggedIn_Before_Checkout_chrome_30] test.ae.PlaceOrderTests - Trace stopped for: Test_AE10_TC16_Verify_Place_Order_LoggedIn_Before_Checkout
2026-08-31 17:01:31 [TestNG-test-Release 1.0 Testing for AE-2] INFO  [qa] [Test_AE10_TC16_Verify_Place_Order_LoggedIn_Before_Checkout_chrome_30] framework.drivers.DriverManager - Browser closed successfully.
2026-08-31 17:01:31 [TestNG-test-Release 1.0 Testing for AE-2] INFO  [qa] [Test_AE10_TC16_Verify_Place_Order_LoggedIn_Before_Checkout_chrome_30] test.ae.PlaceOrderTests - Driver shutdown successful.
2026-08-31 17:01:31 [TestNG-test-Release 1.0 Testing for AE-2] INFO  [qa] [Test_AE10_TC16_Verify_Place_Order_LoggedIn_Before_Checkout_chrome_30] reporting.ReportManager - ✅ Attachment added to Allure: 🎭 Playwright Trace — Test_AE10_TC16_Verify_Place_Order_LoggedIn_Before_Checkout
2026-08-31 17:01:31 [TestNG-test-Release 1.0 Testing for AE-2] INFO  [qa] [Test_AE10_TC16_Verify_Place_Order_LoggedIn_Before_Checkout_chrome_30] test.ae.PlaceOrderTests - Trace attached for: Test_AE10_TC16_Verify_Place_Order_LoggedIn_Before_Checkout
2026-08-31 17:01:31 [TestNG-test-Release 1.0 Testing for AE-2] INFO  [qa] [Test_AE10_TC16_Verify_Place_Order_LoggedIn_Before_Checkout_chrome_30] test.ae.PlaceOrderTests - trace temp file deleted from disk.
2026-08-31 17:01:31 [TestNG-test-Release 1.0 Testing for AE-2] INFO  [qa] [Test_AE10_TC16_Verify_Place_Order_LoggedIn_Before_Checkout_chrome_30] reporting.ReportManager - ✅ Attachment added to Allure: 🎬 Test Video — Test_AE10_TC16_Verify_Place_Order_LoggedIn_Before_Checkout
2026-08-31 17:01:31 [TestNG-test-Release 1.0 Testing for AE-2] INFO  [qa] [Test_AE10_TC16_Verify_Place_Order_LoggedIn_Before_Checkout_chrome_30] test.ae.PlaceOrderTests - Video attached for: Test_AE10_TC16_Verify_Place_Order_LoggedIn_Before_Checkout
2026-08-31 17:01:31 [TestNG-test-Release 1.0 Testing for AE-2] INFO  [qa] [Test_AE10_TC16_Verify_Place_Order_LoggedIn_Before_Checkout_chrome_30] test.ae.PlaceOrderTests - video temp file deleted from disk.
