2026-09-28 17:31:08 [TestNG-test-Release 1.0 Testing for AE-4] INFO  [qa] [Test_AE4_TC07_Verify_TestCases_Page_chrome_32] framework.listeners.TestListener - --- STARTING TEST : TestCasesTests#Test_AE4_TC07_Verify_TestCases_Page on chrome [thread-32] ---
2026-09-28 17:31:08 [TestNG-test-Release 1.0 Testing for AE-4] INFO  [qa] [Test_AE4_TC07_Verify_TestCases_Page_chrome_32] test.ae.TestCasesTests - Running:Step-1
2026-09-28 17:31:13 [TestNG-test-Release 1.0 Testing for AE-4] INFO  [qa] [Test_AE4_TC07_Verify_TestCases_Page_chrome_32] framework.listeners.TestListener - TEST FAILED: Test_AE4_TC07_Verify_TestCases_Page
2026-09-28 17:31:13 [TestNG-test-Release 1.0 Testing for AE-4] ERROR [qa] [Test_AE4_TC07_Verify_TestCases_Page_chrome_32] framework.listeners.TestListener - Failure Reason: org.opentest4j.AssertionFailedError: Page title expected to match regex
Expected: Automation Exercise
Received: One moment, please...

Call log:
  - Assert "hasTitle" with timeout 5000ms
    9 × unexpected value "One moment, please..."
2026-09-28 17:31:13 [TestNG-test-Release 1.0 Testing for AE-4] ERROR [qa] [Test_AE4_TC07_Verify_TestCases_Page_chrome_32] io.qameta.allure.AllureLifecycle - Could not add attachment: no test is running
2026-09-28 17:31:13 [TestNG-test-Release 1.0 Testing for AE-4] ERROR [qa] [Test_AE4_TC07_Verify_TestCases_Page_chrome_32] io.qameta.allure.AllureLifecycle - Could not start step: no test case running
2026-09-28 17:31:13 [TestNG-test-Release 1.0 Testing for AE-4] ERROR [qa] [Test_AE4_TC07_Verify_TestCases_Page_chrome_32] io.qameta.allure.AllureLifecycle - Could not stop step: step with uuid c31392a7-ae7c-4b13-83cc-b297e24a2178 not found
2026-09-28 17:31:13 [TestNG-test-Release 1.0 Testing for AE-4] INFO  [qa] [Test_AE4_TC07_Verify_TestCases_Page_chrome_32] framework.listeners.TestListener - Screenshot attached: FAILURE Screenshot:
2026-09-28 17:31:13 [TestNG-test-Release 1.0 Testing for AE-4] INFO  [qa] [Test_AE4_TC07_Verify_TestCases_Page_chrome_32] test.ae.TestCasesTests - Trace stopped for: Test_AE4_TC07_Verify_TestCases_Page
2026-09-28 17:31:13 [TestNG-test-Release 1.0 Testing for AE-4] INFO  [qa] [Test_AE4_TC07_Verify_TestCases_Page_chrome_32] framework.drivers.DriverManager - Browser closed successfully.
2026-09-28 17:31:13 [TestNG-test-Release 1.0 Testing for AE-4] INFO  [qa] [Test_AE4_TC07_Verify_TestCases_Page_chrome_32] test.ae.TestCasesTests - Driver shutdown successful.
2026-09-28 17:31:13 [TestNG-test-Release 1.0 Testing for AE-4] INFO  [qa] [Test_AE4_TC07_Verify_TestCases_Page_chrome_32] reporting.ReportManager - ✅ Attachment added to Allure: 🎭 Playwright Trace — Test_AE4_TC07_Verify_TestCases_Page
2026-09-28 17:31:13 [TestNG-test-Release 1.0 Testing for AE-4] INFO  [qa] [Test_AE4_TC07_Verify_TestCases_Page_chrome_32] test.ae.TestCasesTests - Trace attached for: Test_AE4_TC07_Verify_TestCases_Page
2026-09-28 17:31:13 [TestNG-test-Release 1.0 Testing for AE-4] INFO  [qa] [Test_AE4_TC07_Verify_TestCases_Page_chrome_32] test.ae.TestCasesTests - trace temp file deleted from disk.
2026-09-28 17:31:13 [TestNG-test-Release 1.0 Testing for AE-4] INFO  [qa] [Test_AE4_TC07_Verify_TestCases_Page_chrome_32] reporting.ReportManager - ✅ Attachment added to Allure: 🎬 Test Video — Test_AE4_TC07_Verify_TestCases_Page
2026-09-28 17:31:13 [TestNG-test-Release 1.0 Testing for AE-4] INFO  [qa] [Test_AE4_TC07_Verify_TestCases_Page_chrome_32] test.ae.TestCasesTests - Video attached for: Test_AE4_TC07_Verify_TestCases_Page
2026-09-28 17:31:13 [TestNG-test-Release 1.0 Testing for AE-4] INFO  [qa] [Test_AE4_TC07_Verify_TestCases_Page_chrome_32] test.ae.TestCasesTests - video temp file deleted from disk.
