2026-07-20 11:48:53 [TestNG-test-Release 1.0 Testing for AE-4] INFO  [qa] [Test_AE10_TC16_Verify_Place_Order_LoggedIn_Before_Checkout_chrome_23] framework.listeners.TestListener - --- STARTING TEST : PlaceOrderTests#Test_AE10_TC16_Verify_Place_Order_LoggedIn_Before_Checkout on chrome [thread-23] ---
2026-07-20 11:48:53 [TestNG-test-Release 1.0 Testing for AE-4] INFO  [qa] [Test_AE10_TC16_Verify_Place_Order_LoggedIn_Before_Checkout_chrome_23] test.ae.PlaceOrderTests - Running:Step-1
2026-07-20 11:48:55 [TestNG-test-Release 1.0 Testing for AE-4] INFO  [qa] [Test_AE10_TC16_Verify_Place_Order_LoggedIn_Before_Checkout_chrome_23] test.ae.PlaceOrderTests - Running:Step-1.1 >>>> Pre-Data set up for account login
2026-07-20 11:49:04 [TestNG-test-Release 1.0 Testing for AE-4] INFO  [qa] [Test_AE10_TC16_Verify_Place_Order_LoggedIn_Before_Checkout_chrome_23] pages.ae.SignupDetailPage - Checkbox: 'Newsletter' is set to: false
2026-07-20 11:49:05 [TestNG-test-Release 1.0 Testing for AE-4] INFO  [qa] [Test_AE10_TC16_Verify_Place_Order_LoggedIn_Before_Checkout_chrome_23] pages.ae.SignupDetailPage - Checkbox: 'Special Offers' is set to: true
2026-07-20 11:49:05 [TestNG-test-Release 1.0 Testing for AE-4] ERROR [qa] [Test_AE10_TC16_Verify_Place_Order_LoggedIn_Before_Checkout_chrome_23] io.qameta.allure.util.NamingUtils - Could not process empty pattern
2026-07-20 11:49:05 [TestNG-test-Release 1.0 Testing for AE-4] ERROR [qa] [Test_AE10_TC16_Verify_Place_Order_LoggedIn_Before_Checkout_chrome_23] io.qameta.allure.util.NamingUtils - Could not process empty pattern
2026-07-20 11:49:14 [TestNG-test-Release 1.0 Testing for AE-4] ERROR [qa] [Test_AE10_TC16_Verify_Place_Order_LoggedIn_Before_Checkout_chrome_23] io.qameta.allure.util.NamingUtils - Could not find parameter zipcpde
2026-07-20 11:49:20 [TestNG-test-Release 1.0 Testing for AE-4] INFO  [qa] [Test_AE10_TC16_Verify_Place_Order_LoggedIn_Before_Checkout_chrome_23] test.ae.PlaceOrderTests - Running:Step-2
2026-07-20 11:49:25 [TestNG-test-Release 1.0 Testing for AE-4] INFO  [qa] [Test_AE10_TC16_Verify_Place_Order_LoggedIn_Before_Checkout_chrome_23] test.ae.PlaceOrderTests - Running:Step-3
2026-07-20 11:49:26 [TestNG-test-Release 1.0 Testing for AE-4] INFO  [qa] [Test_AE10_TC16_Verify_Place_Order_LoggedIn_Before_Checkout_chrome_23] pages.ae.HomePage - Navigating to Products
2026-07-20 11:49:26 [TestNG-test-Release 1.0 Testing for AE-4] WARN  [qa] [Test_AE10_TC16_Verify_Place_Order_LoggedIn_Before_Checkout_chrome_23] pages.ae.ProductsPage - Multiple matching products found for - Sleeveless, hence choosing the first match found.
2026-07-20 11:49:29 [TestNG-test-Release 1.0 Testing for AE-4] INFO  [qa] [Test_AE10_TC16_Verify_Place_Order_LoggedIn_Before_Checkout_chrome_23] pages.ae.ProductsPage - 
---------------------------------------------------
Product 1 Added To Cart
Name  : Sleeveless Dress
Price : 1000
------------------------xxxx-----------------------

2026-07-20 11:49:29 [TestNG-test-Release 1.0 Testing for AE-4] WARN  [qa] [Test_AE10_TC16_Verify_Place_Order_LoggedIn_Before_Checkout_chrome_23] pages.ae.ProductsPage - Multiple matching products found for - Unicorn, hence choosing the first match found.
2026-07-20 11:49:33 [TestNG-test-Release 1.0 Testing for AE-4] INFO  [qa] [Test_AE10_TC16_Verify_Place_Order_LoggedIn_Before_Checkout_chrome_23] pages.ae.ProductsPage - 
---------------------------------------------------
Product 2 Added To Cart
Name  : Sleeveless Unicorn Patch Gown - Pink
Price : 1050
------------------------xxxx-----------------------

2026-07-20 11:49:36 [TestNG-test-Release 1.0 Testing for AE-4] INFO  [qa] [Test_AE10_TC16_Verify_Place_Order_LoggedIn_Before_Checkout_chrome_23] pages.ae.ProductsPage - 
---------------------------------------------------
Product 3 Added To Cart
Name  : Winter Top
Price : 600
------------------------xxxx-----------------------

2026-07-20 11:49:39 [TestNG-test-Release 1.0 Testing for AE-4] INFO  [qa] [Test_AE10_TC16_Verify_Place_Order_LoggedIn_Before_Checkout_chrome_23] pages.ae.ProductsPage - 
---------------------------------------------------
Product 4 Added To Cart
Name  : Little Girls Mr. Panda Shirt
Price : 1200
------------------------xxxx-----------------------

2026-07-20 11:49:39 [TestNG-test-Release 1.0 Testing for AE-4] INFO  [qa] [Test_AE10_TC16_Verify_Place_Order_LoggedIn_Before_Checkout_chrome_23] test.ae.PlaceOrderTests - Running:Step-4
2026-07-20 11:49:40 [TestNG-test-Release 1.0 Testing for AE-4] INFO  [qa] [Test_AE10_TC16_Verify_Place_Order_LoggedIn_Before_Checkout_chrome_23] pages.ae.HomePage - Navigating to Cart
2026-07-20 11:49:42 [TestNG-test-Release 1.0 Testing for AE-4] INFO  [qa] [Test_AE10_TC16_Verify_Place_Order_LoggedIn_Before_Checkout_chrome_23] test.ae.PlaceOrderTests - Running:Step-5.1
2026-07-20 11:49:42 [TestNG-test-Release 1.0 Testing for AE-4] INFO  [qa] [Test_AE10_TC16_Verify_Place_Order_LoggedIn_Before_Checkout_chrome_23] pages.ae.CheckOutPage - 
-------------------------------------------------------------------------
               DELIVERY ADDRESS ON CHECKOUT
-------------------------------------------------------------------------
Title Fullname  : Mr. Darrell Kozey
Company Name    : Monahan and Sons
Address Line1   : 561 Lorrine Center
Address Line2   : Suite 479
Address Line3   : North Maximoburgh South Dakota 969375
Country         : Singapore
Phone           : 6637047620
-------------------------------------------------------------------------

2026-07-20 11:49:42 [TestNG-test-Release 1.0 Testing for AE-4] INFO  [qa] [Test_AE10_TC16_Verify_Place_Order_LoggedIn_Before_Checkout_chrome_23] pages.ae.CheckOutPage - 
-------------------------------------------------------------------------
               INVOICE ADDRESS ON CHECKOUT
-------------------------------------------------------------------------
Title Fullname  : Mr. Darrell Kozey
Company Name    : Monahan and Sons
Address Line1   : 561 Lorrine Center
Address Line2   : Suite 479
Address Line3   : North Maximoburgh South Dakota 969375
Country         : Singapore
Phone           : 6637047620
--------------------------------------------------------------------------

2026-07-20 11:49:42 [TestNG-test-Release 1.0 Testing for AE-4] INFO  [qa] [Test_AE10_TC16_Verify_Place_Order_LoggedIn_Before_Checkout_chrome_23] test.ae.PlaceOrderTests - Running:Step-5.2
2026-07-20 11:49:42 [TestNG-test-Release 1.0 Testing for AE-4] INFO  [qa] [Test_AE10_TC16_Verify_Place_Order_LoggedIn_Before_Checkout_chrome_23] pages.ae.CheckOutPage - 
				PRODUCT-1 DETAILS FROM CART
---------------------------------------------------
Name        : Sleeveless Dress
Category    : Women
SubCategory : Dress
Price       : 1000
Quantity    : 1
Total       : 1000
----------------------------------------------------


2026-07-20 11:49:42 [TestNG-test-Release 1.0 Testing for AE-4] INFO  [qa] [Test_AE10_TC16_Verify_Place_Order_LoggedIn_Before_Checkout_chrome_23] pages.ae.CheckOutPage - 
				PRODUCT-2 DETAILS FROM CART
---------------------------------------------------
Name        : Sleeveless Unicorn Patch Gown - Pink
Category    : Kids
SubCategory : Dress
Price       : 1050
Quantity    : 1
Total       : 1050
----------------------------------------------------


2026-07-20 11:49:42 [TestNG-test-Release 1.0 Testing for AE-4] INFO  [qa] [Test_AE10_TC16_Verify_Place_Order_LoggedIn_Before_Checkout_chrome_23] pages.ae.CheckOutPage - 
				PRODUCT-3 DETAILS FROM CART
---------------------------------------------------
Name        : Winter Top
Category    : Women
SubCategory : Tops
Price       : 600
Quantity    : 1
Total       : 600
----------------------------------------------------


2026-07-20 11:49:43 [TestNG-test-Release 1.0 Testing for AE-4] INFO  [qa] [Test_AE10_TC16_Verify_Place_Order_LoggedIn_Before_Checkout_chrome_23] pages.ae.CheckOutPage - 
				PRODUCT-4 DETAILS FROM CART
---------------------------------------------------
Name        : Little Girls Mr. Panda Shirt
Category    : Kids
SubCategory : Tops & Shirts
Price       : 1200
Quantity    : 1
Total       : 1200
----------------------------------------------------


2026-07-20 11:49:43 [TestNG-test-Release 1.0 Testing for AE-4] INFO  [qa] [Test_AE10_TC16_Verify_Place_Order_LoggedIn_Before_Checkout_chrome_23] pages.ae.CheckOutPage - 
				CART SUMMARY
---------------------------------------------------
Total of <4> Product/s are Added To Cart
Cart Total Price is '3850'
----------------------------------------------------


2026-07-20 11:49:43 [TestNG-test-Release 1.0 Testing for AE-4] INFO  [qa] [Test_AE10_TC16_Verify_Place_Order_LoggedIn_Before_Checkout_chrome_23] test.ae.PlaceOrderTests - The expected cart total: 3850
2026-07-20 11:49:43 [TestNG-test-Release 1.0 Testing for AE-4] INFO  [qa] [Test_AE10_TC16_Verify_Place_Order_LoggedIn_Before_Checkout_chrome_23] test.ae.PlaceOrderTests - Running:Step-7
2026-07-20 11:49:45 [TestNG-test-Release 1.0 Testing for AE-4] INFO  [qa] [Test_AE10_TC16_Verify_Place_Order_LoggedIn_Before_Checkout_chrome_23] test.ae.PlaceOrderTests - Running:Step-8
2026-07-20 11:49:50 [TestNG-test-Release 1.0 Testing for AE-4] INFO  [qa] [Test_AE10_TC16_Verify_Place_Order_LoggedIn_Before_Checkout_chrome_23] test.ae.PlaceOrderTests - Running:Step-9
2026-07-20 11:49:52 [TestNG-test-Release 1.0 Testing for AE-4] INFO  [qa] [Test_AE10_TC16_Verify_Place_Order_LoggedIn_Before_Checkout_chrome_23] test.ae.PlaceOrderTests - Running:Step-10
2026-07-20 11:49:52 [TestNG-test-Release 1.0 Testing for AE-4] INFO  [qa] [Test_AE10_TC16_Verify_Place_Order_LoggedIn_Before_Checkout_chrome_23] test.ae.PlaceOrderTests - Running:Step-11 >>>> Cleanup
2026-07-20 11:49:55 [TestNG-test-Release 1.0 Testing for AE-4] INFO  [qa] [Test_AE10_TC16_Verify_Place_Order_LoggedIn_Before_Checkout_chrome_23] framework.listeners.TestListener - TEST PASSED: Test_AE10_TC16_Verify_Place_Order_LoggedIn_Before_Checkout
2026-07-20 11:49:56 [TestNG-test-Release 1.0 Testing for AE-4] ERROR [qa] [Test_AE10_TC16_Verify_Place_Order_LoggedIn_Before_Checkout_chrome_23] io.qameta.allure.AllureLifecycle - Could not add attachment: no test is running
2026-07-20 11:49:56 [TestNG-test-Release 1.0 Testing for AE-4] INFO  [qa] [Test_AE10_TC16_Verify_Place_Order_LoggedIn_Before_Checkout_chrome_23] framework.listeners.TestListener - Screenshot attached: PASSED Screenshot:
2026-07-20 11:49:57 [TestNG-test-Release 1.0 Testing for AE-4] INFO  [qa] [Test_AE10_TC16_Verify_Place_Order_LoggedIn_Before_Checkout_chrome_23] test.ae.PlaceOrderTests - Trace stopped for: Test_AE10_TC16_Verify_Place_Order_LoggedIn_Before_Checkout
2026-07-20 11:49:58 [TestNG-test-Release 1.0 Testing for AE-4] INFO  [qa] [Test_AE10_TC16_Verify_Place_Order_LoggedIn_Before_Checkout_chrome_23] framework.drivers.DriverManager - Browser closed successfully.
2026-07-20 11:49:58 [TestNG-test-Release 1.0 Testing for AE-4] INFO  [qa] [Test_AE10_TC16_Verify_Place_Order_LoggedIn_Before_Checkout_chrome_23] test.ae.PlaceOrderTests - Driver shutdown successful.
2026-07-20 11:49:58 [TestNG-test-Release 1.0 Testing for AE-4] INFO  [qa] [Test_AE10_TC16_Verify_Place_Order_LoggedIn_Before_Checkout_chrome_23] reporting.ReportManager - ✅ Attachment added to Allure: 🎭 Playwright Trace — Test_AE10_TC16_Verify_Place_Order_LoggedIn_Before_Checkout
2026-07-20 11:49:58 [TestNG-test-Release 1.0 Testing for AE-4] INFO  [qa] [Test_AE10_TC16_Verify_Place_Order_LoggedIn_Before_Checkout_chrome_23] test.ae.PlaceOrderTests - Trace attached for: Test_AE10_TC16_Verify_Place_Order_LoggedIn_Before_Checkout
2026-07-20 11:49:58 [TestNG-test-Release 1.0 Testing for AE-4] INFO  [qa] [Test_AE10_TC16_Verify_Place_Order_LoggedIn_Before_Checkout_chrome_23] test.ae.PlaceOrderTests - trace temp file deleted from disk.
2026-07-20 11:49:58 [TestNG-test-Release 1.0 Testing for AE-4] INFO  [qa] [Test_AE10_TC16_Verify_Place_Order_LoggedIn_Before_Checkout_chrome_23] reporting.ReportManager - ✅ Attachment added to Allure: 🎬 Test Video — Test_AE10_TC16_Verify_Place_Order_LoggedIn_Before_Checkout
2026-07-20 11:49:58 [TestNG-test-Release 1.0 Testing for AE-4] INFO  [qa] [Test_AE10_TC16_Verify_Place_Order_LoggedIn_Before_Checkout_chrome_23] test.ae.PlaceOrderTests - Video attached for: Test_AE10_TC16_Verify_Place_Order_LoggedIn_Before_Checkout
2026-07-20 11:49:58 [TestNG-test-Release 1.0 Testing for AE-4] INFO  [qa] [Test_AE10_TC16_Verify_Place_Order_LoggedIn_Before_Checkout_chrome_23] test.ae.PlaceOrderTests - video temp file deleted from disk.
