2026-08-24 09:48:23 [TestNG-test-Release 1.0 Testing for AE-1] INFO  [qa] [Test_AE1_TC01_Verify_New_User_SignUp_chrome_20] framework.listeners.TestListener - --- STARTING TEST : SignupTests#Test_AE1_TC01_Verify_New_User_SignUp on chrome [thread-20] ---
2026-08-24 09:48:23 [TestNG-test-Release 1.0 Testing for AE-1] INFO  [qa] [Test_AE1_TC01_Verify_New_User_SignUp_chrome_20] test.ae.SignupTests - Running:Step-1
2026-08-24 09:48:28 [TestNG-test-Release 1.0 Testing for AE-1] INFO  [qa] [Test_AE1_TC01_Verify_New_User_SignUp_chrome_20] framework.listeners.TestListener - TEST FAILED: Test_AE1_TC01_Verify_New_User_SignUp
2026-08-24 09:48:28 [TestNG-test-Release 1.0 Testing for AE-1] ERROR [qa] [Test_AE1_TC01_Verify_New_User_SignUp_chrome_20] framework.listeners.TestListener - Failure Reason: org.opentest4j.AssertionFailedError: Page title expected to match regex
Expected: Automation Exercise
Received: One moment, please...

Call log:
  - Assert "hasTitle" with timeout 5000ms
    9 × unexpected value "One moment, please..."
2026-08-24 09:48:28 [TestNG-test-Release 1.0 Testing for AE-1] ERROR [qa] [Test_AE1_TC01_Verify_New_User_SignUp_chrome_20] io.qameta.allure.AllureLifecycle - Could not add attachment: no test is running
2026-08-24 09:48:28 [TestNG-test-Release 1.0 Testing for AE-1] ERROR [qa] [Test_AE1_TC01_Verify_New_User_SignUp_chrome_20] io.qameta.allure.AllureLifecycle - Could not start step: no test case running
2026-08-24 09:48:28 [TestNG-test-Release 1.0 Testing for AE-1] ERROR [qa] [Test_AE1_TC01_Verify_New_User_SignUp_chrome_20] io.qameta.allure.AllureLifecycle - Could not stop step: step with uuid dc86d239-cd76-4b48-b761-71a0d0fe71ae not found
2026-08-24 09:48:28 [TestNG-test-Release 1.0 Testing for AE-1] INFO  [qa] [Test_AE1_TC01_Verify_New_User_SignUp_chrome_20] framework.listeners.TestListener - Screenshot attached: FAILURE Screenshot:
2026-08-24 09:48:28 [TestNG-test-Release 1.0 Testing for AE-1] INFO  [qa] [Test_AE1_TC01_Verify_New_User_SignUp_chrome_20] test.ae.SignupTests - Trace stopped for: Test_AE1_TC01_Verify_New_User_SignUp
2026-08-24 09:48:30 [TestNG-test-Release 1.0 Testing for AE-1] INFO  [qa] [Test_AE1_TC01_Verify_New_User_SignUp_chrome_20] framework.drivers.DriverManager - Browser closed successfully.
2026-08-24 09:48:30 [TestNG-test-Release 1.0 Testing for AE-1] INFO  [qa] [Test_AE1_TC01_Verify_New_User_SignUp_chrome_20] test.ae.SignupTests - Driver shutdown successful.
2026-08-24 09:48:30 [TestNG-test-Release 1.0 Testing for AE-1] INFO  [qa] [Test_AE1_TC01_Verify_New_User_SignUp_chrome_20] reporting.ReportManager - ✅ Attachment added to Allure: 🎭 Playwright Trace — Test_AE1_TC01_Verify_New_User_SignUp
2026-08-24 09:48:30 [TestNG-test-Release 1.0 Testing for AE-1] INFO  [qa] [Test_AE1_TC01_Verify_New_User_SignUp_chrome_20] test.ae.SignupTests - Trace attached for: Test_AE1_TC01_Verify_New_User_SignUp
2026-08-24 09:48:30 [TestNG-test-Release 1.0 Testing for AE-1] INFO  [qa] [Test_AE1_TC01_Verify_New_User_SignUp_chrome_20] test.ae.SignupTests - trace temp file deleted from disk.
2026-08-24 09:48:30 [TestNG-test-Release 1.0 Testing for AE-1] INFO  [qa] [Test_AE1_TC01_Verify_New_User_SignUp_chrome_20] reporting.ReportManager - ✅ Attachment added to Allure: 🎬 Test Video — Test_AE1_TC01_Verify_New_User_SignUp
2026-08-24 09:48:30 [TestNG-test-Release 1.0 Testing for AE-1] INFO  [qa] [Test_AE1_TC01_Verify_New_User_SignUp_chrome_20] test.ae.SignupTests - Video attached for: Test_AE1_TC01_Verify_New_User_SignUp
2026-08-24 09:48:30 [TestNG-test-Release 1.0 Testing for AE-1] INFO  [qa] [Test_AE1_TC01_Verify_New_User_SignUp_chrome_20] test.ae.SignupTests - video temp file deleted from disk.
