2026-05-25 12:38:49 [TestNG-test-Release 1.0 Testing for AE-1] INFO  [qa] [Test_AE10_TC15_Verify_Place_Order_For_Customer_Registered_Before_Checkout_chrome_29] framework.listeners.TestListener - --- STARTING TEST : PlaceOrderTests#Test_AE10_TC15_Verify_Place_Order_For_Customer_Registered_Before_Checkout on chrome [thread-29] ---
2026-05-25 12:38:49 [TestNG-test-Release 1.0 Testing for AE-1] INFO  [qa] [Test_AE10_TC15_Verify_Place_Order_For_Customer_Registered_Before_Checkout_chrome_29] test.ae.PlaceOrderTests - Running:Step-1
2026-05-25 12:38:50 [TestNG-test-Release 1.0 Testing for AE-1] INFO  [qa] [Test_AE10_TC15_Verify_Place_Order_For_Customer_Registered_Before_Checkout_chrome_29] test.ae.PlaceOrderTests - Running:Step-2
2026-05-25 12:39:00 [TestNG-test-Release 1.0 Testing for AE-1] INFO  [qa] [Test_AE10_TC15_Verify_Place_Order_For_Customer_Registered_Before_Checkout_chrome_29] pages.ae.SignupDetailPage - Checkbox: 'Newsletter' is set to: false
2026-05-25 12:39:01 [TestNG-test-Release 1.0 Testing for AE-1] INFO  [qa] [Test_AE10_TC15_Verify_Place_Order_For_Customer_Registered_Before_Checkout_chrome_29] pages.ae.SignupDetailPage - Checkbox: 'Special Offers' is set to: true
2026-05-25 12:39:01 [TestNG-test-Release 1.0 Testing for AE-1] ERROR [qa] [Test_AE10_TC15_Verify_Place_Order_For_Customer_Registered_Before_Checkout_chrome_29] io.qameta.allure.util.NamingUtils - Could not process empty pattern
2026-05-25 12:39:01 [TestNG-test-Release 1.0 Testing for AE-1] ERROR [qa] [Test_AE10_TC15_Verify_Place_Order_For_Customer_Registered_Before_Checkout_chrome_29] io.qameta.allure.util.NamingUtils - Could not process empty pattern
2026-05-25 12:39:10 [TestNG-test-Release 1.0 Testing for AE-1] ERROR [qa] [Test_AE10_TC15_Verify_Place_Order_For_Customer_Registered_Before_Checkout_chrome_29] io.qameta.allure.util.NamingUtils - Could not find parameter zipcpde
2026-05-25 12:39:18 [TestNG-test-Release 1.0 Testing for AE-1] INFO  [qa] [Test_AE10_TC15_Verify_Place_Order_For_Customer_Registered_Before_Checkout_chrome_29] test.ae.PlaceOrderTests - Running:Step-3
2026-05-25 12:39:19 [TestNG-test-Release 1.0 Testing for AE-1] INFO  [qa] [Test_AE10_TC15_Verify_Place_Order_For_Customer_Registered_Before_Checkout_chrome_29] pages.ae.HomePage - Navigating to Products
2026-05-25 12:39:19 [TestNG-test-Release 1.0 Testing for AE-1] WARN  [qa] [Test_AE10_TC15_Verify_Place_Order_For_Customer_Registered_Before_Checkout_chrome_29] pages.ae.ProductsPage - Multiple matching products found for - Sleeveless, hence choosing the first match found.
2026-05-25 12:39:22 [TestNG-test-Release 1.0 Testing for AE-1] INFO  [qa] [Test_AE10_TC15_Verify_Place_Order_For_Customer_Registered_Before_Checkout_chrome_29] pages.ae.ProductsPage - 
---------------------------------------------------
Product 1 Added To Cart
Name  : Sleeveless Dress
Price : 1000
------------------------xxxx-----------------------

2026-05-25 12:39:22 [TestNG-test-Release 1.0 Testing for AE-1] WARN  [qa] [Test_AE10_TC15_Verify_Place_Order_For_Customer_Registered_Before_Checkout_chrome_29] pages.ae.ProductsPage - Multiple matching products found for - Unicorn, hence choosing the first match found.
2026-05-25 12:39:26 [TestNG-test-Release 1.0 Testing for AE-1] INFO  [qa] [Test_AE10_TC15_Verify_Place_Order_For_Customer_Registered_Before_Checkout_chrome_29] pages.ae.ProductsPage - 
---------------------------------------------------
Product 2 Added To Cart
Name  : Sleeveless Unicorn Patch Gown - Pink
Price : 1050
------------------------xxxx-----------------------

2026-05-25 12:39:29 [TestNG-test-Release 1.0 Testing for AE-1] INFO  [qa] [Test_AE10_TC15_Verify_Place_Order_For_Customer_Registered_Before_Checkout_chrome_29] pages.ae.ProductsPage - 
---------------------------------------------------
Product 3 Added To Cart
Name  : Winter Top
Price : 600
------------------------xxxx-----------------------

2026-05-25 12:39:33 [TestNG-test-Release 1.0 Testing for AE-1] INFO  [qa] [Test_AE10_TC15_Verify_Place_Order_For_Customer_Registered_Before_Checkout_chrome_29] pages.ae.ProductsPage - 
---------------------------------------------------
Product 4 Added To Cart
Name  : Little Girls Mr. Panda Shirt
Price : 1200
------------------------xxxx-----------------------

2026-05-25 12:39:33 [TestNG-test-Release 1.0 Testing for AE-1] INFO  [qa] [Test_AE10_TC15_Verify_Place_Order_For_Customer_Registered_Before_Checkout_chrome_29] test.ae.PlaceOrderTests - Running:Step-4
2026-05-25 12:39:34 [TestNG-test-Release 1.0 Testing for AE-1] INFO  [qa] [Test_AE10_TC15_Verify_Place_Order_For_Customer_Registered_Before_Checkout_chrome_29] pages.ae.HomePage - Navigating to Cart
2026-05-25 12:39:36 [TestNG-test-Release 1.0 Testing for AE-1] INFO  [qa] [Test_AE10_TC15_Verify_Place_Order_For_Customer_Registered_Before_Checkout_chrome_29] test.ae.PlaceOrderTests - Running:Step-5.1
2026-05-25 12:39:36 [TestNG-test-Release 1.0 Testing for AE-1] INFO  [qa] [Test_AE10_TC15_Verify_Place_Order_For_Customer_Registered_Before_Checkout_chrome_29] pages.ae.CheckOutPage - 
-------------------------------------------------------------------------
               DELIVERY ADDRESS ON CHECKOUT
-------------------------------------------------------------------------
Title Fullname  : Mrs. Tiara Harris
Company Name    : Mertz-Bauch
Address Line1   : 507 Bobbie Hills
Address Line2   : Suite 740
Address Line3   : Marquittahaven Arkansas 323078
Country         : Singapore
Phone           : 4483510105
-------------------------------------------------------------------------

2026-05-25 12:39:36 [TestNG-test-Release 1.0 Testing for AE-1] INFO  [qa] [Test_AE10_TC15_Verify_Place_Order_For_Customer_Registered_Before_Checkout_chrome_29] pages.ae.CheckOutPage - 
-------------------------------------------------------------------------
               INVOICE ADDRESS ON CHECKOUT
-------------------------------------------------------------------------
Title Fullname  : Mrs. Tiara Harris
Company Name    : Mertz-Bauch
Address Line1   : 507 Bobbie Hills
Address Line2   : Suite 740
Address Line3   : Marquittahaven Arkansas 323078
Country         : Singapore
Phone           : 4483510105
--------------------------------------------------------------------------

2026-05-25 12:39:36 [TestNG-test-Release 1.0 Testing for AE-1] INFO  [qa] [Test_AE10_TC15_Verify_Place_Order_For_Customer_Registered_Before_Checkout_chrome_29] test.ae.PlaceOrderTests - Running:Step-5.2
2026-05-25 12:39:36 [TestNG-test-Release 1.0 Testing for AE-1] INFO  [qa] [Test_AE10_TC15_Verify_Place_Order_For_Customer_Registered_Before_Checkout_chrome_29] pages.ae.CheckOutPage - 
				PRODUCT-1 DETAILS FROM CART
---------------------------------------------------
Name        : Sleeveless Dress
Category    : Women
SubCategory : Dress
Price       : 1000
Quantity    : 1
Total       : 1000
----------------------------------------------------


2026-05-25 12:39:37 [TestNG-test-Release 1.0 Testing for AE-1] INFO  [qa] [Test_AE10_TC15_Verify_Place_Order_For_Customer_Registered_Before_Checkout_chrome_29] pages.ae.CheckOutPage - 
				PRODUCT-2 DETAILS FROM CART
---------------------------------------------------
Name        : Sleeveless Unicorn Patch Gown - Pink
Category    : Kids
SubCategory : Dress
Price       : 1050
Quantity    : 1
Total       : 1050
----------------------------------------------------


2026-05-25 12:39:37 [TestNG-test-Release 1.0 Testing for AE-1] INFO  [qa] [Test_AE10_TC15_Verify_Place_Order_For_Customer_Registered_Before_Checkout_chrome_29] pages.ae.CheckOutPage - 
				PRODUCT-3 DETAILS FROM CART
---------------------------------------------------
Name        : Winter Top
Category    : Women
SubCategory : Tops
Price       : 600
Quantity    : 1
Total       : 600
----------------------------------------------------


2026-05-25 12:39:37 [TestNG-test-Release 1.0 Testing for AE-1] INFO  [qa] [Test_AE10_TC15_Verify_Place_Order_For_Customer_Registered_Before_Checkout_chrome_29] pages.ae.CheckOutPage - 
				PRODUCT-4 DETAILS FROM CART
---------------------------------------------------
Name        : Little Girls Mr. Panda Shirt
Category    : Kids
SubCategory : Tops & Shirts
Price       : 1200
Quantity    : 1
Total       : 1200
----------------------------------------------------


2026-05-25 12:39:37 [TestNG-test-Release 1.0 Testing for AE-1] INFO  [qa] [Test_AE10_TC15_Verify_Place_Order_For_Customer_Registered_Before_Checkout_chrome_29] pages.ae.CheckOutPage - 
				CART SUMMARY
---------------------------------------------------
Total of <4> Product/s are Added To Cart
Cart Total Price is '3850'
----------------------------------------------------


2026-05-25 12:39:37 [TestNG-test-Release 1.0 Testing for AE-1] INFO  [qa] [Test_AE10_TC15_Verify_Place_Order_For_Customer_Registered_Before_Checkout_chrome_29] test.ae.PlaceOrderTests - The expected cart total: 3850
2026-05-25 12:39:37 [TestNG-test-Release 1.0 Testing for AE-1] INFO  [qa] [Test_AE10_TC15_Verify_Place_Order_For_Customer_Registered_Before_Checkout_chrome_29] test.ae.PlaceOrderTests - Running:Step-7
2026-05-25 12:39:39 [TestNG-test-Release 1.0 Testing for AE-1] INFO  [qa] [Test_AE10_TC15_Verify_Place_Order_For_Customer_Registered_Before_Checkout_chrome_29] test.ae.PlaceOrderTests - Running:Step-8
2026-05-25 12:39:44 [TestNG-test-Release 1.0 Testing for AE-1] INFO  [qa] [Test_AE10_TC15_Verify_Place_Order_For_Customer_Registered_Before_Checkout_chrome_29] test.ae.PlaceOrderTests - Running:Step-9
2026-05-25 12:39:47 [TestNG-test-Release 1.0 Testing for AE-1] INFO  [qa] [Test_AE10_TC15_Verify_Place_Order_For_Customer_Registered_Before_Checkout_chrome_29] test.ae.PlaceOrderTests - Running:Step-10
2026-05-25 12:39:47 [TestNG-test-Release 1.0 Testing for AE-1] INFO  [qa] [Test_AE10_TC15_Verify_Place_Order_For_Customer_Registered_Before_Checkout_chrome_29] test.ae.PlaceOrderTests - Running:Step-11 >>>> Cleanup
2026-05-25 12:39:51 [TestNG-test-Release 1.0 Testing for AE-1] INFO  [qa] [Test_AE10_TC15_Verify_Place_Order_For_Customer_Registered_Before_Checkout_chrome_29] framework.listeners.TestListener - TEST PASSED: Test_AE10_TC15_Verify_Place_Order_For_Customer_Registered_Before_Checkout
2026-05-25 12:39:52 [TestNG-test-Release 1.0 Testing for AE-1] ERROR [qa] [Test_AE10_TC15_Verify_Place_Order_For_Customer_Registered_Before_Checkout_chrome_29] io.qameta.allure.AllureLifecycle - Could not add attachment: no test is running
2026-05-25 12:39:52 [TestNG-test-Release 1.0 Testing for AE-1] INFO  [qa] [Test_AE10_TC15_Verify_Place_Order_For_Customer_Registered_Before_Checkout_chrome_29] framework.listeners.TestListener - Screenshot attached: PASSED Screenshot:
2026-05-25 12:39:53 [TestNG-test-Release 1.0 Testing for AE-1] INFO  [qa] [Test_AE10_TC15_Verify_Place_Order_For_Customer_Registered_Before_Checkout_chrome_29] test.ae.PlaceOrderTests - Trace stopped for: Test_AE10_TC15_Verify_Place_Order_For_Customer_Registered_Before_Checkout
2026-05-25 12:39:55 [TestNG-test-Release 1.0 Testing for AE-1] INFO  [qa] [Test_AE10_TC15_Verify_Place_Order_For_Customer_Registered_Before_Checkout_chrome_29] framework.drivers.DriverManager - Browser closed successfully.
2026-05-25 12:39:55 [TestNG-test-Release 1.0 Testing for AE-1] INFO  [qa] [Test_AE10_TC15_Verify_Place_Order_For_Customer_Registered_Before_Checkout_chrome_29] test.ae.PlaceOrderTests - Driver shutdown successful.
2026-05-25 12:39:55 [TestNG-test-Release 1.0 Testing for AE-1] INFO  [qa] [Test_AE10_TC15_Verify_Place_Order_For_Customer_Registered_Before_Checkout_chrome_29] reporting.ReportManager - ✅ Attachment added to Allure: 🎭 Playwright Trace — Test_AE10_TC15_Verify_Place_Order_For_Customer_Registered_Before_Checkout
2026-05-25 12:39:55 [TestNG-test-Release 1.0 Testing for AE-1] INFO  [qa] [Test_AE10_TC15_Verify_Place_Order_For_Customer_Registered_Before_Checkout_chrome_29] test.ae.PlaceOrderTests - Trace attached for: Test_AE10_TC15_Verify_Place_Order_For_Customer_Registered_Before_Checkout
2026-05-25 12:39:55 [TestNG-test-Release 1.0 Testing for AE-1] INFO  [qa] [Test_AE10_TC15_Verify_Place_Order_For_Customer_Registered_Before_Checkout_chrome_29] test.ae.PlaceOrderTests - trace temp file deleted from disk.
2026-05-25 12:39:55 [TestNG-test-Release 1.0 Testing for AE-1] INFO  [qa] [Test_AE10_TC15_Verify_Place_Order_For_Customer_Registered_Before_Checkout_chrome_29] reporting.ReportManager - ✅ Attachment added to Allure: 🎬 Test Video — Test_AE10_TC15_Verify_Place_Order_For_Customer_Registered_Before_Checkout
2026-05-25 12:39:55 [TestNG-test-Release 1.0 Testing for AE-1] INFO  [qa] [Test_AE10_TC15_Verify_Place_Order_For_Customer_Registered_Before_Checkout_chrome_29] test.ae.PlaceOrderTests - Video attached for: Test_AE10_TC15_Verify_Place_Order_For_Customer_Registered_Before_Checkout
2026-05-25 12:39:55 [TestNG-test-Release 1.0 Testing for AE-1] INFO  [qa] [Test_AE10_TC15_Verify_Place_Order_For_Customer_Registered_Before_Checkout_chrome_29] test.ae.PlaceOrderTests - video temp file deleted from disk.
