2026-10-05 18:12:40 [TestNG-test-Release 1.0 Testing for AE-2] INFO  [qa] [Test_AE5_TC08_Verify_Product_Search_Detail_Page_chrome_30] framework.listeners.TestListener - --- STARTING TEST : ProductsTests#Test_AE5_TC08_Verify_Product_Search_Detail_Page on chrome [thread-30] ---
2026-10-05 18:12:40 [TestNG-test-Release 1.0 Testing for AE-2] INFO  [qa] [Test_AE5_TC08_Verify_Product_Search_Detail_Page_chrome_30] test.ae.ProductsTests - Running:Step-1
2026-10-05 18:12:41 [TestNG-test-Release 1.0 Testing for AE-2] INFO  [qa] [Test_AE5_TC08_Verify_Product_Search_Detail_Page_chrome_30] test.ae.ProductsTests - Running:Step-2
2026-10-05 18:12:47 [TestNG-test-Release 1.0 Testing for AE-2] INFO  [qa] [Test_AE5_TC08_Verify_Product_Search_Detail_Page_chrome_30] pages.ae.HomePage - Navigating to Products
2026-10-05 18:12:48 [TestNG-test-Release 1.0 Testing for AE-2] INFO  [qa] [Test_AE5_TC08_Verify_Product_Search_Detail_Page_chrome_30] test.ae.ProductsTests - Running:Step-3
2026-10-05 18:12:49 [TestNG-test-Release 1.0 Testing for AE-2] INFO  [qa] [Test_AE5_TC08_Verify_Product_Search_Detail_Page_chrome_30] test.ae.ProductsTests - Running:Step-4
2026-10-05 18:12:49 [TestNG-test-Release 1.0 Testing for AE-2] INFO  [qa] [Test_AE5_TC08_Verify_Product_Search_Detail_Page_chrome_30] pages.ae.ProductDetailPage - 
Product Details
---------------
Name     	 :
								
								Blue Top
								Category: Women > Tops
								
								
									Rs. 500
									Quantity:
									
									
									
										
										Add to cart
									
								
								Availability: In Stock
								Condition: New
								Brand: Polo
							
Category 	 :: Polo
Price    	 :Rs. 500
									Quantity:
									
									
									
										
										Add to cart
									
								
								Availability: In Stock
								Condition: New
								Brand: Polo
Availability :Availability: In Stock
								Condition: New
								Brand: Polo
Condition    :Condition: New
								Brand: Polo
Brand        :Brand: Polo

2026-10-05 18:12:49 [TestNG-test-Release 1.0 Testing for AE-2] INFO  [qa] [Test_AE5_TC08_Verify_Product_Search_Detail_Page_chrome_30] framework.listeners.TestListener - TEST PASSED: Test_AE5_TC08_Verify_Product_Search_Detail_Page
2026-10-05 18:12:50 [TestNG-test-Release 1.0 Testing for AE-2] ERROR [qa] [Test_AE5_TC08_Verify_Product_Search_Detail_Page_chrome_30] io.qameta.allure.AllureLifecycle - Could not add attachment: no test is running
2026-10-05 18:12:50 [TestNG-test-Release 1.0 Testing for AE-2] INFO  [qa] [Test_AE5_TC08_Verify_Product_Search_Detail_Page_chrome_30] framework.listeners.TestListener - Screenshot attached: PASSED Screenshot:
2026-10-05 18:12:50 [TestNG-test-Release 1.0 Testing for AE-2] INFO  [qa] [Test_AE5_TC08_Verify_Product_Search_Detail_Page_chrome_30] test.ae.ProductsTests - Trace stopped for: Test_AE5_TC08_Verify_Product_Search_Detail_Page
2026-10-05 18:12:50 [TestNG-test-Release 1.0 Testing for AE-2] INFO  [qa] [Test_AE5_TC08_Verify_Product_Search_Detail_Page_chrome_30] framework.drivers.DriverManager - Browser closed successfully.
2026-10-05 18:12:50 [TestNG-test-Release 1.0 Testing for AE-2] INFO  [qa] [Test_AE5_TC08_Verify_Product_Search_Detail_Page_chrome_30] test.ae.ProductsTests - Driver shutdown successful.
2026-10-05 18:12:50 [TestNG-test-Release 1.0 Testing for AE-2] INFO  [qa] [Test_AE5_TC08_Verify_Product_Search_Detail_Page_chrome_30] reporting.ReportManager - ✅ Attachment added to Allure: 🎭 Playwright Trace — Test_AE5_TC08_Verify_Product_Search_Detail_Page
2026-10-05 18:12:50 [TestNG-test-Release 1.0 Testing for AE-2] INFO  [qa] [Test_AE5_TC08_Verify_Product_Search_Detail_Page_chrome_30] test.ae.ProductsTests - Trace attached for: Test_AE5_TC08_Verify_Product_Search_Detail_Page
2026-10-05 18:12:50 [TestNG-test-Release 1.0 Testing for AE-2] INFO  [qa] [Test_AE5_TC08_Verify_Product_Search_Detail_Page_chrome_30] test.ae.ProductsTests - trace temp file deleted from disk.
2026-10-05 18:12:50 [TestNG-test-Release 1.0 Testing for AE-2] INFO  [qa] [Test_AE5_TC08_Verify_Product_Search_Detail_Page_chrome_30] reporting.ReportManager - ✅ Attachment added to Allure: 🎬 Test Video — Test_AE5_TC08_Verify_Product_Search_Detail_Page
2026-10-05 18:12:50 [TestNG-test-Release 1.0 Testing for AE-2] INFO  [qa] [Test_AE5_TC08_Verify_Product_Search_Detail_Page_chrome_30] test.ae.ProductsTests - Video attached for: Test_AE5_TC08_Verify_Product_Search_Detail_Page
2026-10-05 18:12:50 [TestNG-test-Release 1.0 Testing for AE-2] INFO  [qa] [Test_AE5_TC08_Verify_Product_Search_Detail_Page_chrome_30] test.ae.ProductsTests - video temp file deleted from disk.
