2026-03-30 10:23:01 [TestNG-test-Release 1.0 Testing for AE-1] INFO  [qa] [Test_AE1_TC01_Verify_New_User_SignUp_chrome_29] framework.listeners.TestListener - --- STARTING TEST : SignupTests#Test_AE1_TC01_Verify_New_User_SignUp on chrome [thread-29] ---
2026-03-30 10:23:01 [TestNG-test-Release 1.0 Testing for AE-1] INFO  [qa] [Test_AE1_TC01_Verify_New_User_SignUp_chrome_29] test.ae.SignupTests - Running:Step-1
2026-03-30 10:23:04 [TestNG-test-Release 1.0 Testing for AE-1] INFO  [qa] [Test_AE1_TC01_Verify_New_User_SignUp_chrome_29] test.ae.SignupTests - Running:Step-2
2026-03-30 10:23:06 [TestNG-test-Release 1.0 Testing for AE-1] INFO  [qa] [Test_AE1_TC01_Verify_New_User_SignUp_chrome_29] test.ae.SignupTests - Running:Step-3
2026-03-30 10:23:10 [TestNG-test-Release 1.0 Testing for AE-1] INFO  [qa] [Test_AE1_TC01_Verify_New_User_SignUp_chrome_29] test.ae.SignupTests - Running:Step-4
2026-03-30 10:23:16 [TestNG-test-Release 1.0 Testing for AE-1] INFO  [qa] [Test_AE1_TC01_Verify_New_User_SignUp_chrome_29] pages.ae.SignupDetailPage - Checkbox: 'Newsletter' is set to: true
2026-03-30 10:23:16 [TestNG-test-Release 1.0 Testing for AE-1] INFO  [qa] [Test_AE1_TC01_Verify_New_User_SignUp_chrome_29] pages.ae.SignupDetailPage - Checkbox: 'Special Offers' is set to: false
2026-03-30 10:23:16 [TestNG-test-Release 1.0 Testing for AE-1] INFO  [qa] [Test_AE1_TC01_Verify_New_User_SignUp_chrome_29] test.ae.SignupTests - Running:Step-5
2026-03-30 10:23:16 [TestNG-test-Release 1.0 Testing for AE-1] ERROR [qa] [Test_AE1_TC01_Verify_New_User_SignUp_chrome_29] io.qameta.allure.util.NamingUtils - Could not process empty pattern
2026-03-30 10:23:16 [TestNG-test-Release 1.0 Testing for AE-1] ERROR [qa] [Test_AE1_TC01_Verify_New_User_SignUp_chrome_29] io.qameta.allure.util.NamingUtils - Could not process empty pattern
2026-03-30 10:23:25 [TestNG-test-Release 1.0 Testing for AE-1] ERROR [qa] [Test_AE1_TC01_Verify_New_User_SignUp_chrome_29] io.qameta.allure.util.NamingUtils - Could not find parameter zipcpde
2026-03-30 10:23:27 [TestNG-test-Release 1.0 Testing for AE-1] INFO  [qa] [Test_AE1_TC01_Verify_New_User_SignUp_chrome_29] pages.ae.SignupDetailPage - Checkbox: 'Special Offers' is set to: false
2026-03-30 10:23:27 [TestNG-test-Release 1.0 Testing for AE-1] INFO  [qa] [Test_AE1_TC01_Verify_New_User_SignUp_chrome_29] test.ae.SignupTests - Running:Step-6
2026-03-30 10:23:36 [TestNG-test-Release 1.0 Testing for AE-1] INFO  [qa] [Test_AE1_TC01_Verify_New_User_SignUp_chrome_29] framework.listeners.TestListener - TEST PASSED: Test_AE1_TC01_Verify_New_User_SignUp
2026-03-30 10:23:37 [TestNG-test-Release 1.0 Testing for AE-1] ERROR [qa] [Test_AE1_TC01_Verify_New_User_SignUp_chrome_29] io.qameta.allure.AllureLifecycle - Could not add attachment: no test is running
2026-03-30 10:23:37 [TestNG-test-Release 1.0 Testing for AE-1] INFO  [qa] [Test_AE1_TC01_Verify_New_User_SignUp_chrome_29] framework.listeners.TestListener - Screenshot attached: PASSED Screenshot:
2026-03-30 10:23:39 [TestNG-test-Release 1.0 Testing for AE-1] INFO  [qa] [Test_AE1_TC01_Verify_New_User_SignUp_chrome_29] test.ae.SignupTests - Trace stopped for: Test_AE1_TC01_Verify_New_User_SignUp
2026-03-30 10:23:42 [TestNG-test-Release 1.0 Testing for AE-1] INFO  [qa] [Test_AE1_TC01_Verify_New_User_SignUp_chrome_29] framework.drivers.DriverManager - Browser closed successfully.
2026-03-30 10:23:42 [TestNG-test-Release 1.0 Testing for AE-1] INFO  [qa] [Test_AE1_TC01_Verify_New_User_SignUp_chrome_29] test.ae.SignupTests - Driver shutdown successful.
2026-03-30 10:23:42 [TestNG-test-Release 1.0 Testing for AE-1] INFO  [qa] [Test_AE1_TC01_Verify_New_User_SignUp_chrome_29] reporting.ReportManager - ✅ Attachment added to Allure: 🎭 Playwright Trace — Test_AE1_TC01_Verify_New_User_SignUp
2026-03-30 10:23:42 [TestNG-test-Release 1.0 Testing for AE-1] INFO  [qa] [Test_AE1_TC01_Verify_New_User_SignUp_chrome_29] test.ae.SignupTests - Trace attached for: Test_AE1_TC01_Verify_New_User_SignUp
2026-03-30 10:23:42 [TestNG-test-Release 1.0 Testing for AE-1] INFO  [qa] [Test_AE1_TC01_Verify_New_User_SignUp_chrome_29] test.ae.SignupTests - trace temp file deleted from disk.
2026-03-30 10:23:42 [TestNG-test-Release 1.0 Testing for AE-1] INFO  [qa] [Test_AE1_TC01_Verify_New_User_SignUp_chrome_29] reporting.ReportManager - ✅ Attachment added to Allure: 🎬 Test Video — Test_AE1_TC01_Verify_New_User_SignUp
2026-03-30 10:23:42 [TestNG-test-Release 1.0 Testing for AE-1] INFO  [qa] [Test_AE1_TC01_Verify_New_User_SignUp_chrome_29] test.ae.SignupTests - Video attached for: Test_AE1_TC01_Verify_New_User_SignUp
2026-03-30 10:23:42 [TestNG-test-Release 1.0 Testing for AE-1] INFO  [qa] [Test_AE1_TC01_Verify_New_User_SignUp_chrome_29] test.ae.SignupTests - video temp file deleted from disk.
