2026-05-11 12:14:13 [TestNG-test-Release 1.0 Testing for AE-1] INFO  [qa] [Test_AE9_TC17_Verify_Removal_From_Cart_chrome_20] framework.listeners.TestListener - --- STARTING TEST : AddToCartTests#Test_AE9_TC17_Verify_Removal_From_Cart on chrome [thread-20] ---
2026-05-11 12:14:13 [TestNG-test-Release 1.0 Testing for AE-1] INFO  [qa] [Test_AE9_TC17_Verify_Removal_From_Cart_chrome_20] test.ae.AddToCartTests - Running:Step-1
2026-05-11 12:14:14 [TestNG-test-Release 1.0 Testing for AE-1] INFO  [qa] [Test_AE9_TC17_Verify_Removal_From_Cart_chrome_20] test.ae.AddToCartTests - Running:Step-2
2026-05-11 12:14:33 [TestNG-test-Release 1.0 Testing for AE-1] INFO  [qa] [Test_AE9_TC17_Verify_Removal_From_Cart_chrome_20] test.ae.AddToCartTests - Running:Step-3
2026-05-11 12:14:35 [TestNG-test-Release 1.0 Testing for AE-1] INFO  [qa] [Test_AE9_TC17_Verify_Removal_From_Cart_chrome_20] pages.ae.HomePage - Navigating to Cart
2026-05-11 12:14:37 [TestNG-test-Release 1.0 Testing for AE-1] INFO  [qa] [Test_AE9_TC17_Verify_Removal_From_Cart_chrome_20] pages.ae.CartPage - 
---------------------------------------------------
Product Frozen is Not Visible on Cart
----------------------------------------------------


2026-05-11 12:14:37 [TestNG-test-Release 1.0 Testing for AE-1] INFO  [qa] [Test_AE9_TC17_Verify_Removal_From_Cart_chrome_20] test.ae.AddToCartTests - Running:Step-4
2026-05-11 12:14:37 [TestNG-test-Release 1.0 Testing for AE-1] INFO  [qa] [Test_AE9_TC17_Verify_Removal_From_Cart_chrome_20] pages.ae.CartPage - Total products in cart before deletion - 4
2026-05-11 12:14:41 [TestNG-test-Release 1.0 Testing for AE-1] INFO  [qa] [Test_AE9_TC17_Verify_Removal_From_Cart_chrome_20] pages.ae.CartPage - Total products in cart after deletion - 0
2026-05-11 12:14:41 [TestNG-test-Release 1.0 Testing for AE-1] INFO  [qa] [Test_AE9_TC17_Verify_Removal_From_Cart_chrome_20] framework.listeners.TestListener - TEST PASSED: Test_AE9_TC17_Verify_Removal_From_Cart
2026-05-11 12:14:41 [TestNG-test-Release 1.0 Testing for AE-1] ERROR [qa] [Test_AE9_TC17_Verify_Removal_From_Cart_chrome_20] io.qameta.allure.AllureLifecycle - Could not add attachment: no test is running
2026-05-11 12:14:41 [TestNG-test-Release 1.0 Testing for AE-1] INFO  [qa] [Test_AE9_TC17_Verify_Removal_From_Cart_chrome_20] framework.listeners.TestListener - Screenshot attached: PASSED Screenshot:
2026-05-11 12:14:42 [TestNG-test-Release 1.0 Testing for AE-1] INFO  [qa] [Test_AE9_TC17_Verify_Removal_From_Cart_chrome_20] test.ae.AddToCartTests - Trace stopped for: Test_AE9_TC17_Verify_Removal_From_Cart
2026-05-11 12:14:43 [TestNG-test-Release 1.0 Testing for AE-1] INFO  [qa] [Test_AE9_TC17_Verify_Removal_From_Cart_chrome_20] framework.drivers.DriverManager - Browser closed successfully.
2026-05-11 12:14:43 [TestNG-test-Release 1.0 Testing for AE-1] INFO  [qa] [Test_AE9_TC17_Verify_Removal_From_Cart_chrome_20] test.ae.AddToCartTests - Driver shutdown successful.
2026-05-11 12:14:43 [TestNG-test-Release 1.0 Testing for AE-1] INFO  [qa] [Test_AE9_TC17_Verify_Removal_From_Cart_chrome_20] reporting.ReportManager - ✅ Attachment added to Allure: 🎭 Playwright Trace — Test_AE9_TC17_Verify_Removal_From_Cart
2026-05-11 12:14:43 [TestNG-test-Release 1.0 Testing for AE-1] INFO  [qa] [Test_AE9_TC17_Verify_Removal_From_Cart_chrome_20] test.ae.AddToCartTests - Trace attached for: Test_AE9_TC17_Verify_Removal_From_Cart
2026-05-11 12:14:43 [TestNG-test-Release 1.0 Testing for AE-1] INFO  [qa] [Test_AE9_TC17_Verify_Removal_From_Cart_chrome_20] test.ae.AddToCartTests - trace temp file deleted from disk.
2026-05-11 12:14:43 [TestNG-test-Release 1.0 Testing for AE-1] INFO  [qa] [Test_AE9_TC17_Verify_Removal_From_Cart_chrome_20] reporting.ReportManager - ✅ Attachment added to Allure: 🎬 Test Video — Test_AE9_TC17_Verify_Removal_From_Cart
2026-05-11 12:14:43 [TestNG-test-Release 1.0 Testing for AE-1] INFO  [qa] [Test_AE9_TC17_Verify_Removal_From_Cart_chrome_20] test.ae.AddToCartTests - Video attached for: Test_AE9_TC17_Verify_Removal_From_Cart
2026-05-11 12:14:43 [TestNG-test-Release 1.0 Testing for AE-1] INFO  [qa] [Test_AE9_TC17_Verify_Removal_From_Cart_chrome_20] test.ae.AddToCartTests - video temp file deleted from disk.
