2026-09-28 17:31:23 [TestNG-test-Release 1.0 Testing for AE-1] INFO  [qa] [Test_AE5_TC09_Verify_Product_Search_Lists_All_Relevant_Products_chrome_29] framework.listeners.TestListener - --- STARTING TEST : ProductsTests#Test_AE5_TC09_Verify_Product_Search_Lists_All_Relevant_Products on chrome [thread-29] ---
2026-09-28 17:31:23 [TestNG-test-Release 1.0 Testing for AE-1] INFO  [qa] [Test_AE5_TC09_Verify_Product_Search_Lists_All_Relevant_Products_chrome_29] test.ae.ProductsTests - Running:Step-1
2026-09-28 17:31:28 [TestNG-test-Release 1.0 Testing for AE-1] INFO  [qa] [Test_AE5_TC09_Verify_Product_Search_Lists_All_Relevant_Products_chrome_29] framework.listeners.TestListener - TEST FAILED: Test_AE5_TC09_Verify_Product_Search_Lists_All_Relevant_Products
2026-09-28 17:31:28 [TestNG-test-Release 1.0 Testing for AE-1] ERROR [qa] [Test_AE5_TC09_Verify_Product_Search_Lists_All_Relevant_Products_chrome_29] framework.listeners.TestListener - Failure Reason: org.opentest4j.AssertionFailedError: Page title expected to match regex
Expected: Automation Exercise
Received: One moment, please...

Call log:
  - Assert "hasTitle" with timeout 5000ms
    9 × unexpected value "One moment, please..."
2026-09-28 17:31:28 [TestNG-test-Release 1.0 Testing for AE-1] ERROR [qa] [Test_AE5_TC09_Verify_Product_Search_Lists_All_Relevant_Products_chrome_29] io.qameta.allure.AllureLifecycle - Could not add attachment: no test is running
2026-09-28 17:31:28 [TestNG-test-Release 1.0 Testing for AE-1] ERROR [qa] [Test_AE5_TC09_Verify_Product_Search_Lists_All_Relevant_Products_chrome_29] io.qameta.allure.AllureLifecycle - Could not start step: no test case running
2026-09-28 17:31:28 [TestNG-test-Release 1.0 Testing for AE-1] ERROR [qa] [Test_AE5_TC09_Verify_Product_Search_Lists_All_Relevant_Products_chrome_29] io.qameta.allure.AllureLifecycle - Could not stop step: step with uuid d19a8126-a1e4-4a00-a0b0-5f49b33f9baa not found
2026-09-28 17:31:28 [TestNG-test-Release 1.0 Testing for AE-1] INFO  [qa] [Test_AE5_TC09_Verify_Product_Search_Lists_All_Relevant_Products_chrome_29] framework.listeners.TestListener - Screenshot attached: FAILURE Screenshot:
2026-09-28 17:31:28 [TestNG-test-Release 1.0 Testing for AE-1] INFO  [qa] [Test_AE5_TC09_Verify_Product_Search_Lists_All_Relevant_Products_chrome_29] test.ae.ProductsTests - Trace stopped for: Test_AE5_TC09_Verify_Product_Search_Lists_All_Relevant_Products
2026-09-28 17:31:29 [TestNG-test-Release 1.0 Testing for AE-1] INFO  [qa] [Test_AE5_TC09_Verify_Product_Search_Lists_All_Relevant_Products_chrome_29] framework.drivers.DriverManager - Browser closed successfully.
2026-09-28 17:31:29 [TestNG-test-Release 1.0 Testing for AE-1] INFO  [qa] [Test_AE5_TC09_Verify_Product_Search_Lists_All_Relevant_Products_chrome_29] test.ae.ProductsTests - Driver shutdown successful.
2026-09-28 17:31:29 [TestNG-test-Release 1.0 Testing for AE-1] INFO  [qa] [Test_AE5_TC09_Verify_Product_Search_Lists_All_Relevant_Products_chrome_29] reporting.ReportManager - ✅ Attachment added to Allure: 🎭 Playwright Trace — Test_AE5_TC09_Verify_Product_Search_Lists_All_Relevant_Products
2026-09-28 17:31:29 [TestNG-test-Release 1.0 Testing for AE-1] INFO  [qa] [Test_AE5_TC09_Verify_Product_Search_Lists_All_Relevant_Products_chrome_29] test.ae.ProductsTests - Trace attached for: Test_AE5_TC09_Verify_Product_Search_Lists_All_Relevant_Products
2026-09-28 17:31:29 [TestNG-test-Release 1.0 Testing for AE-1] INFO  [qa] [Test_AE5_TC09_Verify_Product_Search_Lists_All_Relevant_Products_chrome_29] test.ae.ProductsTests - trace temp file deleted from disk.
2026-09-28 17:31:29 [TestNG-test-Release 1.0 Testing for AE-1] INFO  [qa] [Test_AE5_TC09_Verify_Product_Search_Lists_All_Relevant_Products_chrome_29] reporting.ReportManager - ✅ Attachment added to Allure: 🎬 Test Video — Test_AE5_TC09_Verify_Product_Search_Lists_All_Relevant_Products
2026-09-28 17:31:29 [TestNG-test-Release 1.0 Testing for AE-1] INFO  [qa] [Test_AE5_TC09_Verify_Product_Search_Lists_All_Relevant_Products_chrome_29] test.ae.ProductsTests - Video attached for: Test_AE5_TC09_Verify_Product_Search_Lists_All_Relevant_Products
2026-09-28 17:31:29 [TestNG-test-Release 1.0 Testing for AE-1] INFO  [qa] [Test_AE5_TC09_Verify_Product_Search_Lists_All_Relevant_Products_chrome_29] test.ae.ProductsTests - video temp file deleted from disk.
