2026-04-06 10:12:02 [TestNG-test-Release 1.0 Testing for AE-2] INFO  [qa] [Test_AE9_TC13_Verify_Subscription_Home_Page_chrome_21] framework.listeners.TestListener - --- STARTING TEST : AddToCartTests#Test_AE9_TC13_Verify_Subscription_Home_Page on chrome [thread-21] ---
2026-04-06 10:12:02 [TestNG-test-Release 1.0 Testing for AE-2] INFO  [qa] [Test_AE9_TC13_Verify_Subscription_Home_Page_chrome_21] test.ae.AddToCartTests - Running:Step-1
2026-04-06 10:12:04 [TestNG-test-Release 1.0 Testing for AE-2] INFO  [qa] [Test_AE9_TC13_Verify_Subscription_Home_Page_chrome_21] test.ae.AddToCartTests - Running:Step-2
2026-04-06 10:12:04 [TestNG-test-Release 1.0 Testing for AE-2] WARN  [qa] [Test_AE9_TC13_Verify_Subscription_Home_Page_chrome_21] pages.ae.ProductsPage - Multiple matching products found for - Stylish, hence choosing the first match found.
2026-04-06 10:12:08 [TestNG-test-Release 1.0 Testing for AE-2] WARN  [qa] [Test_AE9_TC13_Verify_Subscription_Home_Page_chrome_21] pages.ae.ProductsPage - Multiple matching products found for - Summer White Top, hence choosing the first match found.
2026-04-06 10:12:11 [TestNG-test-Release 1.0 Testing for AE-2] WARN  [qa] [Test_AE9_TC13_Verify_Subscription_Home_Page_chrome_21] pages.ae.ProductsPage - Multiple matching products found for - Blue Top, hence choosing the first match found.
2026-04-06 10:12:14 [TestNG-test-Release 1.0 Testing for AE-2] INFO  [qa] [Test_AE9_TC13_Verify_Subscription_Home_Page_chrome_21] test.ae.AddToCartTests - Running:Step-3
2026-04-06 10:12:14 [TestNG-test-Release 1.0 Testing for AE-2] WARN  [qa] [Test_AE9_TC13_Verify_Subscription_Home_Page_chrome_21] pages.ae.ProductsPage - Multiple matching products found for - Sleeveless, hence choosing the first match found.
2026-04-06 10:12:18 [TestNG-test-Release 1.0 Testing for AE-2] INFO  [qa] [Test_AE9_TC13_Verify_Subscription_Home_Page_chrome_21] test.ae.AddToCartTests - Running:Step-4
2026-04-06 10:12:19 [TestNG-test-Release 1.0 Testing for AE-2] INFO  [qa] [Test_AE9_TC13_Verify_Subscription_Home_Page_chrome_21] framework.listeners.TestListener - TEST PASSED: Test_AE9_TC13_Verify_Subscription_Home_Page
2026-04-06 10:12:20 [TestNG-test-Release 1.0 Testing for AE-2] ERROR [qa] [Test_AE9_TC13_Verify_Subscription_Home_Page_chrome_21] io.qameta.allure.AllureLifecycle - Could not add attachment: no test is running
2026-04-06 10:12:20 [TestNG-test-Release 1.0 Testing for AE-2] INFO  [qa] [Test_AE9_TC13_Verify_Subscription_Home_Page_chrome_21] framework.listeners.TestListener - Screenshot attached: PASSED Screenshot:
2026-04-06 10:12:20 [TestNG-test-Release 1.0 Testing for AE-2] INFO  [qa] [Test_AE9_TC13_Verify_Subscription_Home_Page_chrome_21] test.ae.AddToCartTests - Trace stopped for: Test_AE9_TC13_Verify_Subscription_Home_Page
2026-04-06 10:12:21 [TestNG-test-Release 1.0 Testing for AE-2] INFO  [qa] [Test_AE9_TC13_Verify_Subscription_Home_Page_chrome_21] framework.drivers.DriverManager - Browser closed successfully.
2026-04-06 10:12:21 [TestNG-test-Release 1.0 Testing for AE-2] INFO  [qa] [Test_AE9_TC13_Verify_Subscription_Home_Page_chrome_21] test.ae.AddToCartTests - Driver shutdown successful.
2026-04-06 10:12:21 [TestNG-test-Release 1.0 Testing for AE-2] INFO  [qa] [Test_AE9_TC13_Verify_Subscription_Home_Page_chrome_21] reporting.ReportManager - ✅ Attachment added to Allure: 🎭 Playwright Trace — Test_AE9_TC13_Verify_Subscription_Home_Page
2026-04-06 10:12:21 [TestNG-test-Release 1.0 Testing for AE-2] INFO  [qa] [Test_AE9_TC13_Verify_Subscription_Home_Page_chrome_21] test.ae.AddToCartTests - Trace attached for: Test_AE9_TC13_Verify_Subscription_Home_Page
2026-04-06 10:12:21 [TestNG-test-Release 1.0 Testing for AE-2] INFO  [qa] [Test_AE9_TC13_Verify_Subscription_Home_Page_chrome_21] test.ae.AddToCartTests - trace temp file deleted from disk.
2026-04-06 10:12:21 [TestNG-test-Release 1.0 Testing for AE-2] INFO  [qa] [Test_AE9_TC13_Verify_Subscription_Home_Page_chrome_21] reporting.ReportManager - ✅ Attachment added to Allure: 🎬 Test Video — Test_AE9_TC13_Verify_Subscription_Home_Page
2026-04-06 10:12:21 [TestNG-test-Release 1.0 Testing for AE-2] INFO  [qa] [Test_AE9_TC13_Verify_Subscription_Home_Page_chrome_21] test.ae.AddToCartTests - Video attached for: Test_AE9_TC13_Verify_Subscription_Home_Page
2026-04-06 10:12:21 [TestNG-test-Release 1.0 Testing for AE-2] INFO  [qa] [Test_AE9_TC13_Verify_Subscription_Home_Page_chrome_21] test.ae.AddToCartTests - video temp file deleted from disk.
