2026-08-31 16:46:51 [TestNG-test-Release 1.0 Testing for AE-3] INFO  [qa] [Test_AE5_TC08_Verify_Product_Search_Detail_Page_chrome_22] framework.listeners.TestListener - --- STARTING TEST : ProductsTests#Test_AE5_TC08_Verify_Product_Search_Detail_Page on chrome [thread-22] ---
2026-08-31 16:46:51 [TestNG-test-Release 1.0 Testing for AE-3] INFO  [qa] [Test_AE5_TC08_Verify_Product_Search_Detail_Page_chrome_22] test.ae.ProductsTests - Running:Step-1
2026-08-31 16:46:55 [TestNG-test-Release 1.0 Testing for AE-3] INFO  [qa] [Test_AE5_TC08_Verify_Product_Search_Detail_Page_chrome_22] test.ae.ProductsTests - Running:Step-2
2026-08-31 16:46:56 [TestNG-test-Release 1.0 Testing for AE-3] INFO  [qa] [Test_AE5_TC08_Verify_Product_Search_Detail_Page_chrome_22] pages.ae.HomePage - Navigating to Products
2026-08-31 16:46:59 [TestNG-test-Release 1.0 Testing for AE-3] INFO  [qa] [Test_AE5_TC08_Verify_Product_Search_Detail_Page_chrome_22] test.ae.ProductsTests - Running:Step-3
2026-08-31 16:47:00 [TestNG-test-Release 1.0 Testing for AE-3] INFO  [qa] [Test_AE5_TC08_Verify_Product_Search_Detail_Page_chrome_22] test.ae.ProductsTests - Running:Step-4
2026-08-31 16:47:01 [TestNG-test-Release 1.0 Testing for AE-3] INFO  [qa] [Test_AE5_TC08_Verify_Product_Search_Detail_Page_chrome_22] pages.ae.ProductDetailPage - 
Product Details
---------------
Name     	 :
								
								Blue Top
								Category: Women > Tops
								
								
									Rs. 500
									Quantity:
									
									
									
										
										Add to cart
									
								
								Availability: In Stock
								Condition: New
								Brand: Polo
							
Category 	 :: Polo
Price    	 :Rs. 500
									Quantity:
									
									
									
										
										Add to cart
									
								
								Availability: In Stock
								Condition: New
								Brand: Polo
Availability :Availability: In Stock
								Condition: New
								Brand: Polo
Condition    :Condition: New
								Brand: Polo
Brand        :Brand: Polo

2026-08-31 16:47:01 [TestNG-test-Release 1.0 Testing for AE-3] INFO  [qa] [Test_AE5_TC08_Verify_Product_Search_Detail_Page_chrome_22] framework.listeners.TestListener - TEST PASSED: Test_AE5_TC08_Verify_Product_Search_Detail_Page
2026-08-31 16:47:01 [TestNG-test-Release 1.0 Testing for AE-3] ERROR [qa] [Test_AE5_TC08_Verify_Product_Search_Detail_Page_chrome_22] io.qameta.allure.AllureLifecycle - Could not add attachment: no test is running
2026-08-31 16:47:01 [TestNG-test-Release 1.0 Testing for AE-3] INFO  [qa] [Test_AE5_TC08_Verify_Product_Search_Detail_Page_chrome_22] framework.listeners.TestListener - Screenshot attached: PASSED Screenshot:
2026-08-31 16:47:02 [TestNG-test-Release 1.0 Testing for AE-3] INFO  [qa] [Test_AE5_TC08_Verify_Product_Search_Detail_Page_chrome_22] test.ae.ProductsTests - Trace stopped for: Test_AE5_TC08_Verify_Product_Search_Detail_Page
2026-08-31 16:47:03 [TestNG-test-Release 1.0 Testing for AE-3] INFO  [qa] [Test_AE5_TC08_Verify_Product_Search_Detail_Page_chrome_22] framework.drivers.DriverManager - Browser closed successfully.
2026-08-31 16:47:03 [TestNG-test-Release 1.0 Testing for AE-3] INFO  [qa] [Test_AE5_TC08_Verify_Product_Search_Detail_Page_chrome_22] test.ae.ProductsTests - Driver shutdown successful.
2026-08-31 16:47:03 [TestNG-test-Release 1.0 Testing for AE-3] INFO  [qa] [Test_AE5_TC08_Verify_Product_Search_Detail_Page_chrome_22] reporting.ReportManager - ✅ Attachment added to Allure: 🎭 Playwright Trace — Test_AE5_TC08_Verify_Product_Search_Detail_Page
2026-08-31 16:47:03 [TestNG-test-Release 1.0 Testing for AE-3] INFO  [qa] [Test_AE5_TC08_Verify_Product_Search_Detail_Page_chrome_22] test.ae.ProductsTests - Trace attached for: Test_AE5_TC08_Verify_Product_Search_Detail_Page
2026-08-31 16:47:03 [TestNG-test-Release 1.0 Testing for AE-3] INFO  [qa] [Test_AE5_TC08_Verify_Product_Search_Detail_Page_chrome_22] test.ae.ProductsTests - trace temp file deleted from disk.
2026-08-31 16:47:03 [TestNG-test-Release 1.0 Testing for AE-3] INFO  [qa] [Test_AE5_TC08_Verify_Product_Search_Detail_Page_chrome_22] reporting.ReportManager - ✅ Attachment added to Allure: 🎬 Test Video — Test_AE5_TC08_Verify_Product_Search_Detail_Page
2026-08-31 16:47:03 [TestNG-test-Release 1.0 Testing for AE-3] INFO  [qa] [Test_AE5_TC08_Verify_Product_Search_Detail_Page_chrome_22] test.ae.ProductsTests - Video attached for: Test_AE5_TC08_Verify_Product_Search_Detail_Page
2026-08-31 16:47:03 [TestNG-test-Release 1.0 Testing for AE-3] INFO  [qa] [Test_AE5_TC08_Verify_Product_Search_Detail_Page_chrome_22] test.ae.ProductsTests - video temp file deleted from disk.
