2026-07-27 12:32:56 [TestNG-test-Release 1.0 Testing for AE-1] INFO  [qa] [Test_AE9_TC22_Verify_Add_Recommended_To_Cart_chrome_29] framework.listeners.TestListener - --- STARTING TEST : AddToCartTests#Test_AE9_TC22_Verify_Add_Recommended_To_Cart on chrome [thread-29] ---
2026-07-27 12:32:56 [TestNG-test-Release 1.0 Testing for AE-1] INFO  [qa] [Test_AE9_TC22_Verify_Add_Recommended_To_Cart_chrome_29] test.ae.AddToCartTests - Running:Step-1
2026-07-27 12:32:57 [TestNG-test-Release 1.0 Testing for AE-1] INFO  [qa] [Test_AE9_TC22_Verify_Add_Recommended_To_Cart_chrome_29] test.ae.AddToCartTests - Running:Step-2
2026-07-27 12:32:57 [TestNG-test-Release 1.0 Testing for AE-1] INFO  [qa] [Test_AE9_TC22_Verify_Add_Recommended_To_Cart_chrome_29] pages.ae.ProductsPage - Product 'Blue' is not active yet, clicking next attempt1/5...
2026-07-27 12:33:01 [TestNG-test-Release 1.0 Testing for AE-1] INFO  [qa] [Test_AE9_TC22_Verify_Add_Recommended_To_Cart_chrome_29] pages.ae.ProductsPage - Added recommended Product 'Blue' to cart.
2026-07-27 12:33:02 [TestNG-test-Release 1.0 Testing for AE-1] INFO  [qa] [Test_AE9_TC22_Verify_Add_Recommended_To_Cart_chrome_29] pages.ae.CartPage - 
---------------------------------------------------
Product Blue is Visible on Cart
----------------------------------------------------


2026-07-27 12:33:02 [TestNG-test-Release 1.0 Testing for AE-1] INFO  [qa] [Test_AE9_TC22_Verify_Add_Recommended_To_Cart_chrome_29] framework.listeners.TestListener - TEST PASSED: Test_AE9_TC22_Verify_Add_Recommended_To_Cart
2026-07-27 12:33:02 [TestNG-test-Release 1.0 Testing for AE-1] ERROR [qa] [Test_AE9_TC22_Verify_Add_Recommended_To_Cart_chrome_29] io.qameta.allure.AllureLifecycle - Could not add attachment: no test is running
2026-07-27 12:33:02 [TestNG-test-Release 1.0 Testing for AE-1] INFO  [qa] [Test_AE9_TC22_Verify_Add_Recommended_To_Cart_chrome_29] framework.listeners.TestListener - Screenshot attached: PASSED Screenshot:
2026-07-27 12:33:03 [TestNG-test-Release 1.0 Testing for AE-1] INFO  [qa] [Test_AE9_TC22_Verify_Add_Recommended_To_Cart_chrome_29] test.ae.AddToCartTests - Trace stopped for: Test_AE9_TC22_Verify_Add_Recommended_To_Cart
2026-07-27 12:33:03 [TestNG-test-Release 1.0 Testing for AE-1] INFO  [qa] [Test_AE9_TC22_Verify_Add_Recommended_To_Cart_chrome_29] framework.drivers.DriverManager - Browser closed successfully.
2026-07-27 12:33:03 [TestNG-test-Release 1.0 Testing for AE-1] INFO  [qa] [Test_AE9_TC22_Verify_Add_Recommended_To_Cart_chrome_29] test.ae.AddToCartTests - Driver shutdown successful.
2026-07-27 12:33:03 [TestNG-test-Release 1.0 Testing for AE-1] INFO  [qa] [Test_AE9_TC22_Verify_Add_Recommended_To_Cart_chrome_29] reporting.ReportManager - ✅ Attachment added to Allure: 🎭 Playwright Trace — Test_AE9_TC22_Verify_Add_Recommended_To_Cart
2026-07-27 12:33:03 [TestNG-test-Release 1.0 Testing for AE-1] INFO  [qa] [Test_AE9_TC22_Verify_Add_Recommended_To_Cart_chrome_29] test.ae.AddToCartTests - Trace attached for: Test_AE9_TC22_Verify_Add_Recommended_To_Cart
2026-07-27 12:33:03 [TestNG-test-Release 1.0 Testing for AE-1] INFO  [qa] [Test_AE9_TC22_Verify_Add_Recommended_To_Cart_chrome_29] test.ae.AddToCartTests - trace temp file deleted from disk.
2026-07-27 12:33:03 [TestNG-test-Release 1.0 Testing for AE-1] INFO  [qa] [Test_AE9_TC22_Verify_Add_Recommended_To_Cart_chrome_29] reporting.ReportManager - ✅ Attachment added to Allure: 🎬 Test Video — Test_AE9_TC22_Verify_Add_Recommended_To_Cart
2026-07-27 12:33:03 [TestNG-test-Release 1.0 Testing for AE-1] INFO  [qa] [Test_AE9_TC22_Verify_Add_Recommended_To_Cart_chrome_29] test.ae.AddToCartTests - Video attached for: Test_AE9_TC22_Verify_Add_Recommended_To_Cart
2026-07-27 12:33:03 [TestNG-test-Release 1.0 Testing for AE-1] INFO  [qa] [Test_AE9_TC22_Verify_Add_Recommended_To_Cart_chrome_29] test.ae.AddToCartTests - video temp file deleted from disk.
