2026-05-11 12:12:58 [TestNG-test-Release 1.0 Testing for AE-3] INFO  [qa] [Test_AE8_TC26_Verify_Home_Page_Scroll_Without_Arrow_chrome_22] framework.listeners.TestListener - --- STARTING TEST : HomeTests#Test_AE8_TC26_Verify_Home_Page_Scroll_Without_Arrow on chrome [thread-22] ---
2026-05-11 12:12:58 [TestNG-test-Release 1.0 Testing for AE-3] INFO  [qa] [Test_AE8_TC26_Verify_Home_Page_Scroll_Without_Arrow_chrome_22] test.ae.HomeTests - Running:Step-1
2026-05-11 12:13:00 [TestNG-test-Release 1.0 Testing for AE-3] INFO  [qa] [Test_AE8_TC26_Verify_Home_Page_Scroll_Without_Arrow_chrome_22] test.ae.HomeTests - Running:Step-2
2026-05-11 12:13:10 [TestNG-test-Release 1.0 Testing for AE-3] INFO  [qa] [Test_AE8_TC26_Verify_Home_Page_Scroll_Without_Arrow_chrome_22] framework.listeners.TestListener - TEST FAILED: Test_AE8_TC26_Verify_Home_Page_Scroll_Without_Arrow
2026-05-11 12:13:10 [TestNG-test-Release 1.0 Testing for AE-3] ERROR [qa] [Test_AE8_TC26_Verify_Home_Page_Scroll_Without_Arrow_chrome_22] framework.listeners.TestListener - Failure Reason: org.opentest4j.AssertionFailedError: Locator expected to be visible
Call log:
  - Assert "isVisible" with timeout 5000ms
  - waiting for getByText("Full-Fledged practice website for Automation Engineers").first()
    8 × locator resolved to <h2>Full-Fledged practice website for Automation Engi…</h2>
      - unexpected value "hidden"
2026-05-11 12:13:12 [TestNG-test-Release 1.0 Testing for AE-3] ERROR [qa] [Test_AE8_TC26_Verify_Home_Page_Scroll_Without_Arrow_chrome_22] io.qameta.allure.AllureLifecycle - Could not add attachment: no test is running
2026-05-11 12:13:12 [TestNG-test-Release 1.0 Testing for AE-3] ERROR [qa] [Test_AE8_TC26_Verify_Home_Page_Scroll_Without_Arrow_chrome_22] io.qameta.allure.AllureLifecycle - Could not start step: no test case running
2026-05-11 12:13:12 [TestNG-test-Release 1.0 Testing for AE-3] ERROR [qa] [Test_AE8_TC26_Verify_Home_Page_Scroll_Without_Arrow_chrome_22] io.qameta.allure.AllureLifecycle - Could not stop step: step with uuid 26f593fb-0b39-40d6-980e-99325bd3bc06 not found
2026-05-11 12:13:12 [TestNG-test-Release 1.0 Testing for AE-3] INFO  [qa] [Test_AE8_TC26_Verify_Home_Page_Scroll_Without_Arrow_chrome_22] framework.listeners.TestListener - Screenshot attached: FAILURE Screenshot:
2026-05-11 12:13:12 [TestNG-test-Release 1.0 Testing for AE-3] INFO  [qa] [Test_AE8_TC26_Verify_Home_Page_Scroll_Without_Arrow_chrome_22] test.ae.HomeTests - Trace stopped for: Test_AE8_TC26_Verify_Home_Page_Scroll_Without_Arrow
2026-05-11 12:13:15 [TestNG-test-Release 1.0 Testing for AE-3] INFO  [qa] [Test_AE8_TC26_Verify_Home_Page_Scroll_Without_Arrow_chrome_22] framework.drivers.DriverManager - Browser closed successfully.
2026-05-11 12:13:15 [TestNG-test-Release 1.0 Testing for AE-3] INFO  [qa] [Test_AE8_TC26_Verify_Home_Page_Scroll_Without_Arrow_chrome_22] test.ae.HomeTests - Driver shutdown successful.
2026-05-11 12:13:15 [TestNG-test-Release 1.0 Testing for AE-3] INFO  [qa] [Test_AE8_TC26_Verify_Home_Page_Scroll_Without_Arrow_chrome_22] reporting.ReportManager - ✅ Attachment added to Allure: 🎭 Playwright Trace — Test_AE8_TC26_Verify_Home_Page_Scroll_Without_Arrow
2026-05-11 12:13:15 [TestNG-test-Release 1.0 Testing for AE-3] INFO  [qa] [Test_AE8_TC26_Verify_Home_Page_Scroll_Without_Arrow_chrome_22] test.ae.HomeTests - Trace attached for: Test_AE8_TC26_Verify_Home_Page_Scroll_Without_Arrow
2026-05-11 12:13:15 [TestNG-test-Release 1.0 Testing for AE-3] INFO  [qa] [Test_AE8_TC26_Verify_Home_Page_Scroll_Without_Arrow_chrome_22] test.ae.HomeTests - trace temp file deleted from disk.
2026-05-11 12:13:15 [TestNG-test-Release 1.0 Testing for AE-3] INFO  [qa] [Test_AE8_TC26_Verify_Home_Page_Scroll_Without_Arrow_chrome_22] reporting.ReportManager - ✅ Attachment added to Allure: 🎬 Test Video — Test_AE8_TC26_Verify_Home_Page_Scroll_Without_Arrow
2026-05-11 12:13:15 [TestNG-test-Release 1.0 Testing for AE-3] INFO  [qa] [Test_AE8_TC26_Verify_Home_Page_Scroll_Without_Arrow_chrome_22] test.ae.HomeTests - Video attached for: Test_AE8_TC26_Verify_Home_Page_Scroll_Without_Arrow
2026-05-11 12:13:15 [TestNG-test-Release 1.0 Testing for AE-3] INFO  [qa] [Test_AE8_TC26_Verify_Home_Page_Scroll_Without_Arrow_chrome_22] test.ae.HomeTests - video temp file deleted from disk.
