2026-10-05 18:12:53 [TestNG-test-Release 1.0 Testing for AE-2] INFO  [qa] [Test_AE5_TC09_Verify_Product_Search_Lists_All_Relevant_Products_chrome_30] framework.listeners.TestListener - --- STARTING TEST : ProductsTests#Test_AE5_TC09_Verify_Product_Search_Lists_All_Relevant_Products on chrome [thread-30] ---
2026-10-05 18:12:53 [TestNG-test-Release 1.0 Testing for AE-2] INFO  [qa] [Test_AE5_TC09_Verify_Product_Search_Lists_All_Relevant_Products_chrome_30] test.ae.ProductsTests - Running:Step-1
2026-10-05 18:12:54 [TestNG-test-Release 1.0 Testing for AE-2] INFO  [qa] [Test_AE5_TC09_Verify_Product_Search_Lists_All_Relevant_Products_chrome_30] test.ae.ProductsTests - Running:Step-2
2026-10-05 18:12:56 [TestNG-test-Release 1.0 Testing for AE-2] INFO  [qa] [Test_AE5_TC09_Verify_Product_Search_Lists_All_Relevant_Products_chrome_30] pages.ae.HomePage - Navigating to Products
2026-10-05 18:12:57 [TestNG-test-Release 1.0 Testing for AE-2] INFO  [qa] [Test_AE5_TC09_Verify_Product_Search_Lists_All_Relevant_Products_chrome_30] test.ae.ProductsTests - Running:Step-3
2026-10-05 18:13:00 [TestNG-test-Release 1.0 Testing for AE-2] INFO  [qa] [Test_AE5_TC09_Verify_Product_Search_Lists_All_Relevant_Products_chrome_30] pages.ae.ProductsPage - The searched product - Green has found 3 matching products.
2026-10-05 18:13:00 [TestNG-test-Release 1.0 Testing for AE-2] INFO  [qa] [Test_AE5_TC09_Verify_Product_Search_Lists_All_Relevant_Products_chrome_30] pages.ae.ProductsPage - 
   Search List of Products
------------------------------
Fancy Green Top, Green Side Placket Detail T-Shirt, Pure Cotton Neon Green Tshirt
------------------------------

2026-10-05 18:13:00 [TestNG-test-Release 1.0 Testing for AE-2] INFO  [qa] [Test_AE5_TC09_Verify_Product_Search_Lists_All_Relevant_Products_chrome_30] framework.listeners.TestListener - TEST PASSED: Test_AE5_TC09_Verify_Product_Search_Lists_All_Relevant_Products
2026-10-05 18:13:01 [TestNG-test-Release 1.0 Testing for AE-2] ERROR [qa] [Test_AE5_TC09_Verify_Product_Search_Lists_All_Relevant_Products_chrome_30] io.qameta.allure.AllureLifecycle - Could not add attachment: no test is running
2026-10-05 18:13:01 [TestNG-test-Release 1.0 Testing for AE-2] INFO  [qa] [Test_AE5_TC09_Verify_Product_Search_Lists_All_Relevant_Products_chrome_30] framework.listeners.TestListener - Screenshot attached: PASSED Screenshot:
2026-10-05 18:13:02 [TestNG-test-Release 1.0 Testing for AE-2] INFO  [qa] [Test_AE5_TC09_Verify_Product_Search_Lists_All_Relevant_Products_chrome_30] test.ae.ProductsTests - Trace stopped for: Test_AE5_TC09_Verify_Product_Search_Lists_All_Relevant_Products
2026-10-05 18:13:03 [TestNG-test-Release 1.0 Testing for AE-2] INFO  [qa] [Test_AE5_TC09_Verify_Product_Search_Lists_All_Relevant_Products_chrome_30] framework.drivers.DriverManager - Browser closed successfully.
2026-10-05 18:13:03 [TestNG-test-Release 1.0 Testing for AE-2] INFO  [qa] [Test_AE5_TC09_Verify_Product_Search_Lists_All_Relevant_Products_chrome_30] test.ae.ProductsTests - Driver shutdown successful.
2026-10-05 18:13:03 [TestNG-test-Release 1.0 Testing for AE-2] INFO  [qa] [Test_AE5_TC09_Verify_Product_Search_Lists_All_Relevant_Products_chrome_30] reporting.ReportManager - ✅ Attachment added to Allure: 🎭 Playwright Trace — Test_AE5_TC09_Verify_Product_Search_Lists_All_Relevant_Products
2026-10-05 18:13:03 [TestNG-test-Release 1.0 Testing for AE-2] INFO  [qa] [Test_AE5_TC09_Verify_Product_Search_Lists_All_Relevant_Products_chrome_30] test.ae.ProductsTests - Trace attached for: Test_AE5_TC09_Verify_Product_Search_Lists_All_Relevant_Products
2026-10-05 18:13:03 [TestNG-test-Release 1.0 Testing for AE-2] INFO  [qa] [Test_AE5_TC09_Verify_Product_Search_Lists_All_Relevant_Products_chrome_30] test.ae.ProductsTests - trace temp file deleted from disk.
2026-10-05 18:13:03 [TestNG-test-Release 1.0 Testing for AE-2] INFO  [qa] [Test_AE5_TC09_Verify_Product_Search_Lists_All_Relevant_Products_chrome_30] reporting.ReportManager - ✅ Attachment added to Allure: 🎬 Test Video — Test_AE5_TC09_Verify_Product_Search_Lists_All_Relevant_Products
2026-10-05 18:13:03 [TestNG-test-Release 1.0 Testing for AE-2] INFO  [qa] [Test_AE5_TC09_Verify_Product_Search_Lists_All_Relevant_Products_chrome_30] test.ae.ProductsTests - Video attached for: Test_AE5_TC09_Verify_Product_Search_Lists_All_Relevant_Products
2026-10-05 18:13:03 [TestNG-test-Release 1.0 Testing for AE-2] INFO  [qa] [Test_AE5_TC09_Verify_Product_Search_Lists_All_Relevant_Products_chrome_30] test.ae.ProductsTests - video temp file deleted from disk.
