2026-07-06 12:53:58 [TestNG-test-Release 1.0 Testing for AE-4] INFO  [qa] [Test_AE3_TC06_Verify_Contact_Us_Form_Submission_Guest_User_chrome_32] framework.listeners.TestListener - --- STARTING TEST : ContactUsTests#Test_AE3_TC06_Verify_Contact_Us_Form_Submission_Guest_User on chrome [thread-32] ---
2026-07-06 12:53:58 [TestNG-test-Release 1.0 Testing for AE-4] INFO  [qa] [Test_AE3_TC06_Verify_Contact_Us_Form_Submission_Guest_User_chrome_32] test.ae.ContactUsTests - Running:Step-1
2026-07-06 12:54:01 [TestNG-test-Release 1.0 Testing for AE-4] INFO  [qa] [Test_AE3_TC06_Verify_Contact_Us_Form_Submission_Guest_User_chrome_32] test.ae.ContactUsTests - Running:Step-2
2026-07-06 12:54:03 [TestNG-test-Release 1.0 Testing for AE-4] INFO  [qa] [Test_AE3_TC06_Verify_Contact_Us_Form_Submission_Guest_User_chrome_32] pages.ae.HomePage - Navigating to Contact us
2026-07-06 12:54:04 [TestNG-test-Release 1.0 Testing for AE-4] INFO  [qa] [Test_AE3_TC06_Verify_Contact_Us_Form_Submission_Guest_User_chrome_32] test.ae.ContactUsTests - Running:Step-3
2026-07-06 12:54:07 [TestNG-test-Release 1.0 Testing for AE-4] ERROR [qa] [Test_AE3_TC06_Verify_Contact_Us_Form_Submission_Guest_User_chrome_32] io.qameta.allure.util.NamingUtils - Could not find parameter query
2026-07-06 12:54:09 [TestNG-test-Release 1.0 Testing for AE-4] INFO  [qa] [Test_AE3_TC06_Verify_Contact_Us_Form_Submission_Guest_User_chrome_32] pages.ae.ContactUsPage - Accepting the Dialog Alert: Press OK to proceed!
2026-07-06 12:54:11 [TestNG-test-Release 1.0 Testing for AE-4] INFO  [qa] [Test_AE3_TC06_Verify_Contact_Us_Form_Submission_Guest_User_chrome_32] test.ae.ContactUsTests - Running:Step-4
2026-07-06 12:54:14 [TestNG-test-Release 1.0 Testing for AE-4] INFO  [qa] [Test_AE3_TC06_Verify_Contact_Us_Form_Submission_Guest_User_chrome_32] framework.listeners.TestListener - TEST PASSED: Test_AE3_TC06_Verify_Contact_Us_Form_Submission_Guest_User
2026-07-06 12:54:16 [TestNG-test-Release 1.0 Testing for AE-4] ERROR [qa] [Test_AE3_TC06_Verify_Contact_Us_Form_Submission_Guest_User_chrome_32] io.qameta.allure.AllureLifecycle - Could not add attachment: no test is running
2026-07-06 12:54:16 [TestNG-test-Release 1.0 Testing for AE-4] INFO  [qa] [Test_AE3_TC06_Verify_Contact_Us_Form_Submission_Guest_User_chrome_32] framework.listeners.TestListener - Screenshot attached: PASSED Screenshot:
2026-07-06 12:54:18 [TestNG-test-Release 1.0 Testing for AE-4] INFO  [qa] [Test_AE3_TC06_Verify_Contact_Us_Form_Submission_Guest_User_chrome_32] test.ae.ContactUsTests - Trace stopped for: Test_AE3_TC06_Verify_Contact_Us_Form_Submission_Guest_User
2026-07-06 12:54:20 [TestNG-test-Release 1.0 Testing for AE-4] INFO  [qa] [Test_AE3_TC06_Verify_Contact_Us_Form_Submission_Guest_User_chrome_32] framework.drivers.DriverManager - Browser closed successfully.
2026-07-06 12:54:20 [TestNG-test-Release 1.0 Testing for AE-4] INFO  [qa] [Test_AE3_TC06_Verify_Contact_Us_Form_Submission_Guest_User_chrome_32] test.ae.ContactUsTests - Driver shutdown successful.
2026-07-06 12:54:20 [TestNG-test-Release 1.0 Testing for AE-4] INFO  [qa] [Test_AE3_TC06_Verify_Contact_Us_Form_Submission_Guest_User_chrome_32] reporting.ReportManager - ✅ Attachment added to Allure: 🎭 Playwright Trace — Test_AE3_TC06_Verify_Contact_Us_Form_Submission_Guest_User
2026-07-06 12:54:20 [TestNG-test-Release 1.0 Testing for AE-4] INFO  [qa] [Test_AE3_TC06_Verify_Contact_Us_Form_Submission_Guest_User_chrome_32] test.ae.ContactUsTests - Trace attached for: Test_AE3_TC06_Verify_Contact_Us_Form_Submission_Guest_User
2026-07-06 12:54:20 [TestNG-test-Release 1.0 Testing for AE-4] INFO  [qa] [Test_AE3_TC06_Verify_Contact_Us_Form_Submission_Guest_User_chrome_32] test.ae.ContactUsTests - trace temp file deleted from disk.
2026-07-06 12:54:20 [TestNG-test-Release 1.0 Testing for AE-4] INFO  [qa] [Test_AE3_TC06_Verify_Contact_Us_Form_Submission_Guest_User_chrome_32] reporting.ReportManager - ✅ Attachment added to Allure: 🎬 Test Video — Test_AE3_TC06_Verify_Contact_Us_Form_Submission_Guest_User
2026-07-06 12:54:20 [TestNG-test-Release 1.0 Testing for AE-4] INFO  [qa] [Test_AE3_TC06_Verify_Contact_Us_Form_Submission_Guest_User_chrome_32] test.ae.ContactUsTests - Video attached for: Test_AE3_TC06_Verify_Contact_Us_Form_Submission_Guest_User
2026-07-06 12:54:20 [TestNG-test-Release 1.0 Testing for AE-4] INFO  [qa] [Test_AE3_TC06_Verify_Contact_Us_Form_Submission_Guest_User_chrome_32] test.ae.ContactUsTests - video temp file deleted from disk.
