2026-08-24 09:49:18 [TestNG-test-Release 1.0 Testing for AE-1] INFO  [qa] [Test_AE10_TC14_Verify_Place_Order_For_Customer_Registered_On_Checkout_chrome_20] framework.listeners.TestListener - --- STARTING TEST : PlaceOrderTests#Test_AE10_TC14_Verify_Place_Order_For_Customer_Registered_On_Checkout on chrome [thread-20] ---
2026-08-24 09:49:18 [TestNG-test-Release 1.0 Testing for AE-1] INFO  [qa] [Test_AE10_TC14_Verify_Place_Order_For_Customer_Registered_On_Checkout_chrome_20] test.ae.PlaceOrderTests - Running:Step-1
2026-08-24 09:49:23 [TestNG-test-Release 1.0 Testing for AE-1] INFO  [qa] [Test_AE10_TC14_Verify_Place_Order_For_Customer_Registered_On_Checkout_chrome_20] framework.listeners.TestListener - TEST FAILED: Test_AE10_TC14_Verify_Place_Order_For_Customer_Registered_On_Checkout
2026-08-24 09:49:23 [TestNG-test-Release 1.0 Testing for AE-1] ERROR [qa] [Test_AE10_TC14_Verify_Place_Order_For_Customer_Registered_On_Checkout_chrome_20] framework.listeners.TestListener - Failure Reason: org.opentest4j.AssertionFailedError: Page title expected to match regex
Expected: Automation Exercise
Received: One moment, please...

Call log:
  - Assert "hasTitle" with timeout 5000ms
    9 × unexpected value "One moment, please..."
2026-08-24 09:49:23 [TestNG-test-Release 1.0 Testing for AE-1] ERROR [qa] [Test_AE10_TC14_Verify_Place_Order_For_Customer_Registered_On_Checkout_chrome_20] io.qameta.allure.AllureLifecycle - Could not add attachment: no test is running
2026-08-24 09:49:23 [TestNG-test-Release 1.0 Testing for AE-1] ERROR [qa] [Test_AE10_TC14_Verify_Place_Order_For_Customer_Registered_On_Checkout_chrome_20] io.qameta.allure.AllureLifecycle - Could not start step: no test case running
2026-08-24 09:49:23 [TestNG-test-Release 1.0 Testing for AE-1] ERROR [qa] [Test_AE10_TC14_Verify_Place_Order_For_Customer_Registered_On_Checkout_chrome_20] io.qameta.allure.AllureLifecycle - Could not stop step: step with uuid 296919be-2a8d-47de-88d5-b11b6268f96a not found
2026-08-24 09:49:23 [TestNG-test-Release 1.0 Testing for AE-1] INFO  [qa] [Test_AE10_TC14_Verify_Place_Order_For_Customer_Registered_On_Checkout_chrome_20] framework.listeners.TestListener - Screenshot attached: FAILURE Screenshot:
2026-08-24 09:49:23 [TestNG-test-Release 1.0 Testing for AE-1] INFO  [qa] [Test_AE10_TC14_Verify_Place_Order_For_Customer_Registered_On_Checkout_chrome_20] test.ae.PlaceOrderTests - Trace stopped for: Test_AE10_TC14_Verify_Place_Order_For_Customer_Registered_On_Checkout
2026-08-24 09:49:24 [TestNG-test-Release 1.0 Testing for AE-1] INFO  [qa] [Test_AE10_TC14_Verify_Place_Order_For_Customer_Registered_On_Checkout_chrome_20] framework.drivers.DriverManager - Browser closed successfully.
2026-08-24 09:49:24 [TestNG-test-Release 1.0 Testing for AE-1] INFO  [qa] [Test_AE10_TC14_Verify_Place_Order_For_Customer_Registered_On_Checkout_chrome_20] test.ae.PlaceOrderTests - Driver shutdown successful.
2026-08-24 09:49:24 [TestNG-test-Release 1.0 Testing for AE-1] INFO  [qa] [Test_AE10_TC14_Verify_Place_Order_For_Customer_Registered_On_Checkout_chrome_20] reporting.ReportManager - ✅ Attachment added to Allure: 🎭 Playwright Trace — Test_AE10_TC14_Verify_Place_Order_For_Customer_Registered_On_Checkout
2026-08-24 09:49:24 [TestNG-test-Release 1.0 Testing for AE-1] INFO  [qa] [Test_AE10_TC14_Verify_Place_Order_For_Customer_Registered_On_Checkout_chrome_20] test.ae.PlaceOrderTests - Trace attached for: Test_AE10_TC14_Verify_Place_Order_For_Customer_Registered_On_Checkout
2026-08-24 09:49:24 [TestNG-test-Release 1.0 Testing for AE-1] INFO  [qa] [Test_AE10_TC14_Verify_Place_Order_For_Customer_Registered_On_Checkout_chrome_20] test.ae.PlaceOrderTests - trace temp file deleted from disk.
2026-08-24 09:49:24 [TestNG-test-Release 1.0 Testing for AE-1] INFO  [qa] [Test_AE10_TC14_Verify_Place_Order_For_Customer_Registered_On_Checkout_chrome_20] reporting.ReportManager - ✅ Attachment added to Allure: 🎬 Test Video — Test_AE10_TC14_Verify_Place_Order_For_Customer_Registered_On_Checkout
2026-08-24 09:49:24 [TestNG-test-Release 1.0 Testing for AE-1] INFO  [qa] [Test_AE10_TC14_Verify_Place_Order_For_Customer_Registered_On_Checkout_chrome_20] test.ae.PlaceOrderTests - Video attached for: Test_AE10_TC14_Verify_Place_Order_For_Customer_Registered_On_Checkout
2026-08-24 09:49:24 [TestNG-test-Release 1.0 Testing for AE-1] INFO  [qa] [Test_AE10_TC14_Verify_Place_Order_For_Customer_Registered_On_Checkout_chrome_20] test.ae.PlaceOrderTests - video temp file deleted from disk.
