2026-06-08 13:09:45 [TestNG-test-Release 1.0 Testing for AE-2] INFO  [qa] [Test_AE9_TC17_Verify_Removal_From_Cart_chrome_21] framework.listeners.TestListener - --- STARTING TEST : AddToCartTests#Test_AE9_TC17_Verify_Removal_From_Cart on chrome [thread-21] ---
2026-06-08 13:09:45 [TestNG-test-Release 1.0 Testing for AE-2] INFO  [qa] [Test_AE9_TC17_Verify_Removal_From_Cart_chrome_21] test.ae.AddToCartTests - Running:Step-1
2026-06-08 13:09:47 [TestNG-test-Release 1.0 Testing for AE-2] INFO  [qa] [Test_AE9_TC17_Verify_Removal_From_Cart_chrome_21] test.ae.AddToCartTests - Running:Step-2
2026-06-08 13:10:07 [TestNG-test-Release 1.0 Testing for AE-2] INFO  [qa] [Test_AE9_TC17_Verify_Removal_From_Cart_chrome_21] test.ae.AddToCartTests - Running:Step-3
2026-06-08 13:10:08 [TestNG-test-Release 1.0 Testing for AE-2] INFO  [qa] [Test_AE9_TC17_Verify_Removal_From_Cart_chrome_21] pages.ae.HomePage - Navigating to Cart
2026-06-08 13:10:10 [TestNG-test-Release 1.0 Testing for AE-2] INFO  [qa] [Test_AE9_TC17_Verify_Removal_From_Cart_chrome_21] pages.ae.CartPage - 
---------------------------------------------------
Product Frozen is Not Visible on Cart
----------------------------------------------------


2026-06-08 13:10:10 [TestNG-test-Release 1.0 Testing for AE-2] INFO  [qa] [Test_AE9_TC17_Verify_Removal_From_Cart_chrome_21] test.ae.AddToCartTests - Running:Step-4
2026-06-08 13:10:10 [TestNG-test-Release 1.0 Testing for AE-2] INFO  [qa] [Test_AE9_TC17_Verify_Removal_From_Cart_chrome_21] pages.ae.CartPage - Total products in cart before deletion - 4
2026-06-08 13:10:15 [TestNG-test-Release 1.0 Testing for AE-2] INFO  [qa] [Test_AE9_TC17_Verify_Removal_From_Cart_chrome_21] pages.ae.CartPage - Total products in cart after deletion - 0
2026-06-08 13:10:15 [TestNG-test-Release 1.0 Testing for AE-2] INFO  [qa] [Test_AE9_TC17_Verify_Removal_From_Cart_chrome_21] framework.listeners.TestListener - TEST PASSED: Test_AE9_TC17_Verify_Removal_From_Cart
2026-06-08 13:10:15 [TestNG-test-Release 1.0 Testing for AE-2] ERROR [qa] [Test_AE9_TC17_Verify_Removal_From_Cart_chrome_21] io.qameta.allure.AllureLifecycle - Could not add attachment: no test is running
2026-06-08 13:10:15 [TestNG-test-Release 1.0 Testing for AE-2] INFO  [qa] [Test_AE9_TC17_Verify_Removal_From_Cart_chrome_21] framework.listeners.TestListener - Screenshot attached: PASSED Screenshot:
2026-06-08 13:10:16 [TestNG-test-Release 1.0 Testing for AE-2] INFO  [qa] [Test_AE9_TC17_Verify_Removal_From_Cart_chrome_21] test.ae.AddToCartTests - Trace stopped for: Test_AE9_TC17_Verify_Removal_From_Cart
2026-06-08 13:10:17 [TestNG-test-Release 1.0 Testing for AE-2] INFO  [qa] [Test_AE9_TC17_Verify_Removal_From_Cart_chrome_21] framework.drivers.DriverManager - Browser closed successfully.
2026-06-08 13:10:17 [TestNG-test-Release 1.0 Testing for AE-2] INFO  [qa] [Test_AE9_TC17_Verify_Removal_From_Cart_chrome_21] test.ae.AddToCartTests - Driver shutdown successful.
2026-06-08 13:10:17 [TestNG-test-Release 1.0 Testing for AE-2] INFO  [qa] [Test_AE9_TC17_Verify_Removal_From_Cart_chrome_21] reporting.ReportManager - ✅ Attachment added to Allure: 🎭 Playwright Trace — Test_AE9_TC17_Verify_Removal_From_Cart
2026-06-08 13:10:17 [TestNG-test-Release 1.0 Testing for AE-2] INFO  [qa] [Test_AE9_TC17_Verify_Removal_From_Cart_chrome_21] test.ae.AddToCartTests - Trace attached for: Test_AE9_TC17_Verify_Removal_From_Cart
2026-06-08 13:10:17 [TestNG-test-Release 1.0 Testing for AE-2] INFO  [qa] [Test_AE9_TC17_Verify_Removal_From_Cart_chrome_21] test.ae.AddToCartTests - trace temp file deleted from disk.
2026-06-08 13:10:17 [TestNG-test-Release 1.0 Testing for AE-2] INFO  [qa] [Test_AE9_TC17_Verify_Removal_From_Cart_chrome_21] reporting.ReportManager - ✅ Attachment added to Allure: 🎬 Test Video — Test_AE9_TC17_Verify_Removal_From_Cart
2026-06-08 13:10:17 [TestNG-test-Release 1.0 Testing for AE-2] INFO  [qa] [Test_AE9_TC17_Verify_Removal_From_Cart_chrome_21] test.ae.AddToCartTests - Video attached for: Test_AE9_TC17_Verify_Removal_From_Cart
2026-06-08 13:10:17 [TestNG-test-Release 1.0 Testing for AE-2] INFO  [qa] [Test_AE9_TC17_Verify_Removal_From_Cart_chrome_21] test.ae.AddToCartTests - video temp file deleted from disk.
