2026-05-25 12:35:33 [TestNG-test-Release 1.0 Testing for AE-2] INFO  [qa] [Test_AE9_TC22_Verify_Add_Recommended_To_Cart_chrome_21] framework.listeners.TestListener - --- STARTING TEST : AddToCartTests#Test_AE9_TC22_Verify_Add_Recommended_To_Cart on chrome [thread-21] ---
2026-05-25 12:35:33 [TestNG-test-Release 1.0 Testing for AE-2] INFO  [qa] [Test_AE9_TC22_Verify_Add_Recommended_To_Cart_chrome_21] test.ae.AddToCartTests - Running:Step-1
2026-05-25 12:35:35 [TestNG-test-Release 1.0 Testing for AE-2] INFO  [qa] [Test_AE9_TC22_Verify_Add_Recommended_To_Cart_chrome_21] test.ae.AddToCartTests - Running:Step-2
2026-05-25 12:35:35 [TestNG-test-Release 1.0 Testing for AE-2] INFO  [qa] [Test_AE9_TC22_Verify_Add_Recommended_To_Cart_chrome_21] pages.ae.ProductsPage - Product 'Blue' is not active yet, clicking next attempt1/5...
2026-05-25 12:35:38 [TestNG-test-Release 1.0 Testing for AE-2] INFO  [qa] [Test_AE9_TC22_Verify_Add_Recommended_To_Cart_chrome_21] pages.ae.ProductsPage - Added recommended Product 'Blue' to cart.
2026-05-25 12:35:40 [TestNG-test-Release 1.0 Testing for AE-2] INFO  [qa] [Test_AE9_TC22_Verify_Add_Recommended_To_Cart_chrome_21] pages.ae.CartPage - 
---------------------------------------------------
Product Blue is Visible on Cart
----------------------------------------------------


2026-05-25 12:35:40 [TestNG-test-Release 1.0 Testing for AE-2] INFO  [qa] [Test_AE9_TC22_Verify_Add_Recommended_To_Cart_chrome_21] framework.listeners.TestListener - TEST PASSED: Test_AE9_TC22_Verify_Add_Recommended_To_Cart
2026-05-25 12:35:40 [TestNG-test-Release 1.0 Testing for AE-2] ERROR [qa] [Test_AE9_TC22_Verify_Add_Recommended_To_Cart_chrome_21] io.qameta.allure.AllureLifecycle - Could not add attachment: no test is running
2026-05-25 12:35:40 [TestNG-test-Release 1.0 Testing for AE-2] INFO  [qa] [Test_AE9_TC22_Verify_Add_Recommended_To_Cart_chrome_21] framework.listeners.TestListener - Screenshot attached: PASSED Screenshot:
2026-05-25 12:35:40 [TestNG-test-Release 1.0 Testing for AE-2] INFO  [qa] [Test_AE9_TC22_Verify_Add_Recommended_To_Cart_chrome_21] test.ae.AddToCartTests - Trace stopped for: Test_AE9_TC22_Verify_Add_Recommended_To_Cart
2026-05-25 12:35:41 [TestNG-test-Release 1.0 Testing for AE-2] INFO  [qa] [Test_AE9_TC22_Verify_Add_Recommended_To_Cart_chrome_21] framework.drivers.DriverManager - Browser closed successfully.
2026-05-25 12:35:41 [TestNG-test-Release 1.0 Testing for AE-2] INFO  [qa] [Test_AE9_TC22_Verify_Add_Recommended_To_Cart_chrome_21] test.ae.AddToCartTests - Driver shutdown successful.
2026-05-25 12:35:41 [TestNG-test-Release 1.0 Testing for AE-2] INFO  [qa] [Test_AE9_TC22_Verify_Add_Recommended_To_Cart_chrome_21] reporting.ReportManager - ✅ Attachment added to Allure: 🎭 Playwright Trace — Test_AE9_TC22_Verify_Add_Recommended_To_Cart
2026-05-25 12:35:41 [TestNG-test-Release 1.0 Testing for AE-2] INFO  [qa] [Test_AE9_TC22_Verify_Add_Recommended_To_Cart_chrome_21] test.ae.AddToCartTests - Trace attached for: Test_AE9_TC22_Verify_Add_Recommended_To_Cart
2026-05-25 12:35:41 [TestNG-test-Release 1.0 Testing for AE-2] INFO  [qa] [Test_AE9_TC22_Verify_Add_Recommended_To_Cart_chrome_21] test.ae.AddToCartTests - trace temp file deleted from disk.
2026-05-25 12:35:41 [TestNG-test-Release 1.0 Testing for AE-2] INFO  [qa] [Test_AE9_TC22_Verify_Add_Recommended_To_Cart_chrome_21] reporting.ReportManager - ✅ Attachment added to Allure: 🎬 Test Video — Test_AE9_TC22_Verify_Add_Recommended_To_Cart
2026-05-25 12:35:41 [TestNG-test-Release 1.0 Testing for AE-2] INFO  [qa] [Test_AE9_TC22_Verify_Add_Recommended_To_Cart_chrome_21] test.ae.AddToCartTests - Video attached for: Test_AE9_TC22_Verify_Add_Recommended_To_Cart
2026-05-25 12:35:41 [TestNG-test-Release 1.0 Testing for AE-2] INFO  [qa] [Test_AE9_TC22_Verify_Add_Recommended_To_Cart_chrome_21] test.ae.AddToCartTests - video temp file deleted from disk.
